###env.sh in /root/PyQCU is sourcing...:2026-08-30-16-08-41###
###env.sh in /root/PyQCU is done......:2026-08-30-16-08-41###
/usr/local/lib/python3.10/dist-packages/torch/cuda/__init__.py:435: UserWarning: 
    Found GPU1 Tesla P100-PCIE-16GB which is of cuda capability 6.0.
    Minimum and Maximum cuda capability supported by this version of PyTorch is
    (7.0) - (12.0)
    
  queued_call()
/usr/local/lib/python3.10/dist-packages/torch/cuda/__init__.py:435: UserWarning: 
    Please install PyTorch with a following CUDA
    configurations:  12.6 following instructions at
    https://pytorch.org/get-started/locally/
    
  queued_call()
/usr/local/lib/python3.10/dist-packages/torch/cuda/__init__.py:435: UserWarning: 
    Found GPU1 Tesla P100-PCIE-16GB which is of cuda capability 6.0.
    Minimum and Maximum cuda capability supported by this version of PyTorch is
    (7.0) - (12.0)
    
  queued_call()
/usr/local/lib/python3.10/dist-packages/torch/cuda/__init__.py:435: UserWarning: 
    Please install PyTorch with a following CUDA
    configurations:  12.6 following instructions at
    https://pytorch.org/get-started/locally/
    
  queued_call()
/usr/local/lib/python3.10/dist-packages/torch/cuda/__init__.py:435: UserWarning: 
    Found GPU2 Tesla P100-PCIE-16GB which is of cuda capability 6.0.
    Minimum and Maximum cuda capability supported by this version of PyTorch is
    (7.0) - (12.0)
    
  queued_call()
/usr/local/lib/python3.10/dist-packages/torch/cuda/__init__.py:435: UserWarning: 
    Found GPU2 Tesla P100-PCIE-16GB which is of cuda capability 6.0.
    Minimum and Maximum cuda capability supported by this version of PyTorch is
    (7.0) - (12.0)
    
  queued_call()
/usr/local/lib/python3.10/dist-packages/torch/cuda/__init__.py:435: UserWarning: 
Tesla P100-PCIE-16GB with CUDA capability sm_60 is not compatible with the current PyTorch installation.
The current PyTorch install supports CUDA capabilities sm_70 sm_75 sm_80 sm_86 sm_90 sm_100 sm_120.
If you want to use the Tesla P100-PCIE-16GB GPU with PyTorch, please check the instructions at https://pytorch.org/get-started/locally/

  queued_call()
/usr/local/lib/python3.10/dist-packages/torch/cuda/__init__.py:435: UserWarning: 
Tesla P100-PCIE-16GB with CUDA capability sm_60 is not compatible with the current PyTorch installation.
The current PyTorch install supports CUDA capabilities sm_70 sm_75 sm_80 sm_86 sm_90 sm_100 sm_120.
If you want to use the Tesla P100-PCIE-16GB GPU with PyTorch, please check the instructions at https://pytorch.org/get-started/locally/

  queued_call()
set_ptr:0x58c0b0495f00
set_ptrs:0x58c0b045ee80
long long set_ptr:97584614563584
set_ptr:0x6303550ff330
set_ptrs:0x6303550c7fc0
long long set_ptr:108865963160368
gridDim.x                                    :16
blockDim.x                                   :128
host_params[_LAT_X_]                         :8
host_params[_LAT_Y_]                         :8
host_params[_LAT_Z_]                         :8
host_params[_LAT_T_]                         :4
host_params[_LAT_XYZT_]                      :2048
host_params[_GRID_X_]                        :1
host_params[_GRID_Y_]                        :1
host_params[_GRID_Z_]                        :1
host_params[_GRID_T_]                        :2
host_params[_PARITY_]                        :0
host_params[_NODE_RANK_]                     :1
host_params[_NODE_SIZE_]                     :2
host_params[_DAGGER_]                        :0
host_params[_MAX_ITER_]                      :1000
host_params[_DATA_TYPE_]                     :2
host_params[_SET_INDEX_]                     :0
host_params[_SET_PLAN_]                      :2
host_params[_MG_NUM_LEVEL_]                  :0
host_params[_MG_LEVEL_INDEX_]                :0
host_params[_MG_LEVEL1_E_]                   :0
host_params[_MG_LEVEL1_X_]                   :0
host_params[_MG_LEVEL1_Y_]                   :0
host_params[_MG_LEVEL1_Z_]                   :0
host_params[_MG_LEVEL1_T_]                   :0
host_params[_MG_LEVEL1_MAX_ITER_]            :0
host_params[_MG_LEVEL1_DATA_TYPE_]           :0
host_params[_MG_LEVEL1_NUM_RESTART_]         :0
host_params[_MG_LEVEL2_E_]                   :0
host_params[_MG_LEVEL2_X_]                   :0
host_params[_MG_LEVEL2_Y_]                   :0
host_params[_MG_LEVEL2_Z_]                   :0
host_params[_MG_LEVEL2_T_]                   :0
host_params[_MG_LEVEL2_MAX_ITER_]            :0
host_params[_MG_LEVEL2_DATA_TYPE_]           :0
host_params[_MG_LEVEL2_NUM_RESTART_]         :0
host_params[_MG_LEVEL3_E_]                   :0
host_params[_MG_LEVEL3_X_]                   :0
host_params[_MG_LEVEL3_Y_]                   :0
host_params[_MG_LEVEL3_Z_]                   :0
host_params[_MG_LEVEL3_T_]                   :0
host_params[_MG_LEVEL3_MAX_ITER_]            :0
host_params[_MG_LEVEL3_DATA_TYPE_]           :0
host_params[_MG_LEVEL3_NUM_RESTART_]         :0
host_params[_MG_LEVEL4_E_]                   :0
host_params[_MG_LEVEL4_X_]                   :0
host_params[_MG_LEVEL4_Y_]                   :0
host_params[_MG_LEVEL4_Z_]                   :0
host_params[_MG_LEVEL4_T_]                   :0
host_params[_MG_LEVEL4_MAX_ITER_]            :0
host_params[_MG_LEVEL4_DATA_TYPE_]           :0
host_params[_MG_LEVEL4_NUM_RESTART_]         :0
host_params[_MG_PARAMS_SIZE_]                :2
host_params[_VERBOSE_]                       :1
host_params[_SEED_]                          :42
host_params[_TEST_IN_CPU_]                   :0
host_argv[_MASS_]                            :5.000000e-02
host_argv[_ATOL_]                            :1.000000e-09
host_argv[_SIGMA_]                           :1.000000e-01
host_argv[_MG_LEVEL1_ATOL_]                  :0.000000e+00
host_argv[_MG_LEVEL2_ATOL_]                  :0.000000e+00
host_argv[_MG_LEVEL3_ATOL_]                  :0.000000e+00
host_argv[_MG_LEVEL4_ATOL_]                  :0.000000e+00
lat_2dim[_XY_]                               :64
lat_2dim[_XZ_]                               :64
lat_2dim[_XT_]                               :32
lat_2dim[_YZ_]                               :64
lat_2dim[_YT_]                               :32
lat_2dim[_ZT_]                               :32
lat_3dim[_YZT_]                              :256
lat_3dim[_XZT_]                              :256
lat_3dim[_XYT_]                              :256
lat_3dim[_XYZ_]                              :512
lat_4dim                                     :2048
grid_1dim[_X_]                               :1
grid_1dim[_Y_]                               :1
grid_1dim[_Z_]                               :1
grid_1dim[_T_]                               :2
grid_2dim[_XY_]                              :1
grid_2dim[_XZ_]                              :1
grid_2dim[_XT_]                              :2
grid_2dim[_YZ_]                              :1
grid_2dim[_YT_]                              :2
grid_2dim[_ZT_]                              :2
grid_3dim[_YZT_]                             :2
grid_3dim[_XZT_]                             :2
grid_3dim[_XYT_]                             :2
grid_3dim[_XYZ_]                             :1
grid_index_1dim[_X_]                         :0
grid_index_1dim[_Y_]                         :0
grid_index_1dim[_Z_]                         :0
grid_index_1dim[_T_]                         :1
move_wards[_B_X_]                            :1
move_wards[_B_Y_]                            :1
move_wards[_B_Z_]                            :1
move_wards[_B_T_]                            :0
move_wards[_F_X_]                            :1
move_wards[_F_Y_]                            :1
move_wards[_F_Z_]                            :1
move_wards[_F_T_]                            :0
move_wards[_BX_BY_]                          :1
move_wards[_BX_BZ_]                          :1
move_wards[_BX_BT_]                          :0
move_wards[_BY_BZ_]                          :1
move_wards[_BY_BT_]                          :0
move_wards[_BZ_BT_]                          :0
move_wards[_FX_BY_]                          :1
move_wards[_FX_BZ_]                          :1
move_wards[_FX_BT_]                          :0
move_wards[_FY_BZ_]                          :1
move_wards[_FY_BT_]                          :0
move_wards[_FZ_BT_]                          :0
move_wards[_BX_FY_]                          :1
move_wards[_BX_FZ_]                          :1
move_wards[_BX_FT_]                          :0
move_wards[_BY_FZ_]                          :1
move_wards[_BY_FT_]                          :0
move_wards[_BZ_FT_]                          :0
move_wards[_FX_FY_]                          :1
move_wards[_FX_FZ_]                          :1
move_wards[_FX_FT_]                          :0
move_wards[_FY_FZ_]                          :1
move_wards[_FY_FT_]                          :0
move_wards[_FZ_FT_]                          :0
lattice set init total time:0.055533760 sec
gridDim.x                                    :16
blockDim.x                                   :128
host_params[_LAT_X_]                         :8
host_params[_LAT_Y_]                         :8
host_params[_LAT_Z_]                         :8
host_params[_LAT_T_]                         :4
host_params[_LAT_XYZT_]                      :2048
host_params[_GRID_X_]                        :1
host_params[_GRID_Y_]                        :1
host_params[_GRID_Z_]                        :1
host_params[_GRID_T_]                        :2
host_params[_PARITY_]                        :0
host_params[_NODE_RANK_]                     :0
host_params[_NODE_SIZE_]                     :2
host_params[_DAGGER_]                        :0
host_params[_MAX_ITER_]                      :1000
host_params[_DATA_TYPE_]                     :2
host_params[_SET_INDEX_]                     :0
host_params[_SET_PLAN_]                      :2
host_params[_MG_NUM_LEVEL_]                  :0
host_params[_MG_LEVEL_INDEX_]                :0
host_params[_MG_LEVEL1_E_]                   :0
host_params[_MG_LEVEL1_X_]                   :0
host_params[_MG_LEVEL1_Y_]                   :0
host_params[_MG_LEVEL1_Z_]                   :0
host_params[_MG_LEVEL1_T_]                   :0
host_params[_MG_LEVEL1_MAX_ITER_]            :0
host_params[_MG_LEVEL1_DATA_TYPE_]           :0
host_params[_MG_LEVEL1_NUM_RESTART_]         :0
host_params[_MG_LEVEL2_E_]                   :0
host_params[_MG_LEVEL2_X_]                   :0
host_params[_MG_LEVEL2_Y_]                   :0
host_params[_MG_LEVEL2_Z_]                   :0
host_params[_MG_LEVEL2_T_]                   :0
host_params[_MG_LEVEL2_MAX_ITER_]            :0
host_params[_MG_LEVEL2_DATA_TYPE_]           :0
host_params[_MG_LEVEL2_NUM_RESTART_]         :0
host_params[_MG_LEVEL3_E_]                   :0
host_params[_MG_LEVEL3_X_]                   :0
host_params[_MG_LEVEL3_Y_]                   :0
host_params[_MG_LEVEL3_Z_]                   :0
host_params[_MG_LEVEL3_T_]                   :0
host_params[_MG_LEVEL3_MAX_ITER_]            :0
host_params[_MG_LEVEL3_DATA_TYPE_]           :0
host_params[_MG_LEVEL3_NUM_RESTART_]         :0
host_params[_MG_LEVEL4_E_]                   :0
host_params[_MG_LEVEL4_X_]                   :0
host_params[_MG_LEVEL4_Y_]                   :0
host_params[_MG_LEVEL4_Z_]                   :0
host_params[_MG_LEVEL4_T_]                   :0
host_params[_MG_LEVEL4_MAX_ITER_]            :0
host_params[_MG_LEVEL4_DATA_TYPE_]           :0
host_params[_MG_LEVEL4_NUM_RESTART_]         :0
host_params[_MG_PARAMS_SIZE_]                :2
host_params[_VERBOSE_]                       :1
host_params[_SEED_]                          :42
host_params[_TEST_IN_CPU_]                   :0
host_argv[_MASS_]                            :5.000000e-02
host_argv[_ATOL_]                            :1.000000e-09
host_argv[_SIGMA_]                           :1.000000e-01
host_argv[_MG_LEVEL1_ATOL_]                  :0.000000e+00
host_argv[_MG_LEVEL2_ATOL_]                  :0.000000e+00
host_argv[_MG_LEVEL3_ATOL_]                  :0.000000e+00
host_argv[_MG_LEVEL4_ATOL_]                  :0.000000e+00
lat_2dim[_XY_]                               :64
lat_2dim[_XZ_]                               :64
lat_2dim[_XT_]                               :32
lat_2dim[_YZ_]                               :64
lat_2dim[_YT_]                               :32
lat_2dim[_ZT_]                               :32
lat_3dim[_YZT_]                              :256
lat_3dim[_XZT_]                              :256
lat_3dim[_XYT_]                              :256
lat_3dim[_XYZ_]                              :512
lat_4dim                                     :2048
grid_1dim[_X_]                               :1
grid_1dim[_Y_]                               :1
grid_1dim[_Z_]                               :1
grid_1dim[_T_]                               :2
grid_2dim[_XY_]                              :1
grid_2dim[_XZ_]                              :1
grid_2dim[_XT_]                              :2
grid_2dim[_YZ_]                              :1
grid_2dim[_YT_]                              :2
grid_2dim[_ZT_]                              :2
grid_3dim[_YZT_]                             :2
grid_3dim[_XZT_]                             :2
grid_3dim[_XYT_]                             :2
grid_3dim[_XYZ_]                             :1
grid_index_1dim[_X_]                         :0
grid_index_1dim[_Y_]                         :0
grid_index_1dim[_Z_]                         :0
grid_index_1dim[_T_]                         :0
move_wards[_B_X_]                            :0
move_wards[_B_Y_]                            :0
move_wards[_B_Z_]                            :0
move_wards[_B_T_]                            :1
move_wards[_F_X_]                            :0
move_wards[_F_Y_]                            :0
move_wards[_F_Z_]                            :0
move_wards[_F_T_]                            :1
move_wards[_BX_BY_]                          :0
move_wards[_BX_BZ_]                          :0
move_wards[_BX_BT_]                          :1
move_wards[_BY_BZ_]                          :0
move_wards[_BY_BT_]                          :1
move_wards[_BZ_BT_]                          :1
move_wards[_FX_BY_]                          :0
move_wards[_FX_BZ_]                          :0
move_wards[_FX_BT_]                          :1
move_wards[_FY_BZ_]                          :0
move_wards[_FY_BT_]                          :1
move_wards[_FZ_BT_]                          :1
move_wards[_BX_FY_]                          :0
move_wards[_BX_FZ_]                          :0
move_wards[_BX_FT_]                          :1
move_wards[_BY_FZ_]                          :0
move_wards[_BY_FT_]                          :1
move_wards[_BZ_FT_]                          :1
move_wards[_FX_FY_]                          :0
move_wards[_FX_FZ_]                          :0
move_wards[_FX_FT_]                          :1
move_wards[_FY_FZ_]                          :0
move_wards[_FY_FT_]                          :1
move_wards[_FZ_FT_]                          :1
lattice set init total time:0.053080739 sec
make clover total time: (without malloc free memcpy) :0.041911583 sec
make clover total time: (without malloc free memcpy) :0.040184397 sec
 inverse clover total time: (without malloc free memcpy) :0.042922134 sec
 set_ptr:0x630355a67a00
set_ptrs:0x6303550c7fc0
long long set_ptr:108865973025280
 inverse clover total time: (without malloc free memcpy) :0.045143944 sec
 set_ptr:0x58c0b0dfde70
set_ptrs:0x58c0b045ee80
long long set_ptr:97584624426608
gridDim.x                                    :16
blockDim.x                                   :128
host_params[_LAT_X_]                         :8
host_params[_LAT_Y_]                         :8
host_params[_LAT_Z_]                         :8
host_params[_LAT_T_]                         :4
host_params[_LAT_XYZT_]                      :2048
host_params[_GRID_X_]                        :1
host_params[_GRID_Y_]                        :1
host_params[_GRID_Z_]                        :1
host_params[_GRID_T_]                        :2
host_params[_PARITY_]                        :1
host_params[_NODE_RANK_]                     :0
host_params[_NODE_SIZE_]                     :2
host_params[_DAGGER_]                        :0
host_params[_MAX_ITER_]                      :1000
host_params[_DATA_TYPE_]                     :2
host_params[_SET_INDEX_]                     :1
host_params[_SET_PLAN_]                      :2
host_params[_MG_NUM_LEVEL_]                  :0
host_params[_MG_LEVEL_INDEX_]                :0
host_params[_MG_LEVEL1_E_]                   :0
host_params[_MG_LEVEL1_X_]                   :0
host_params[_MG_LEVEL1_Y_]                   :0
host_params[_MG_LEVEL1_Z_]                   :0
host_params[_MG_LEVEL1_T_]                   :0
host_params[_MG_LEVEL1_MAX_ITER_]            :0
host_params[_MG_LEVEL1_DATA_TYPE_]           :0
host_params[_MG_LEVEL1_NUM_RESTART_]         :0
host_params[_MG_LEVEL2_E_]                   :0
host_params[_MG_LEVEL2_X_]                   :0
host_params[_MG_LEVEL2_Y_]                   :0
host_params[_MG_LEVEL2_Z_]                   :0
host_params[_MG_LEVEL2_T_]                   :0
host_params[_MG_LEVEL2_MAX_ITER_]            :0
host_params[_MG_LEVEL2_DATA_TYPE_]           :0
host_params[_MG_LEVEL2_NUM_RESTART_]         :0
host_params[_MG_LEVEL3_E_]                   :0
host_params[_MG_LEVEL3_X_]                   :0
host_params[_MG_LEVEL3_Y_]                   :0
host_params[_MG_LEVEL3_Z_]                   :0
host_params[_MG_LEVEL3_T_]                   :0
host_params[_MG_LEVEL3_MAX_ITER_]            :0
host_params[_MG_LEVEL3_DATA_TYPE_]           :0
host_params[_MG_LEVEL3_NUM_RESTART_]         :0
host_params[_MG_LEVEL4_E_]                   :0
host_params[_MG_LEVEL4_X_]                   :0
host_params[_MG_LEVEL4_Y_]                   :0
host_params[_MG_LEVEL4_Z_]                   :0
host_params[_MG_LEVEL4_T_]                   :0
host_params[_MG_LEVEL4_MAX_ITER_]            :0
host_params[_MG_LEVEL4_DATA_TYPE_]           :0
host_params[_MG_LEVEL4_NUM_RESTART_]         :0
host_params[_MG_PARAMS_SIZE_]                :2
host_params[_VERBOSE_]                       :1
host_params[_SEED_]                          :42
host_params[_TEST_IN_CPU_]                   :0
host_argv[_MASS_]                            :5.000000e-02
host_argv[_ATOL_]                            :1.000000e-09
host_argv[_SIGMA_]                           :1.000000e-01
host_argv[_MG_LEVEL1_ATOL_]                  :0.000000e+00
host_argv[_MG_LEVEL2_ATOL_]                  :0.000000e+00
host_argv[_MG_LEVEL3_ATOL_]                  :0.000000e+00
host_argv[_MG_LEVEL4_ATOL_]                  :0.000000e+00
lat_2dim[_XY_]                               :64
lat_2dim[_XZ_]                               :64
lat_2dim[_XT_]                               :32
lat_2dim[_YZ_]                               :64
lat_2dim[_YT_]                               :32
lat_2dim[_ZT_]                               :32
lat_3dim[_YZT_]                              :256
lat_3dim[_XZT_]                              :256
lat_3dim[_XYT_]                              :256
lat_3dim[_XYZ_]                              :512
lat_4dim                                     :2048
grid_1dim[_X_]                               :1
grid_1dim[_Y_]                               :1
grid_1dim[_Z_]                               :1
grid_1dim[_T_]                               :2
grid_2dim[_XY_]                              :1
grid_2dim[_XZ_]                              :1
grid_2dim[_XT_]                              :2
grid_2dim[_YZ_]                              :1
grid_2dim[_YT_]                              :2
grid_2dim[_ZT_]                              :2
grid_3dim[_YZT_]                             :2
grid_3dim[_XZT_]                             :2
grid_3dim[_XYT_]                             :2
grid_3dim[_XYZ_]                             :1
grid_index_1dim[_X_]                         :0
grid_index_1dim[_Y_]                         :0
grid_index_1dim[_Z_]                         :0
grid_index_1dim[_T_]                         :0
move_wards[_B_X_]                            :0
move_wards[_B_Y_]                            :0
move_wards[_B_Z_]                            :0
move_wards[_B_T_]                            :1
move_wards[_F_X_]                            :0
move_wards[_F_Y_]                            :0
move_wards[_F_Z_]                            :0
move_wards[_F_T_]                            :1
move_wards[_BX_BY_]                          :0
move_wards[_BX_BZ_]                          :0
move_wards[_BX_BT_]                          :1
move_wards[_BY_BZ_]                          :0
move_wards[_BY_BT_]                          :1
move_wards[_BZ_BT_]                          :1
move_wards[_FX_BY_]                          :0
move_wards[_FX_BZ_]                          :0
move_wards[_FX_BT_]                          :1
move_wards[_FY_BZ_]                          :0
move_wards[_FY_BT_]                          :1
move_wards[_FZ_BT_]                          :1
move_wards[_BX_FY_]                          :0
move_wards[_BX_FZ_]                          :0
move_wards[_BX_FT_]                          :1
move_wards[_BY_FZ_]                          :0
move_wards[_BY_FT_]                          :1
move_wards[_BZ_FT_]                          :1
move_wards[_FX_FY_]                          :0
move_wards[_FX_FZ_]                          :0
move_wards[_FX_FT_]                          :1
move_wards[_FY_FZ_]                          :0
move_wards[_FY_FT_]                          :1
move_wards[_FZ_FT_]                          :1
lattice set init total time:0.005946595 sec
gridDim.x                                    :16
blockDim.x                                   :128
host_params[_LAT_X_]                         :8
host_params[_LAT_Y_]                         :8
host_params[_LAT_Z_]                         :8
host_params[_LAT_T_]                         :4
host_params[_LAT_XYZT_]                      :2048
host_params[_GRID_X_]                        :1
host_params[_GRID_Y_]                        :1
host_params[_GRID_Z_]                        :1
host_params[_GRID_T_]                        :2
host_params[_PARITY_]                        :1
host_params[_NODE_RANK_]                     :1
host_params[_NODE_SIZE_]                     :2
host_params[_DAGGER_]                        :0
host_params[_MAX_ITER_]                      :1000
host_params[_DATA_TYPE_]                     :2
host_params[_SET_INDEX_]                     :1
host_params[_SET_PLAN_]                      :2
host_params[_MG_NUM_LEVEL_]                  :0
host_params[_MG_LEVEL_INDEX_]                :0
host_params[_MG_LEVEL1_E_]                   :0
host_params[_MG_LEVEL1_X_]                   :0
host_params[_MG_LEVEL1_Y_]                   :0
host_params[_MG_LEVEL1_Z_]                   :0
host_params[_MG_LEVEL1_T_]                   :0
host_params[_MG_LEVEL1_MAX_ITER_]            :0
host_params[_MG_LEVEL1_DATA_TYPE_]           :0
host_params[_MG_LEVEL1_NUM_RESTART_]         :0
host_params[_MG_LEVEL2_E_]                   :0
host_params[_MG_LEVEL2_X_]                   :0
host_params[_MG_LEVEL2_Y_]                   :0
host_params[_MG_LEVEL2_Z_]                   :0
host_params[_MG_LEVEL2_T_]                   :0
host_params[_MG_LEVEL2_MAX_ITER_]            :0
host_params[_MG_LEVEL2_DATA_TYPE_]           :0
host_params[_MG_LEVEL2_NUM_RESTART_]         :0
host_params[_MG_LEVEL3_E_]                   :0
host_params[_MG_LEVEL3_X_]                   :0
host_params[_MG_LEVEL3_Y_]                   :0
host_params[_MG_LEVEL3_Z_]                   :0
host_params[_MG_LEVEL3_T_]                   :0
host_params[_MG_LEVEL3_MAX_ITER_]            :0
host_params[_MG_LEVEL3_DATA_TYPE_]           :0
host_params[_MG_LEVEL3_NUM_RESTART_]         :0
host_params[_MG_LEVEL4_E_]                   :0
host_params[_MG_LEVEL4_X_]                   :0
host_params[_MG_LEVEL4_Y_]                   :0
host_params[_MG_LEVEL4_Z_]                   :0
host_params[_MG_LEVEL4_T_]                   :0
host_params[_MG_LEVEL4_MAX_ITER_]            :0
host_params[_MG_LEVEL4_DATA_TYPE_]           :0
host_params[_MG_LEVEL4_NUM_RESTART_]         :0
host_params[_MG_PARAMS_SIZE_]                :2
host_params[_VERBOSE_]                       :1
host_params[_SEED_]                          :42
host_params[_TEST_IN_CPU_]                   :0
host_argv[_MASS_]                            :5.000000e-02
host_argv[_ATOL_]                            :1.000000e-09
host_argv[_SIGMA_]                           :1.000000e-01
host_argv[_MG_LEVEL1_ATOL_]                  :0.000000e+00
host_argv[_MG_LEVEL2_ATOL_]                  :0.000000e+00
host_argv[_MG_LEVEL3_ATOL_]                  :0.000000e+00
host_argv[_MG_LEVEL4_ATOL_]                  :0.000000e+00
lat_2dim[_XY_]                               :64
lat_2dim[_XZ_]                               :64
lat_2dim[_XT_]                               :32
lat_2dim[_YZ_]                               :64
lat_2dim[_YT_]                               :32
lat_2dim[_ZT_]                               :32
lat_3dim[_YZT_]                              :256
lat_3dim[_XZT_]                              :256
lat_3dim[_XYT_]                              :256
lat_3dim[_XYZ_]                              :512
lat_4dim                                     :2048
grid_1dim[_X_]                               :1
grid_1dim[_Y_]                               :1
grid_1dim[_Z_]                               :1
grid_1dim[_T_]                               :2
grid_2dim[_XY_]                              :1
grid_2dim[_XZ_]                              :1
grid_2dim[_XT_]                              :2
grid_2dim[_YZ_]                              :1
grid_2dim[_YT_]                              :2
grid_2dim[_ZT_]                              :2
grid_3dim[_YZT_]                             :2
grid_3dim[_XZT_]                             :2
grid_3dim[_XYT_]                             :2
grid_3dim[_XYZ_]                             :1
grid_index_1dim[_X_]                         :0
grid_index_1dim[_Y_]                         :0
grid_index_1dim[_Z_]                         :0
grid_index_1dim[_T_]                         :1
move_wards[_B_X_]                            :1
move_wards[_B_Y_]                            :1
move_wards[_B_Z_]                            :1
move_wards[_B_T_]                            :0
move_wards[_F_X_]                            :1
move_wards[_F_Y_]                            :1
move_wards[_F_Z_]                            :1
move_wards[_F_T_]                            :0
move_wards[_BX_BY_]                          :1
move_wards[_BX_BZ_]                          :1
move_wards[_BX_BT_]                          :0
move_wards[_BY_BZ_]                          :1
move_wards[_BY_BT_]                          :0
move_wards[_BZ_BT_]                          :0
move_wards[_FX_BY_]                          :1
move_wards[_FX_BZ_]                          :1
move_wards[_FX_BT_]                          :0
move_wards[_FY_BZ_]                          :1
move_wards[_FY_BT_]                          :0
move_wards[_FZ_BT_]                          :0
move_wards[_BX_FY_]                          :1
move_wards[_BX_FZ_]                          :1
move_wards[_BX_FT_]                          :0
move_wards[_BY_FZ_]                          :1
move_wards[_BY_FT_]                          :0
move_wards[_BZ_FT_]                          :0
move_wards[_FX_FY_]                          :1
move_wards[_FX_FZ_]                          :1
move_wards[_FX_FT_]                          :0
move_wards[_FY_FZ_]                          :1
move_wards[_FY_FT_]                          :0
move_wards[_FZ_FT_]                          :0
lattice set init total time:0.007422569 sec
make clover total time: (without malloc free memcpy) :0.021741580 sec
make clover total time: (without malloc free memcpy) :0.019578873 sec
 inverse clover total time: (without malloc free memcpy) :0.001469573 sec
 inverse clover total time: (without malloc free memcpy) :0.000804040 sec
 set_ptr:0x6303550ff330
set_ptrs:0x6303550c7fc0
long long set_ptr:108865963160368
gridDim.x                                    :16
blockDim.x                                   :128
host_params[_LAT_X_]                         :8
host_params[_LAT_Y_]                         :8
host_params[_LAT_Z_]                         :8
host_params[_LAT_T_]                         :4
host_params[_LAT_XYZT_]                      :2048
host_params[_GRID_X_]                        :1
host_params[_GRID_Y_]                        :1
host_params[_GRID_Z_]                        :1
host_params[_GRID_T_]                        :2
host_params[_PARITY_]                        :0
host_params[_NODE_RANK_]                     :0
host_params[_NODE_SIZE_]                     :2
host_params[_DAGGER_]                        :0
host_params[_MAX_ITER_]                      :1000
host_params[_DATA_TYPE_]                     :2
host_params[_SET_INDEX_]                     :0
host_params[_SET_PLAN_]                      :2
host_params[_MG_NUM_LEVEL_]                  :0
host_params[_MG_LEVEL_INDEX_]                :0
host_params[_MG_LEVEL1_E_]                   :0
host_params[_MG_LEVEL1_X_]                   :0
host_params[_MG_LEVEL1_Y_]                   :0
host_params[_MG_LEVEL1_Z_]                   :0
host_params[_MG_LEVEL1_T_]                   :0
host_params[_MG_LEVEL1_MAX_ITER_]            :0
host_params[_MG_LEVEL1_DATA_TYPE_]           :0
host_params[_MG_LEVEL1_NUM_RESTART_]         :0
host_params[_MG_LEVEL2_E_]                   :0
host_params[_MG_LEVEL2_X_]                   :0
host_params[_MG_LEVEL2_Y_]                   :0
host_params[_MG_LEVEL2_Z_]                   :0
host_params[_MG_LEVEL2_T_]                   :0
host_params[_MG_LEVEL2_MAX_ITER_]            :0
host_params[_MG_LEVEL2_DATA_TYPE_]           :0
host_params[_MG_LEVEL2_NUM_RESTART_]         :0
host_params[_MG_LEVEL3_E_]                   :0
host_params[_MG_LEVEL3_X_]                   :0
host_params[_MG_LEVEL3_Y_]                   :0
host_params[_MG_LEVEL3_Z_]                   :0
host_params[_MG_LEVEL3_T_]                   :0
host_params[_MG_LEVEL3_MAX_ITER_]            :0
host_params[_MG_LEVEL3_DATA_TYPE_]           :0
host_params[_MG_LEVEL3_NUM_RESTART_]         :0
host_params[_MG_LEVEL4_E_]                   :0
host_params[_MG_LEVEL4_X_]                   :0
host_params[_MG_LEVEL4_Y_]                   :0
host_params[_MG_LEVEL4_Z_]                   :0
host_params[_MG_LEVEL4_T_]                   :0
host_params[_MG_LEVEL4_MAX_ITER_]            :0
host_params[_MG_LEVEL4_DATA_TYPE_]           :0
host_params[_MG_LEVEL4_NUM_RESTART_]         :0
host_params[_MG_PARAMS_SIZE_]                :2
host_params[_VERBOSE_]                       :1
host_params[_SEED_]                          :42
host_params[_TEST_IN_CPU_]                   :0
host_argv[_MASS_]                            :5.000000e-02
host_argv[_ATOL_]                            :1.000000e-09
host_argv[_SIGMA_]                           :1.000000e-01
host_argv[_MG_LEVEL1_ATOL_]                  :0.000000e+00
host_argv[_MG_LEVEL2_ATOL_]                  :0.000000e+00
host_argv[_MG_LEVEL3_ATOL_]                  :0.000000e+00
host_argv[_MG_LEVEL4_ATOL_]                  :0.000000e+00
lat_2dim[_XY_]                               :64
lat_2dim[_XZ_]                               :64
lat_2dim[_XT_]                               :32
lat_2dim[_YZ_]                               :64
lat_2dim[_YT_]                               :32
lat_2dim[_ZT_]                               :32
lat_3dim[_YZT_]                              :256
lat_3dim[_XZT_]                              :256
lat_3dim[_XYT_]                              :256
 set_ptr:0x58c0b0495f00
lat_3dim[_XYZ_]                              :512
lat_4dim                                     :2048
grid_1dim[_X_]                               :1
grid_1dim[_Y_]                               :1
grid_1dim[_Z_]                               :1
grid_1dim[_T_]                               :2
grid_2dim[_XY_]                              :1
grid_2dim[_XZ_]                              :1
grid_2dim[_XT_]                              :2
grid_2dim[_YZ_]                              :1
grid_2dim[_YT_]                              :2
grid_2dim[_ZT_]                              :2
grid_3dim[_YZT_]                             :2
grid_3dim[_XZT_]                             :2
grid_3dim[_XYT_]                             :2
grid_3dim[_XYZ_]                             :1
grid_index_1dim[_X_]                         :0
grid_index_1dim[_Y_]                         :0
grid_index_1dim[_Z_]                         :0
grid_index_1dim[_T_]                         :0
move_wards[_B_X_]                            :0
move_wards[_B_Y_]                            :0
move_wards[_B_Z_]                            :0
move_wards[_B_T_]                            :1
move_wards[_F_X_]                            :0
move_wards[_F_Y_]                            :0
move_wards[_F_Z_]                            :0
move_wards[_F_T_]                            :1
move_wards[_BX_BY_]                          :0
move_wards[_BX_BZ_]                          :0
move_wards[_BX_BT_]                          :1
move_wards[_BY_BZ_]                          :0
move_wards[_BY_BT_]                          :1
move_wards[_BZ_BT_]                          :1
move_wards[_FX_BY_]                          :0
move_wards[_FX_BZ_]                          :0
move_wards[_FX_BT_]                          :1
move_wards[_FY_BZ_]                          :0
move_wards[_FY_BT_]                          :1
move_wards[_FZ_BT_]                          :1
move_wards[_BX_FY_]                          :0
move_wards[_BX_FZ_]                          :0
move_wards[_BX_FT_]                          :1
move_wards[_BY_FZ_]                          :0
move_wards[_BY_FT_]                          :1
move_wards[_BZ_FT_]                          :1
move_wards[_FX_FY_]                          :0
set_ptrs:0x58c0b045ee80
long long set_ptr:97584614563584
gridDim.x                                    :16
blockDim.x                                   :128
host_params[_LAT_X_]                         :8
host_params[_LAT_Y_]                         :8
host_params[_LAT_Z_]                         :8
host_params[_LAT_T_]                         :4
host_params[_LAT_XYZT_]                      :2048
host_params[_GRID_X_]                        :1
host_params[_GRID_Y_]                        :1
host_params[_GRID_Z_]                        :1
host_params[_GRID_T_]                        :2
host_params[_PARITY_]                        :0
host_params[_NODE_RANK_]                     :1
host_params[_NODE_SIZE_]                     :2
host_params[_DAGGER_]                        :0
host_params[_MAX_ITER_]                      :1000
host_params[_DATA_TYPE_]                     :2
host_params[_SET_INDEX_]                     :0
host_params[_SET_PLAN_]                      :2
host_params[_MG_NUM_LEVEL_]                  :0
host_params[_MG_LEVEL_INDEX_]                :0
host_params[_MG_LEVEL1_E_]                   :0
host_params[_MG_LEVEL1_X_]                   :0
host_params[_MG_LEVEL1_Y_]                   :0
host_params[_MG_LEVEL1_Z_]                   :0
host_params[_MG_LEVEL1_T_]                   :0
host_params[_MG_LEVEL1_MAX_ITER_]            :0
host_params[_MG_LEVEL1_DATA_TYPE_]           :0
host_params[_MG_LEVEL1_NUM_RESTART_]         :0
host_params[_MG_LEVEL2_E_]                   :0
host_params[_MG_LEVEL2_X_]                   :0
host_params[_MG_LEVEL2_Y_]                   :0
host_params[_MG_LEVEL2_Z_]                   :0
host_params[_MG_LEVEL2_T_]                   :0
host_params[_MG_LEVEL2_MAX_ITER_]            :0
host_params[_MG_LEVEL2_DATA_TYPE_]           :0
host_params[_MG_LEVEL2_NUM_RESTART_]         :0
host_params[_MG_LEVEL3_E_]                   :0
host_params[_MG_LEVEL3_X_]                   :0
host_params[_MG_LEVEL3_Y_]                   :0
host_params[_MG_LEVEL3_Z_]                   :0
host_params[_MG_LEVEL3_T_]                   :0
host_params[_MG_LEVEL3_MAX_ITER_]            :0
move_wards[_FX_FZ_]                          :0
move_wards[_FX_FT_]                          :1
move_wards[_FY_FZ_]                          :0
move_wards[_FY_FT_]                          :1
move_wards[_FZ_FT_]                          :1
host_params[_MG_LEVEL3_DATA_TYPE_]           :0
host_params[_MG_LEVEL3_NUM_RESTART_]         :0
host_params[_MG_LEVEL4_E_]                   :0
host_params[_MG_LEVEL4_X_]                   :0
host_params[_MG_LEVEL4_Y_]                   :0
host_params[_MG_LEVEL4_Z_]                   :0
host_params[_MG_LEVEL4_T_]                   :0
host_params[_MG_LEVEL4_MAX_ITER_]            :0
host_params[_MG_LEVEL4_DATA_TYPE_]           :0
host_params[_MG_LEVEL4_NUM_RESTART_]         :0
host_params[_MG_PARAMS_SIZE_]                :2
host_params[_VERBOSE_]                       :1
host_params[_SEED_]                          :42
host_params[_TEST_IN_CPU_]                   :0
host_argv[_MASS_]                            :5.000000e-02
host_argv[_ATOL_]                            :1.000000e-09
host_argv[_SIGMA_]                           :1.000000e-01
host_argv[_MG_LEVEL1_ATOL_]                  :0.000000e+00
host_argv[_MG_LEVEL2_ATOL_]                  :0.000000e+00
host_argv[_MG_LEVEL3_ATOL_]                  :0.000000e+00
host_argv[_MG_LEVEL4_ATOL_]                  :0.000000e+00
lat_2dim[_XY_]                               :64
lat_2dim[_XZ_]                               :64
lat_2dim[_XT_]                               :32
lat_2dim[_YZ_]                               :64
lat_2dim[_YT_]                               :32
lat_2dim[_ZT_]                               :32
lat_3dim[_YZT_]                              :256
lat_3dim[_XZT_]                              :256
lat_3dim[_XYT_]                              :256
lat_3dim[_XYZ_]                              :512
lat_4dim                                     :2048
grid_1dim[_X_]                               :1
grid_1dim[_Y_]                               :1
grid_1dim[_Z_]                               :1
grid_1dim[_T_]                               :2
grid_2dim[_XY_]                              :1
grid_2dim[_XZ_]                              :1
grid_2dim[_XT_]                              :2
grid_2dim[_YZ_]                              :1
grid_2dim[_YT_]                              :2
grid_2dim[_ZT_]                              :2
grid_3dim[_YZT_]                             :2
grid_3dim[_XZT_]                             :2
grid_3dim[_XYT_]                             :2
grid_3dim[_XYZ_]                             :1
grid_index_1dim[_X_]                         :0
grid_index_1dim[_Y_]                         :0
grid_index_1dim[_Z_]                         :0
grid_index_1dim[_T_]                         :1
move_wards[_B_X_]                            :1
move_wards[_B_Y_]                            :1
move_wards[_B_Z_]                            :1
move_wards[_B_T_]                            :0
move_wards[_F_X_]                            :1
move_wards[_F_Y_]                            :1
move_wards[_F_Z_]                            :1
move_wards[_F_T_]                            :0
move_wards[_BX_BY_]                          :1
move_wards[_BX_BZ_]                          :1
move_wards[_BX_BT_]                          :0
move_wards[_BY_BZ_]                          :1
move_wards[_BY_BT_]                          :0
move_wards[_BZ_BT_]                          :0
move_wards[_FX_BY_]                          :1
move_wards[_FX_BZ_]                          :1
move_wards[_FX_BT_]                          :0
move_wards[_FY_BZ_]                          :1
move_wards[_FY_BT_]                          :0
move_wards[_FZ_BT_]                          :0
move_wards[_BX_FY_]                          :1
move_wards[_BX_FZ_]                          :1
move_wards[_BX_FT_]                          :0
move_wards[_BY_FZ_]                          :1
move_wards[_BY_FT_]                          :0
move_wards[_BZ_FT_]                          :0
move_wards[_FX_FY_]                          :1
move_wards[_FX_FZ_]                          :1
move_wards[_FX_FT_]                          :0
move_wards[_FY_FZ_]                          :1
move_wards[_FY_FT_]                          :0
move_wards[_FZ_FT_]                          :0
lattice set whole time:0.171735458 sec
lattice set end total time:0.003227961 sec
set_ptr:0x630355a67a00
set_ptrs:0x6303550c7fc0
long long set_ptr:108865973025280
gridDim.x                                    :16
blockDim.x                                   :128
host_params[_LAT_X_]                         :8
host_params[_LAT_Y_]                         :8
host_params[_LAT_Z_]                         :8
host_params[_LAT_T_]                         :4
host_params[_LAT_XYZT_]                      :2048
host_params[_GRID_X_]                        :1
host_params[_GRID_Y_]                        :1
host_params[_GRID_Z_]                        :1
host_params[_GRID_T_]                        :2
host_params[_PARITY_]                        :1
host_params[_NODE_RANK_]                     :0
host_params[_NODE_SIZE_]                     :2
host_params[_DAGGER_]                        :0
host_params[_MAX_ITER_]                      :1000
host_params[_DATA_TYPE_]                     :2
host_params[_SET_INDEX_]                     :1
host_params[_SET_PLAN_]                      :2
lattice set whole time:0.176787033 sec
lattice set end total time:0.002992449 sec
host_params[_MG_NUM_LEVEL_]                  :0
host_params[_MG_LEVEL_INDEX_]                :0
host_params[_MG_LEVEL1_E_]                   :0
host_params[_MG_LEVEL1_X_]                   :0
host_params[_MG_LEVEL1_Y_]                   :0
host_params[_MG_LEVEL1_Z_]                   :0
host_params[_MG_LEVEL1_T_]                   :0
host_params[_MG_LEVEL1_MAX_ITER_]            :0
set_ptr:0x58c0b0dfde70
set_ptrs:0x58c0b045ee80
long long set_ptr:97584624426608
gridDim.x                                    :16
blockDim.x                                   :128
host_params[_LAT_X_]                         :8
host_params[_LAT_Y_]                         :8
host_params[_LAT_Z_]                         :8
host_params[_LAT_T_]                         :4
host_params[_LAT_XYZT_]                      :2048
host_params[_GRID_X_]                        :1
host_params[_GRID_Y_]                        :1
host_params[_GRID_Z_]                        :1
host_params[_GRID_T_]                        :2
host_params[_PARITY_]                        :1
host_params[_NODE_RANK_]                     :1
host_params[_NODE_SIZE_]                     :2
host_params[_DAGGER_]                        :0
host_params[_MAX_ITER_]                      :1000
host_params[_DATA_TYPE_]                     :2
host_params[_SET_INDEX_]                     :1
host_params[_SET_PLAN_]                      :2
host_params[_MG_NUM_LEVEL_]                  :0
host_params[_MG_LEVEL_INDEX_]                :0
host_params[_MG_LEVEL1_E_]                   :0
host_params[_MG_LEVEL1_X_]                   :0
host_params[_MG_LEVEL1_Y_]                   :0
host_params[_MG_LEVEL1_Z_]                   :0
host_params[_MG_LEVEL1_T_]                   :0
host_params[_MG_LEVEL1_DATA_TYPE_]           :0
host_params[_MG_LEVEL1_NUM_RESTART_]         :0
host_params[_MG_LEVEL2_E_]                   :0
host_params[_MG_LEVEL2_X_]                   :0
host_params[_MG_LEVEL2_Y_]                   :0
host_params[_MG_LEVEL2_Z_]                   :0
host_params[_MG_LEVEL2_T_]                   :0
host_params[_MG_LEVEL2_MAX_ITER_]            :0
host_params[_MG_LEVEL2_DATA_TYPE_]           :0
host_params[_MG_LEVEL2_NUM_RESTART_]         :0
host_params[_MG_LEVEL3_E_]                   :0
host_params[_MG_LEVEL3_X_]                   :0
host_params[_MG_LEVEL3_Y_]                   :0
host_params[_MG_LEVEL3_Z_]                   :0
host_params[_MG_LEVEL3_T_]                   :0
host_params[_MG_LEVEL3_MAX_ITER_]            :0
host_params[_MG_LEVEL3_DATA_TYPE_]           :0
host_params[_MG_LEVEL3_NUM_RESTART_]         :0
host_params[_MG_LEVEL4_E_]                   :0
host_params[_MG_LEVEL4_X_]                   :0
host_params[_MG_LEVEL4_Y_]                   :0
host_params[_MG_LEVEL4_Z_]                   :0
host_params[_MG_LEVEL4_T_]                   :0
host_params[_MG_LEVEL4_MAX_ITER_]            :0
host_params[_MG_LEVEL4_DATA_TYPE_]           :0
host_params[_MG_LEVEL4_NUM_RESTART_]         :0
host_params[_MG_LEVEL1_MAX_ITER_]            :0
host_params[_MG_LEVEL1_DATA_TYPE_]           :0
host_params[_MG_LEVEL1_NUM_RESTART_]         :0
host_params[_MG_LEVEL2_E_]                   :0
host_params[_MG_LEVEL2_X_]                   :0
host_params[_MG_LEVEL2_Y_]                   :0
host_params[_MG_LEVEL2_Z_]                   :0
host_params[_MG_LEVEL2_T_]                   :0
host_params[_MG_LEVEL2_MAX_ITER_]            :0
host_params[_MG_LEVEL2_DATA_TYPE_]           :0
host_params[_MG_LEVEL2_NUM_RESTART_]         :0
host_params[_MG_LEVEL3_E_]                   :0
host_params[_MG_LEVEL3_X_]                   :0
host_params[_MG_LEVEL3_Y_]                   :0
host_params[_MG_LEVEL3_Z_]                   :0
host_params[_MG_LEVEL3_T_]                   :0
host_params[_MG_LEVEL3_MAX_ITER_]            :0
host_params[_MG_PARAMS_SIZE_]                :2
host_params[_MG_LEVEL3_DATA_TYPE_]           :0
host_params[_VERBOSE_]                       :1
host_params[_SEED_]                          :42
host_params[_MG_LEVEL3_NUM_RESTART_]         :0
host_params[_MG_LEVEL4_E_]                   :0
host_params[_MG_LEVEL4_X_]                   :0
host_params[_MG_LEVEL4_Y_]                   :0
host_params[_MG_LEVEL4_Z_]                   :0
host_params[_MG_LEVEL4_T_]                   :0
host_params[_MG_LEVEL4_MAX_ITER_]            :0
host_params[_MG_LEVEL4_DATA_TYPE_]           :0
host_params[_MG_LEVEL4_NUM_RESTART_]         :0
host_params[_MG_PARAMS_SIZE_]                :2
host_params[_VERBOSE_]                       :1
host_params[_SEED_]                          :42
host_params[_TEST_IN_CPU_]                   :0
host_argv[_MASS_]                            :5.000000e-02
host_argv[_ATOL_]                            :1.000000e-09
host_argv[_SIGMA_]                           :1.000000e-01
host_argv[_MG_LEVEL1_ATOL_]                  :0.000000e+00
host_argv[_MG_LEVEL2_ATOL_]                  :0.000000e+00
host_argv[_MG_LEVEL3_ATOL_]                  :0.000000e+00
host_argv[_MG_LEVEL4_ATOL_]                  :0.000000e+00
lat_2dim[_XY_]                               :64
lat_2dim[_XZ_]                               :64
lat_2dim[_XT_]                               :32
host_params[_TEST_IN_CPU_]                   :0
host_argv[_MASS_]                            :5.000000e-02
host_argv[_ATOL_]                            :1.000000e-09
host_argv[_SIGMA_]                           :1.000000e-01
host_argv[_MG_LEVEL1_ATOL_]                  :0.000000e+00
host_argv[_MG_LEVEL2_ATOL_]                  :0.000000e+00
host_argv[_MG_LEVEL3_ATOL_]                  :0.000000e+00
host_argv[_MG_LEVEL4_ATOL_]                  :0.000000e+00
lat_2dim[_XY_]                               :64
lat_2dim[_XZ_]                               :64
lat_2dim[_XT_]                               :32
lat_2dim[_YZ_]                               :64
lat_2dim[_YT_]                               :32
lat_2dim[_ZT_]                               :32
lat_3dim[_YZT_]                              :256
lat_3dim[_XZT_]                              :256
lat_3dim[_XYT_]                              :256
lat_3dim[_XYZ_]                              :512
lat_4dim                                     :2048
grid_1dim[_X_]                               :1
grid_1dim[_Y_]                               :1
grid_1dim[_Z_]                               :1
grid_1dim[_T_]                               :2
grid_2dim[_XY_]                              :1
grid_2dim[_XZ_]                              :1
grid_2dim[_XT_]                              :2
grid_2dim[_YZ_]                              :1
grid_2dim[_YT_]                              :2
grid_2dim[_ZT_]                              :2
grid_3dim[_YZT_]                             :2
grid_3dim[_XZT_]                             :2
grid_3dim[_XYT_]                             :2
grid_3dim[_XYZ_]                             :1
grid_index_1dim[_X_]                         :0
grid_index_1dim[_Y_]                         :0
grid_index_1dim[_Z_]                         :0
grid_index_1dim[_T_]                         :0
move_wards[_B_X_]                            :0
move_wards[_B_Y_]                            :0
move_wards[_B_Z_]                            :0
move_wards[_B_T_]                            :1
move_wards[_F_X_]                            :0
move_wards[_F_Y_]                            :0
move_wards[_F_Z_]                            :0
move_wards[_F_T_]                            :1
move_wards[_BX_BY_]                          :0
lat_2dim[_YZ_]                               :64
lat_2dim[_YT_]                               :32
lat_2dim[_ZT_]                               :32
lat_3dim[_YZT_]                              :256
lat_3dim[_XZT_]                              :256
move_wards[_BX_BZ_]                          :0
lat_3dim[_XYT_]                              :256
lat_3dim[_XYZ_]                              :512
lat_4dim                                     :2048
grid_1dim[_X_]                               :1
grid_1dim[_Y_]                               :1
grid_1dim[_Z_]                               :1
grid_1dim[_T_]                               :2
grid_2dim[_XY_]                              :1
grid_2dim[_XZ_]                              :1
grid_2dim[_XT_]                              :2
grid_2dim[_YZ_]                              :1
grid_2dim[_YT_]                              :2
grid_2dim[_ZT_]                              :2
grid_3dim[_YZT_]                             :2
grid_3dim[_XZT_]                             :2
grid_3dim[_XYT_]                             :2
grid_3dim[_XYZ_]                             :1
grid_index_1dim[_X_]                         :0
move_wards[_BX_BT_]                          :1
move_wards[_BY_BZ_]                          :0
move_wards[_BY_BT_]                          :1
move_wards[_BZ_BT_]                          :1
move_wards[_FX_BY_]                          :0
move_wards[_FX_BZ_]                          :0
move_wards[_FX_BT_]                          :1
move_wards[_FY_BZ_]                          :0
move_wards[_FY_BT_]                          :1
move_wards[_FZ_BT_]                          :1
move_wards[_BX_FY_]                          :0
move_wards[_BX_FZ_]                          :0
move_wards[_BX_FT_]                          :1
move_wards[_BY_FZ_]                          :0
move_wards[_BY_FT_]                          :1
move_wards[_BZ_FT_]                          :1
move_wards[_FX_FY_]                          :0
move_wards[_FX_FZ_]                          :0
move_wards[_FX_FT_]                          :1
move_wards[_FY_FZ_]                          :0
move_wards[_FY_FT_]                          :1
move_wards[_FZ_FT_]                          :1
grid_index_1dim[_Y_]                         :0
grid_index_1dim[_Z_]                         :0
grid_index_1dim[_T_]                         :1
move_wards[_B_X_]                            :1
move_wards[_B_Y_]                            :1
move_wards[_B_Z_]                            :1
move_wards[_B_T_]                            :0
move_wards[_F_X_]                            :1
move_wards[_F_Y_]                            :1
move_wards[_F_Z_]                            :1
move_wards[_F_T_]                            :0
move_wards[_BX_BY_]                          :1
move_wards[_BX_BZ_]                          :1
move_wards[_BX_BT_]                          :0
move_wards[_BY_BZ_]                          :1
move_wards[_BY_BT_]                          :0
move_wards[_BZ_BT_]                          :0
move_wards[_FX_BY_]                          :1
move_wards[_FX_BZ_]                          :1
move_wards[_FX_BT_]                          :0
move_wards[_FY_BZ_]                          :1
move_wards[_FY_BT_]                          :0
move_wards[_FZ_BT_]                          :0
move_wards[_BX_FY_]                          :1
move_wards[_BX_FZ_]                          :1
move_wards[_BX_FT_]                          :0
move_wards[_BY_FZ_]                          :1
move_wards[_BY_FT_]                          :0
move_wards[_BZ_FT_]                          :0
move_wards[_FX_FY_]                          :1
move_wards[_FX_FZ_]                          :1
move_wards[_FX_FT_]                          :0
move_wards[_FY_FZ_]                          :1
move_wards[_FY_FT_]                          :0
move_wards[_FZ_FT_]                          :0
lattice set whole time:0.038149887 sec
lattice set end total time:0.004369917 sec
lattice set whole time:0.036717857 sec
lattice set end total time:0.004254111 sec
set_ptr:0x630355a6a7b0
set_ptrs:0x6303550c7fc0
long long set_ptr:108865973036976
set_ptr:0x58c0b0e00c20
set_ptrs:0x58c0b045ee80
long long set_ptr:97584624438304
gridDim.x                                    :16
blockDim.x                                   :128
host_params[_LAT_X_]                         :8
host_params[_LAT_Y_]                         :8
host_params[_LAT_Z_]                         :8
host_params[_LAT_T_]                         :4
host_params[_LAT_XYZT_]                      :2048
host_params[_GRID_X_]                        :1
host_params[_GRID_Y_]                        :1
host_params[_GRID_Z_]                        :1
host_params[_GRID_T_]                        :2
host_params[_PARITY_]                        :0
host_params[_NODE_RANK_]                     :0
host_params[_NODE_SIZE_]                     :2
host_params[_DAGGER_]                        :0
host_params[_MAX_ITER_]                      :100
host_params[_DATA_TYPE_]                     :2
host_params[_SET_INDEX_]                     :2
host_params[_SET_PLAN_]                      :1
host_params[_MG_NUM_LEVEL_]                  :2
host_params[_MG_LEVEL_INDEX_]                :0
host_params[_MG_LEVEL1_E_]                   :12
host_params[_MG_LEVEL1_X_]                   :4
host_params[_MG_LEVEL1_Y_]                   :4
host_params[_MG_LEVEL1_Z_]                   :4
host_params[_MG_LEVEL1_T_]                   :2
host_params[_MG_LEVEL1_MAX_ITER_]            :15
host_params[_MG_LEVEL1_DATA_TYPE_]           :2
host_params[_MG_LEVEL1_NUM_RESTART_]         :5
host_params[_MG_LEVEL2_E_]                   :0
host_params[_MG_LEVEL2_X_]                   :0
host_params[_MG_LEVEL2_Y_]                   :0
host_params[_MG_LEVEL2_Z_]                   :0
host_params[_MG_LEVEL2_T_]                   :0
host_params[_MG_LEVEL2_MAX_ITER_]            :0
host_params[_MG_LEVEL2_DATA_TYPE_]           :0
host_params[_MG_LEVEL2_NUM_RESTART_]         :0
host_params[_MG_LEVEL3_E_]                   :0
host_params[_MG_LEVEL3_X_]                   :0
host_params[_MG_LEVEL3_Y_]                   :0
host_params[_MG_LEVEL3_Z_]                   :0
host_params[_MG_LEVEL3_T_]                   :0
host_params[_MG_LEVEL3_MAX_ITER_]            :0
host_params[_MG_LEVEL3_DATA_TYPE_]           :0
host_params[_MG_LEVEL3_NUM_RESTART_]         :0
host_params[_MG_LEVEL4_E_]                   :0
host_params[_MG_LEVEL4_X_]                   :0
host_params[_MG_LEVEL4_Y_]                   :0
host_params[_MG_LEVEL4_Z_]                   :0
host_params[_MG_LEVEL4_T_]                   :0
host_params[_MG_LEVEL4_MAX_ITER_]            :0
host_params[_MG_LEVEL4_DATA_TYPE_]           :0
host_params[_MG_LEVEL4_NUM_RESTART_]         :0
host_params[_MG_PARAMS_SIZE_]                :2
host_params[_VERBOSE_]                       :1
host_params[_SEED_]                          :42
host_params[_TEST_IN_CPU_]                   :0
host_argv[_MASS_]                            :5.000000e-02
host_argv[_ATOL_]                            :1.000000e-06
host_argv[_SIGMA_]                           :1.000000e-01
host_argv[_MG_LEVEL1_ATOL_]                  :3.000000e-03
host_argv[_MG_LEVEL2_ATOL_]                  :0.000000e+00
host_argv[_MG_LEVEL3_ATOL_]                  :0.000000e+00
host_argv[_MG_LEVEL4_ATOL_]                  :0.000000e+00
lat_2dim[_XY_]                               :64
lat_2dim[_XZ_]                               :64
lat_2dim[_XT_]                               :32
lat_2dim[_YZ_]                               :64
lat_2dim[_YT_]                               :32
lat_2dim[_ZT_]                               :32
lat_3dim[_YZT_]                              :256
lat_3dim[_XZT_]                              :256
lat_3dim[_XYT_]                              :256
lat_3dim[_XYZ_]                              :512
lat_4dim                                     :2048
grid_1dim[_X_]                               :1
grid_1dim[_Y_]                               :1
grid_1dim[_Z_]                               :1
grid_1dim[_T_]                               :2
grid_2dim[_XY_]                              :1
grid_2dim[_XZ_]                              :1
grid_2dim[_XT_]                              :2
grid_2dim[_YZ_]                              :1
grid_2dim[_YT_]                              :2
grid_2dim[_ZT_]                              :2
grid_3dim[_YZT_]                             :2
grid_3dim[_XZT_]                             :2
grid_3dim[_XYT_]                             :2
grid_3dim[_XYZ_]                             :1
grid_index_1dim[_X_]                         :0
grid_index_1dim[_Y_]                         :0
grid_index_1dim[_Z_]                         :0
grid_index_1dim[_T_]                         :0
move_wards[_B_X_]                            :0
move_wards[_B_Y_]                            :0
move_wards[_B_Z_]                            :0
move_wards[_B_T_]                            :1
move_wards[_F_X_]                            :0
move_wards[_F_Y_]                            :0
move_wards[_F_Z_]                            :0
move_wards[_F_T_]                            :1
move_wards[_BX_BY_]                          :0
move_wards[_BX_BZ_]                          :0
move_wards[_BX_BT_]                          :1
move_wards[_BY_BZ_]                          :0
move_wards[_BY_BT_]                          :1
move_wards[_BZ_BT_]                          :1
move_wards[_FX_BY_]                          :0
move_wards[_FX_BZ_]                          :0
move_wards[_FX_BT_]                          :1
move_wards[_FY_BZ_]                          :0
move_wards[_FY_BT_]                          :1
move_wards[_FZ_BT_]                          :1
move_wards[_BX_FY_]                          :0
move_wards[_BX_FZ_]                          :0
move_wards[_BX_FT_]                          :1
move_wards[_BY_FZ_]                          :0
move_wards[_BY_FT_]                          :1
move_wards[_BZ_FT_]                          :1
move_wards[_FX_FY_]                          :0
move_wards[_FX_FZ_]                          :0
move_wards[_FX_FT_]                          :1
move_wards[_FY_FZ_]                          :0
move_wards[_FY_FT_]                          :1
move_wards[_FZ_FT_]                          :1
lattice set init total time:0.011266160 sec
gridDim.x                                    :16
blockDim.x                                   :128
host_params[_LAT_X_]                         :8
host_params[_LAT_Y_]                         :8
host_params[_LAT_Z_]                         :8
host_params[_LAT_T_]                         :4
host_params[_LAT_XYZT_]                      :2048
host_params[_GRID_X_]                        :1
host_params[_GRID_Y_]                        :1
host_params[_GRID_Z_]                        :1
host_params[_GRID_T_]                        :2
host_params[_PARITY_]                        :0
host_params[_NODE_RANK_]                     :1
host_params[_NODE_SIZE_]                     :2
host_params[_DAGGER_]                        :0
host_params[_MAX_ITER_]                      :100
host_params[_DATA_TYPE_]                     :2
host_params[_SET_INDEX_]                     :2
host_params[_SET_PLAN_]                      :1
host_params[_MG_NUM_LEVEL_]                  :2
host_params[_MG_LEVEL_INDEX_]                :0
host_params[_MG_LEVEL1_E_]                   :12
host_params[_MG_LEVEL1_X_]                   :4
host_params[_MG_LEVEL1_Y_]                   :4
host_params[_MG_LEVEL1_Z_]                   :4
host_params[_MG_LEVEL1_T_]                   :2
host_params[_MG_LEVEL1_MAX_ITER_]            :15
host_params[_MG_LEVEL1_DATA_TYPE_]           :2
host_params[_MG_LEVEL1_NUM_RESTART_]         :5
host_params[_MG_LEVEL2_E_]                   :0
host_params[_MG_LEVEL2_X_]                   :0
host_params[_MG_LEVEL2_Y_]                   :0
host_params[_MG_LEVEL2_Z_]                   :0
host_params[_MG_LEVEL2_T_]                   :0
host_params[_MG_LEVEL2_MAX_ITER_]            :0
host_params[_MG_LEVEL2_DATA_TYPE_]           :0
host_params[_MG_LEVEL2_NUM_RESTART_]         :0
host_params[_MG_LEVEL3_E_]                   :0
host_params[_MG_LEVEL3_X_]                   :0
host_params[_MG_LEVEL3_Y_]                   :0
host_params[_MG_LEVEL3_Z_]                   :0
host_params[_MG_LEVEL3_T_]                   :0
host_params[_MG_LEVEL3_MAX_ITER_]            :0
host_params[_MG_LEVEL3_DATA_TYPE_]           :0
host_params[_MG_LEVEL3_NUM_RESTART_]         :0
host_params[_MG_LEVEL4_E_]                   :0
host_params[_MG_LEVEL4_X_]                   :0
host_params[_MG_LEVEL4_Y_]                   :0
host_params[_MG_LEVEL4_Z_]                   :0
host_params[_MG_LEVEL4_T_]                   :0
host_params[_MG_LEVEL4_MAX_ITER_]            :0
host_params[_MG_LEVEL4_DATA_TYPE_]           :0
host_params[_MG_LEVEL4_NUM_RESTART_]         :0
host_params[_MG_PARAMS_SIZE_]                :2
host_params[_VERBOSE_]                       :1
host_params[_SEED_]                          :42
host_params[_TEST_IN_CPU_]                   :0
host_argv[_MASS_]                            :5.000000e-02
host_argv[_ATOL_]                            :1.000000e-06
host_argv[_SIGMA_]                           :1.000000e-01
host_argv[_MG_LEVEL1_ATOL_]                  :3.000000e-03
host_argv[_MG_LEVEL2_ATOL_]                  :0.000000e+00
host_argv[_MG_LEVEL3_ATOL_]                  :0.000000e+00
host_argv[_MG_LEVEL4_ATOL_]                  :0.000000e+00
lat_2dim[_XY_]                               :64
lat_2dim[_XZ_]                               :64
lat_2dim[_XT_]                               :32
lat_2dim[_YZ_]                               :64
lat_2dim[_YT_]                               :32
lat_2dim[_ZT_]                               :32
lat_3dim[_YZT_]                              :256
lat_3dim[_XZT_]                              :256
lat_3dim[_XYT_]                              :256
lat_3dim[_XYZ_]                              :512
lat_4dim                                     :2048
grid_1dim[_X_]                               :1
grid_1dim[_Y_]                               :1
grid_1dim[_Z_]                               :1
grid_1dim[_T_]                               :2
grid_2dim[_XY_]                              :1
grid_2dim[_XZ_]                              :1
grid_2dim[_XT_]                              :2
grid_2dim[_YZ_]                              :1
grid_2dim[_YT_]                              :2
grid_2dim[_ZT_]                              :2
grid_3dim[_YZT_]                             :2
grid_3dim[_XZT_]                             :2
grid_3dim[_XYT_]                             :2
grid_3dim[_XYZ_]                             :1
grid_index_1dim[_X_]                         :0
grid_index_1dim[_Y_]                         :0
grid_index_1dim[_Z_]                         :0
grid_index_1dim[_T_]                         :1
move_wards[_B_X_]                            :1
move_wards[_B_Y_]                            :1
move_wards[_B_Z_]                            :1
move_wards[_B_T_]                            :0
move_wards[_F_X_]                            :1
move_wards[_F_Y_]                            :1
move_wards[_F_Z_]                            :1
move_wards[_F_T_]                            :0
move_wards[_BX_BY_]                          :1
move_wards[_BX_BZ_]                          :1
move_wards[_BX_BT_]                          :0
move_wards[_BY_BZ_]                          :1
move_wards[_BY_BT_]                          :0
move_wards[_BZ_BT_]                          :0
move_wards[_FX_BY_]                          :1
move_wards[_FX_BZ_]                          :1
move_wards[_FX_BT_]                          :0
move_wards[_FY_BZ_]                          :1
move_wards[_FY_BT_]                          :0
move_wards[_FZ_BT_]                          :0
move_wards[_BX_FY_]                          :1
move_wards[_BX_FZ_]                          :1
move_wards[_BX_FT_]                          :0
move_wards[_BY_FZ_]                          :1
move_wards[_BY_FT_]                          :0
move_wards[_BZ_FT_]                          :0
move_wards[_FX_FY_]                          :1
move_wards[_FX_FZ_]                          :1
move_wards[_FX_FT_]                          :0
move_wards[_FY_FZ_]                          :1
move_wards[_FY_FT_]                          :0
move_wards[_FZ_FT_]                          :0
lattice set init total time:0.016597925 sec
PYQCU::SOLVER::MULTIGRID::
 self.dof_list:[12, 12]
 self.lat_size_list:[[8, 8, 8, 4], [4, 4, 4, 2]]
 num_restart:5
 tol:1.000000e-06
 max_iter:100
 Lt_full:8
 mg_grid_size:[2,2,2,2]
 smoother:CG
 cycle:V
PYQCU::QCU::MULTIGRID::
 MG_MULTI_RANK: process grid [1,1,1,2] — coarse MPI paths active
PYQCU::QCU::MULTIGRID::
 MG_INIT_COMPLETE: 2 levels, Lt_full=8, num_restart=5, smoother=CG, cycle=V
MG: set coarse ops level 0→1: nv=0x1312b20000, hop_nn=0x1312d60000, hop_diag=0x1312e80000, sit=0x1313e00000
=== MULTIGRID VERBOSE MODE ===
num_levels: 2
fermion_out: 81938366464
fermion_in: 81937973248
gauge: 81916854272
clover_ee: 81925111808
clover_oo: 81929830400
clover_ee_inv: 81927471104
clover_oo_inv: 81932189696
=== MULTIGRID VERBOSE MODE ===
num_levels: 2
fermion_out: 81938366464
fermion_in: 81937973248
gauge: 81916854272
clover_ee: 81925111808
clover_oo: 81929830400
clover_ee_inv: 81927471104
clover_oo_inv: 81932189696
PYQCU::SOLVER::MULTIGRID::
 0:Norm of b:246.045181
PYQCU::SOLVER::MULTIGRID::
 0:Norm of r:246.045181
PYQCU::SOLVER::MULTIGRID::
 0:Norm of x0:0.000000
PYQCU::SOLVER::MULTIGRID::
 0:Starting Iterations
PYQCU::SOLVER::MULTIGRID::
 B-0-bistabcg-Iteration 3: Residual = 1.584819e+01
PYQCU::SOLVER::MULTIGRID::
 F-0-bistabcg-Iteration 3: Residual = 1.584819e+01, Time = 0.016802 s
PYQCU::SOLVER::MULTIGRID::
 B-0-bistabcg-Iteration 7: Residual = 4.659259e+00
PYQCU::SOLVER::MULTIGRID::
 F-0-bistabcg-Iteration 7: Residual = 4.659259e+00, Time = 0.016497 s
PYQCU::SOLVER::MULTIGRID::
 B-0-bistabcg-Iteration 11: Residual = 2.398328e+00
PYQCU::SOLVER::MULTIGRID::
 F-0-bistabcg-Iteration 11: Residual = 2.398328e+00, Time = 0.016917 s
PYQCU::SOLVER::MULTIGRID::
 B-0-bistabcg-Iteration 15: Residual = 4.548943e+00
PYQCU::SOLVER::MULTIGRID::
 F-0-bistabcg-Iteration 15: Residual = 4.548943e+00, Time = 0.020494 s
PYQCU::SOLVER::MULTIGRID::
 B-0-bistabcg-Iteration 19: Residual = 1.169394e+00
PYQCU::SOLVER::MULTIGRID::
 F-0-bistabcg-Iteration 19: Residual = 1.169394e+00, Time = 0.017961 s
PYQCU::SOLVER::MULTIGRID::
 B-0-bistabcg-Iteration 23: Residual = 6.423859e-01
PYQCU::SOLVER::MULTIGRID::
 F-0-bistabcg-Iteration 23: Residual = 6.423859e-01, Time = 0.018306 s
PYQCU::SOLVER::MULTIGRID::
 B-0-bistabcg-Iteration 27: Residual = 6.286336e-01
PYQCU::SOLVER::MULTIGRID::
 F-0-bistabcg-Iteration 27: Residual = 6.286336e-01, Time = 0.017062 s
PYQCU::SOLVER::MULTIGRID::
 GATE: calibrated slope0=-0.120351
PYQCU::SOLVER::MULTIGRID::
 B-0-bistabcg-Iteration 31: Residual = 4.284904e-01
PYQCU::SOLVER::MULTIGRID::
 F-0-bistabcg-Iteration 31: Residual = 4.284904e-01, Time = 0.016594 s
PYQCU::SOLVER::MULTIGRID::
 V-cycle correction at iteration 31
PYQCU::SOLVER::MULTIGRID::
 B-0-bistabcg-Iteration 35: Residual = 3.391218e-01
PYQCU::SOLVER::MULTIGRID::
 F-0-bistabcg-Iteration 35: Residual = 3.391218e-01, Time = 0.017235 s
PYQCU::SOLVER::MULTIGRID::
 B-0-bistabcg-Iteration 39: Residual = 1.995824e-01
PYQCU::SOLVER::MULTIGRID::
 F-0-bistabcg-Iteration 39: Residual = 1.995824e-01, Time = 0.019262 s
PYQCU::SOLVER::MULTIGRID::
 V-cycle correction at iteration 39
PYQCU::SOLVER::MULTIGRID::
 1:Norm of b:0.426432
PYQCU::SOLVER::MULTIGRID::
 1:Norm of r:0.426432
PYQCU::SOLVER::MULTIGRID::
 1:Norm of x0:0.000000
PYQCU::SOLVER::MULTIGRID::
 1:Starting Iterations
PYQCU::SOLVER::MULTIGRID::
 B-1-bicg it 16: Residual = 2.111779e-02 (target 1.279296e-03)
PYQCU::SOLVER::MULTIGRID::
 B-0-bistabcg-Iteration 43: Residual = 1.249303e+00
PYQCU::SOLVER::MULTIGRID::
 F-0-bistabcg-Iteration 43: Residual = 1.249303e+00, Time = 0.019083 s
PYQCU::SOLVER::MULTIGRID::
 B-0-bistabcg-Iteration 47: Residual = 2.148459e-01
PYQCU::SOLVER::MULTIGRID::
 F-0-bistabcg-Iteration 47: Residual = 2.148459e-01, Time = 0.019044 s
PYQCU::SOLVER::MULTIGRID::
 V-cycle correction at iteration 47
PYQCU::SOLVER::MULTIGRID::
 1:Norm of b:0.277318
PYQCU::SOLVER::MULTIGRID::
 1:Norm of r:0.277318
PYQCU::SOLVER::MULTIGRID::
 1:Norm of x0:0.000000
PYQCU::SOLVER::MULTIGRID::
 1:Starting Iterations
PYQCU::SOLVER::MULTIGRID::
 B-1-bicg it 16: Residual = 3.635173e-03 (target 8.319541e-04)
PYQCU::SOLVER::MULTIGRID::
 B-0-bistabcg-Iteration 51: Residual = 1.201153e-01
PYQCU::SOLVER::MULTIGRID::
 F-0-bistabcg-Iteration 51: Residual = 1.201153e-01, Time = 0.017877 s
PYQCU::SOLVER::MULTIGRID::
 B-0-bistabcg-Iteration 55: Residual = 6.870569e-02
PYQCU::SOLVER::MULTIGRID::
 F-0-bistabcg-Iteration 55: Residual = 6.870569e-02, Time = 0.019067 s
PYQCU::SOLVER::MULTIGRID::
 V-cycle correction at iteration 55
PYQCU::SOLVER::MULTIGRID::
 1:Norm of b:0.071941
PYQCU::SOLVER::MULTIGRID::
 1:Norm of r:0.071941
PYQCU::SOLVER::MULTIGRID::
 1:Norm of x0:0.000000
PYQCU::SOLVER::MULTIGRID::
 1:Starting Iterations
PYQCU::SOLVER::MULTIGRID::
 B-1-bicg it 16: Residual = 1.141876e-03 (target 2.158234e-04)
PYQCU::SOLVER::MULTIGRID::
 B-0-bistabcg-Iteration 59: Residual = 3.582628e-01
PYQCU::SOLVER::MULTIGRID::
 F-0-bistabcg-Iteration 59: Residual = 3.582628e-01, Time = 0.022339 s
PYQCU::SOLVER::MULTIGRID::
 B-0-bistabcg-Iteration 63: Residual = 2.841171e-02
PYQCU::SOLVER::MULTIGRID::
 F-0-bistabcg-Iteration 63: Residual = 2.841171e-02, Time = 0.018248 s
PYQCU::SOLVER::MULTIGRID::
 V-cycle correction at iteration 63
PYQCU::SOLVER::MULTIGRID::
 1:Norm of b:0.037827
PYQCU::SOLVER::MULTIGRID::
 1:Norm of r:0.037827
PYQCU::SOLVER::MULTIGRID::
 1:Norm of x0:0.000000
PYQCU::SOLVER::MULTIGRID::
 1:Starting Iterations
PYQCU::SOLVER::MULTIGRID::
 B-1-bicg it 16: Residual = 1.665853e-04 (target 1.134806e-04)
PYQCU::SOLVER::MULTIGRID::
 GATE: corrections disabled (s1=-0.164191 < 1.150000*s0=-0.120351)
PYQCU::SOLVER::MULTIGRID::
 B-0-bistabcg-Iteration 67: Residual = 9.578735e-03
PYQCU::SOLVER::MULTIGRID::
 F-0-bistabcg-Iteration 67: Residual = 9.578735e-03, Time = 0.019421 s
PYQCU::SOLVER::MULTIGRID::
 B-0-bistabcg-Iteration 71: Residual = 1.858315e-03
PYQCU::SOLVER::MULTIGRID::
 F-0-bistabcg-Iteration 71: Residual = 1.858315e-03, Time = 0.021252 s
PYQCU::SOLVER::MULTIGRID::
 B-0-bistabcg-Iteration 75: Residual = 1.006294e-03
PYQCU::SOLVER::MULTIGRID::
 F-0-bistabcg-Iteration 75: Residual = 1.006294e-03, Time = 0.018083 s
PYQCU::SOLVER::MULTIGRID::
 B-0-bistabcg-Iteration 79: Residual = 1.991880e-04
PYQCU::SOLVER::MULTIGRID::
 F-0-bistabcg-Iteration 79: Residual = 1.991880e-04, Time = 0.017175 s
PYQCU::SOLVER::MULTIGRID::
 Converged at iteration 79 with residual 0.000199
PYQCU::SOLVER::MULTIGRID::
 Performance Statistics:
PYQCU::SOLVER::MULTIGRID::
 Total iterations: 80
PYQCU::SOLVER::MULTIGRID::
 Total time: 1.978145 seconds
PYQCU::SOLVER::MULTIGRID::
 Average time per iteration: 0.018691 s
PYQCU::SOLVER::MULTIGRID::
 Final residual: 1.991880e-04
PROF_SECTIONS: fine_iter=1495.3ms vcycle=451.1ms n_vcycles=5 coarse_solve=396.8ms coarse_vec=394.1ms coarse_dslash=104.5ms coarse_iters=64 checks=8 check_ms=1.8 ck(k/d/s)=0.1/0.0/1.2
=== MULTIGRID SOLVER REPORT ===
Total time: 1978.700 ms (1.979 s)
Solve time: 1978.145 ms
Levels: 2, Restart: 5
Convergence history entries: 20
Initial residual: 1.584819e+01
Final residual:   1.991880e-04
Relative residual |D*x - b|/|b|: 5.958339e-07
VERIFY: |b_full|=3.126536e+02 |Dx-b|=1.862896e-04 (|b_e|^2=4.8811e+04 |b_o|^2=4.8941e+04)
MG init=1.3ms end=0.9ms solve=1978.1ms
MG init=0.3ms end=1.0ms solve=1976.2ms
[mpi-mg] grid=[1, 1, 1, 2] local=[8, 8, 8, 8] coarse=[4, 4, 4, 2] fine=c64 coarse=c64 wall=1.991s
set_ptr:0x58c0b0e00c20
set_ptrs:0x58c0b045ee80
long long set_ptr:97584624438304
gridDim.x                                    :16
blockDim.x                                   :128
host_params[_LAT_X_]                         :8
set_ptr:0x630355a6a7b0
set_ptrs:0x6303550c7fc0
long long set_ptr:108865973036976
gridDim.x                                    :16
blockDim.x                                   :128
host_params[_LAT_X_]                         :8
host_params[_LAT_Y_]                         :8
host_params[_LAT_Z_]                         :8
host_params[_LAT_T_]                         :4
host_params[_LAT_XYZT_]                      :2048
host_params[_GRID_X_]                        :1
host_params[_GRID_Y_]                        :1
host_params[_GRID_Z_]                        :1
host_params[_GRID_T_]                        :2
host_params[_PARITY_]                        :0
host_params[_NODE_RANK_]                     :0
host_params[_NODE_SIZE_]                     :2
host_params[_DAGGER_]                        :0
host_params[_MAX_ITER_]                      :100
host_params[_DATA_TYPE_]                     :2
host_params[_SET_INDEX_]                     :2
host_params[_SET_PLAN_]                      :1
host_params[_MG_NUM_LEVEL_]                  :2
host_params[_MG_LEVEL_INDEX_]                :0
host_params[_MG_LEVEL1_E_]                   :12
host_params[_MG_LEVEL1_X_]                   :4
host_params[_MG_LEVEL1_Y_]                   :4
host_params[_MG_LEVEL1_Z_]                   :4
host_params[_MG_LEVEL1_T_]                   :2
host_params[_MG_LEVEL1_MAX_ITER_]            :15
host_params[_MG_LEVEL1_DATA_TYPE_]           :2
host_params[_MG_LEVEL1_NUM_RESTART_]         :5
host_params[_MG_LEVEL2_E_]                   :0
host_params[_MG_LEVEL2_X_]                   :0
host_params[_MG_LEVEL2_Y_]                   :0
host_params[_MG_LEVEL2_Z_]                   :0
host_params[_MG_LEVEL2_T_]                   :0
host_params[_MG_LEVEL2_MAX_ITER_]            :0
host_params[_MG_LEVEL2_DATA_TYPE_]           :0
host_params[_MG_LEVEL2_NUM_RESTART_]         :0
host_params[_MG_LEVEL3_E_]                   :0
host_params[_LAT_Y_]                         :8
host_params[_LAT_Z_]                         :8
host_params[_LAT_T_]                         :4
host_params[_LAT_XYZT_]                      :2048
host_params[_GRID_X_]                        :1
host_params[_GRID_Y_]                        :1
host_params[_GRID_Z_]                        :1
host_params[_GRID_T_]                        :2
host_params[_PARITY_]                        :0
host_params[_NODE_RANK_]                     :1
host_params[_NODE_SIZE_]                     :2
host_params[_DAGGER_]                        :0
host_params[_MAX_ITER_]                      :100
host_params[_DATA_TYPE_]                     :2
host_params[_SET_INDEX_]                     :2
host_params[_SET_PLAN_]                      :1
host_params[_MG_NUM_LEVEL_]                  :2
host_params[_MG_LEVEL_INDEX_]                :0
host_params[_MG_LEVEL1_E_]                   :12
host_params[_MG_LEVEL1_X_]                   :4
host_params[_MG_LEVEL1_Y_]                   :4
host_params[_MG_LEVEL1_Z_]                   :4
host_params[_MG_LEVEL1_T_]                   :2
host_params[_MG_LEVEL1_MAX_ITER_]            :15
host_params[_MG_LEVEL1_DATA_TYPE_]           :2
host_params[_MG_LEVEL1_NUM_RESTART_]         :5
host_params[_MG_LEVEL2_E_]                   :0
host_params[_MG_LEVEL2_X_]                   :0
host_params[_MG_LEVEL2_Y_]                   :0
host_params[_MG_LEVEL2_Z_]                   :0
host_params[_MG_LEVEL2_T_]                   :0
host_params[_MG_LEVEL2_MAX_ITER_]            :0
host_params[_MG_LEVEL2_DATA_TYPE_]           :0
host_params[_MG_LEVEL2_NUM_RESTART_]         :0
host_params[_MG_LEVEL3_E_]                   :0
host_params[_MG_LEVEL3_X_]                   :0
host_params[_MG_LEVEL3_Y_]                   :0
host_params[_MG_LEVEL3_Z_]                   :0
host_params[_MG_LEVEL3_T_]                   :0
host_params[_MG_LEVEL3_MAX_ITER_]            :0
host_params[_MG_LEVEL3_X_]                   :0
host_params[_MG_LEVEL3_Y_]                   :0
host_params[_MG_LEVEL3_Z_]                   :0
host_params[_MG_LEVEL3_T_]                   :0
host_params[_MG_LEVEL3_MAX_ITER_]            :0
host_params[_MG_LEVEL3_DATA_TYPE_]           :0
host_params[_MG_LEVEL3_DATA_TYPE_]           :0
host_params[_MG_LEVEL3_NUM_RESTART_]         :0
host_params[_MG_LEVEL4_E_]                   :0
host_params[_MG_LEVEL4_X_]                   :0
host_params[_MG_LEVEL4_Y_]                   :0
host_params[_MG_LEVEL4_Z_]                   :0
host_params[_MG_LEVEL4_T_]                   :0
host_params[_MG_LEVEL4_MAX_ITER_]            :0
host_params[_MG_LEVEL4_DATA_TYPE_]           :0
host_params[_MG_LEVEL4_NUM_RESTART_]         :0
host_params[_MG_PARAMS_SIZE_]                :2
host_params[_VERBOSE_]                       :1
host_params[_SEED_]                          :42
host_params[_TEST_IN_CPU_]                   :0
host_argv[_MASS_]                            :5.000000e-02
host_argv[_ATOL_]                            :1.000000e-06
host_argv[_SIGMA_]                           :1.000000e-01
host_argv[_MG_LEVEL1_ATOL_]                  :3.000000e-03
host_argv[_MG_LEVEL2_ATOL_]                  :0.000000e+00
host_argv[_MG_LEVEL3_ATOL_]                  :0.000000e+00
host_params[_MG_LEVEL3_NUM_RESTART_]         :0
host_params[_MG_LEVEL4_E_]                   :0
host_params[_MG_LEVEL4_X_]                   :0
host_params[_MG_LEVEL4_Y_]                   :0
host_params[_MG_LEVEL4_Z_]                   :0
host_params[_MG_LEVEL4_T_]                   :0
host_params[_MG_LEVEL4_MAX_ITER_]            :0
host_params[_MG_LEVEL4_DATA_TYPE_]           :0
host_params[_MG_LEVEL4_NUM_RESTART_]         :0
host_params[_MG_PARAMS_SIZE_]                :2
host_params[_VERBOSE_]                       :1
host_params[_SEED_]                          :42
host_params[_TEST_IN_CPU_]                   :0
host_argv[_MASS_]                            :5.000000e-02
host_argv[_ATOL_]                            :1.000000e-06
host_argv[_SIGMA_]                           :1.000000e-01
host_argv[_MG_LEVEL1_ATOL_]                  :3.000000e-03
host_argv[_MG_LEVEL2_ATOL_]                  :0.000000e+00
host_argv[_MG_LEVEL3_ATOL_]                  :0.000000e+00
host_argv[_MG_LEVEL4_ATOL_]                  :0.000000e+00
host_argv[_MG_LEVEL4_ATOL_]                  :0.000000e+00
lat_2dim[_XY_]                               :64
lat_2dim[_XZ_]                               :64
lat_2dim[_XT_]                               :32
lat_2dim[_YZ_]                               :64
lat_2dim[_YT_]                               :32
lat_2dim[_ZT_]                               :32
lat_3dim[_YZT_]                              :256
lat_3dim[_XZT_]                              :256
lat_3dim[_XYT_]                              :256
lat_3dim[_XYZ_]                              :512
lat_4dim                                     :2048
grid_1dim[_X_]                               :1
grid_1dim[_Y_]                               :1
grid_1dim[_Z_]                               :1
grid_1dim[_T_]                               :2
grid_2dim[_XY_]                              :1
grid_2dim[_XZ_]                              :1
grid_2dim[_XT_]                              :2
grid_2dim[_YZ_]                              :1
grid_2dim[_YT_]                              :2
grid_2dim[_ZT_]                              :2
grid_3dim[_YZT_]                             :2
grid_3dim[_XZT_]                             :2
grid_3dim[_XYT_]                             :2
grid_3dim[_XYZ_]                             :1
grid_index_1dim[_X_]                         :0
grid_index_1dim[_Y_]                         :0
grid_index_1dim[_Z_]                         :0
grid_index_1dim[_T_]                         :0
move_wards[_B_X_]                            :0
move_wards[_B_Y_]                            :0
move_wards[_B_Z_]                            :0
move_wards[_B_T_]                            :1
move_wards[_F_X_]                            :0
lat_2dim[_XY_]                               :64
lat_2dim[_XZ_]                               :64
lat_2dim[_XT_]                               :32
lat_2dim[_YZ_]                               :64
lat_2dim[_YT_]                               :32
lat_2dim[_ZT_]                               :32
lat_3dim[_YZT_]                              :256
lat_3dim[_XZT_]                              :256
lat_3dim[_XYT_]                              :256
lat_3dim[_XYZ_]                              :512
lat_4dim                                     :2048
grid_1dim[_X_]                               :1
grid_1dim[_Y_]                               :1
grid_1dim[_Z_]                               :1
grid_1dim[_T_]                               :2
grid_2dim[_XY_]                              :1
grid_2dim[_XZ_]                              :1
grid_2dim[_XT_]                              :2
grid_2dim[_YZ_]                              :1
grid_2dim[_YT_]                              :2
grid_2dim[_ZT_]                              :2
grid_3dim[_YZT_]                             :2
grid_3dim[_XZT_]                             :2
grid_3dim[_XYT_]                             :2
grid_3dim[_XYZ_]                             :1
grid_index_1dim[_X_]                         :0
grid_index_1dim[_Y_]                         :0
grid_index_1dim[_Z_]                         :0
grid_index_1dim[_T_]                         :1
move_wards[_B_X_]                            :1
move_wards[_B_Y_]                            :1
move_wards[_B_Z_]                            :1
move_wards[_B_T_]                            :0
move_wards[_F_X_]                            :1
move_wards[_F_Y_]                            :1
move_wards[_F_Z_]                            :1
move_wards[_F_Y_]                            :0
move_wards[_F_Z_]                            :0
move_wards[_F_T_]                            :1
move_wards[_BX_BY_]                          :0
move_wards[_BX_BZ_]                          :0
move_wards[_BX_BT_]                          :1
move_wards[_BY_BZ_]                          :0
move_wards[_BY_BT_]                          :1
move_wards[_BZ_BT_]                          :1
move_wards[_F_T_]                            :0
move_wards[_BX_BY_]                          :1
move_wards[_BX_BZ_]                          :1
move_wards[_FX_BY_]                          :0
move_wards[_FX_BZ_]                          :0
move_wards[_FX_BT_]                          :1
move_wards[_FY_BZ_]                          :0
move_wards[_FY_BT_]                          :1
move_wards[_FZ_BT_]                          :1
move_wards[_BX_FY_]                          :0
move_wards[_BX_FZ_]                          :0
move_wards[_BX_FT_]                          :1
move_wards[_BY_FZ_]                          :0
move_wards[_BY_FT_]                          :1
move_wards[_BZ_FT_]                          :1
move_wards[_FX_FY_]                          :0
move_wards[_FX_FZ_]                          :0
move_wards[_FX_FT_]                          :1
move_wards[_FY_FZ_]                          :0
move_wards[_FY_FT_]                          :1
move_wards[_FZ_FT_]                          :1
move_wards[_BX_BT_]                          :0
move_wards[_BY_BZ_]                          :1
move_wards[_BY_BT_]                          :0
move_wards[_BZ_BT_]                          :0
move_wards[_FX_BY_]                          :1
move_wards[_FX_BZ_]                          :1
move_wards[_FX_BT_]                          :0
move_wards[_FY_BZ_]                          :1
move_wards[_FY_BT_]                          :0
move_wards[_FZ_BT_]                          :0
move_wards[_BX_FY_]                          :1
move_wards[_BX_FZ_]                          :1
move_wards[_BX_FT_]                          :0
move_wards[_BY_FZ_]                          :1
move_wards[_BY_FT_]                          :0
move_wards[_BZ_FT_]                          :0
move_wards[_FX_FY_]                          :1
move_wards[_FX_FZ_]                          :1
move_wards[_FX_FT_]                          :0
move_wards[_FY_FZ_]                          :1
move_wards[_FY_FT_]                          :0
move_wards[_FZ_FT_]                          :0
lattice set whole time:2.051665527 sec
lattice set whole time:2.052051514 sec
lattice set end total time:0.004234210 sec
lattice set end total time:0.004282613 sec
