set_ptr:0x648e30f24420
set_ptrs:0x648e31118000
long long set_ptr:110561869317152
gridDim.x                                    :16
blockDim.x                                   :128
host_params[_LAT_X_]                         :4
host_params[_LAT_Y_]                         :8
host_params[_LAT_Z_]                         :8
host_params[_LAT_T_]                         :8
host_params[_LAT_XYZT_]                      :2048
host_params[_GRID_X_]                        :2
host_params[_GRID_Y_]                        :1
host_params[_GRID_Z_]                        :1
host_params[_GRID_T_]                        :1
host_params[_PARITY_]                        :0
host_params[_NODE_RANK_]                     :1
host_params[_NODE_SIZE_]                     :2
host_params[_DAGGER_]                        :0
host_params[_MAX_ITER_]                      :1000
host_params[_DATA_TYPE_]                     :2
host_params[_SET_INDEX_]                     :0
host_params[_SET_PLAN_]                      :2
host_params[_MG_NUM_LEVEL_]                  :0
host_params[_MG_LEVEL_INDEX_]                :0
host_params[_MG_LEVEL1_E_]                   :0
host_params[_MG_LEVEL1_X_]                   :0
host_params[_MG_LEVEL1_Y_]                   :0
host_params[_MG_LEVEL1_Z_]                   :0
host_params[_MG_LEVEL1_T_]                   :0
host_params[_MG_LEVEL1_MAX_ITER_]            :0
host_params[_MG_LEVEL1_DATA_TYPE_]           :0
host_params[_MG_LEVEL1_NUM_RESTART_]         :0
host_params[_MG_LEVEL2_E_]                   :0
host_params[_MG_LEVEL2_X_]                   :0
host_params[_MG_LEVEL2_Y_]                   :0
host_params[_MG_LEVEL2_Z_]                   :0
host_params[_MG_LEVEL2_T_]                   :0
host_params[_MG_LEVEL2_MAX_ITER_]            :0
host_params[_MG_LEVEL2_DATA_TYPE_]           :0
host_params[_MG_LEVEL2_NUM_RESTART_]         :0
host_params[_MG_LEVEL3_E_]                   :0
host_params[_MG_LEVEL3_X_]                   :0
host_params[_MG_LEVEL3_Y_]                   :0
host_params[_MG_LEVEL3_Z_]                   :0
host_params[_MG_LEVEL3_T_]                   :0
host_params[_MG_LEVEL3_MAX_ITER_]            :0
host_params[_MG_LEVEL3_DATA_TYPE_]           :0
host_params[_MG_LEVEL3_NUM_RESTART_]         :0
host_params[_MG_LEVEL4_E_]                   :0
host_params[_MG_LEVEL4_X_]                   :0
host_params[_MG_LEVEL4_Y_]                   :0
host_params[_MG_LEVEL4_Z_]                   :0
host_params[_MG_LEVEL4_T_]                   :0
host_params[_MG_LEVEL4_MAX_ITER_]            :0
host_params[_MG_LEVEL4_DATA_TYPE_]           :0
host_params[_MG_LEVEL4_NUM_RESTART_]         :0
host_params[_MG_PARAMS_SIZE_]                :1
host_params[_VERBOSE_]                       :1
host_params[_SEED_]                          :42
host_params[_TEST_IN_CPU_]                   :0
host_argv[_MASS_]                            :1.000000e-01
host_argv[_ATOL_]                            :1.000000e-09
host_argv[_SIGMA_]                           :1.000000e-01
host_argv[_MG_LEVEL1_ATOL_]                  :0.000000e+00
host_argv[_MG_LEVEL2_ATOL_]                  :0.000000e+00
host_argv[_MG_LEVEL3_ATOL_]                  :0.000000e+00
host_argv[_MG_LEVEL4_ATOL_]                  :0.000000e+00
lat_2dim[_XY_]                               :32
lat_2dim[_XZ_]                               :32
lat_2dim[_XT_]                               :32
lat_2dim[_YZ_]                               :64
lat_2dim[_YT_]                               :64
lat_2dim[_ZT_]                               :64
lat_3dim[_YZT_]                              :512
lat_3dim[_XZT_]                              :256
lat_3dim[_XYT_]                              :256
lat_3dim[_XYZ_]                              :256
lat_4dim                                     :2048
grid_1dim[_X_]                               :2
grid_1dim[_Y_]                               :1
grid_1dim[_Z_]                               :1
grid_1dim[_T_]                               :1
grid_2dim[_XY_]                              :2
grid_2dim[_XZ_]                              :2
grid_2dim[_XT_]                              :2
grid_2dim[_YZ_]                              :1
grid_2dim[_YT_]                              :1
grid_2dim[_ZT_]                              :1
grid_3dim[_YZT_]                             :1
grid_3dim[_XZT_]                             :2
grid_3dim[_XYT_]                             :2
grid_3dim[_XYZ_]                             :2
grid_index_1dim[_X_]                         :1
grid_index_1dim[_Y_]                         :0
grid_index_1dim[_Z_]                         :0
grid_index_1dim[_T_]                         :0
move_wards[_B_X_]                            :0
move_wards[_B_Y_]                            :1
move_wards[_B_Z_]                            :1
move_wards[_B_T_]                            :1
move_wards[_F_X_]                            :0
move_wards[_F_Y_]                            :1
move_wards[_F_Z_]                            :1
move_wards[_F_T_]                            :1
move_wards[_BX_BY_]                          :0
move_wards[_BX_BZ_]                          :0
move_wards[_BX_BT_]                          :0
move_wards[_BY_BZ_]                          :1
move_wards[_BY_BT_]                          :1
move_wards[_BZ_BT_]                          :1
move_wards[_FX_BY_]                          :0
move_wards[_FX_BZ_]                          :0
move_wards[_FX_BT_]                          :0
move_wards[_FY_BZ_]                          :1
move_wards[_FY_BT_]                          :1
move_wards[_FZ_BT_]                          :1
move_wards[_BX_FY_]                          :0
move_wards[_BX_FZ_]                          :0
move_wards[_BX_FT_]                          :0
move_wards[_BY_FZ_]                          :1
move_wards[_BY_FT_]                          :1
move_wards[_BZ_FT_]                          :1
move_wards[_FX_FY_]                          :0
move_wards[_FX_FZ_]                          :0
move_wards[_FX_FT_]                          :0
move_wards[_FY_FZ_]                          :1
move_wards[_FY_FT_]                          :1
move_wards[_FZ_FT_]                          :1
lattice set init total time:0.445150125 sec
set_ptr:0x56bbac24e5c0
set_ptrs:0x56bbac43ee80
long long set_ptr:95364046972352
gridDim.x                                    :16
blockDim.x                                   :128
host_params[_LAT_X_]                         :4
host_params[_LAT_Y_]                         :8
host_params[_LAT_Z_]                         :8
host_params[_LAT_T_]                         :8
host_params[_LAT_XYZT_]                      :2048
host_params[_GRID_X_]                        :2
host_params[_GRID_Y_]                        :1
host_params[_GRID_Z_]                        :1
host_params[_GRID_T_]                        :1
host_params[_PARITY_]                        :0
host_params[_NODE_RANK_]                     :0
host_params[_NODE_SIZE_]                     :2
host_params[_DAGGER_]                        :0
host_params[_MAX_ITER_]                      :1000
host_params[_DATA_TYPE_]                     :2
host_params[_SET_INDEX_]                     :0
host_params[_SET_PLAN_]                      :2
host_params[_MG_NUM_LEVEL_]                  :0
host_params[_MG_LEVEL_INDEX_]                :0
host_params[_MG_LEVEL1_E_]                   :0
host_params[_MG_LEVEL1_X_]                   :0
host_params[_MG_LEVEL1_Y_]                   :0
host_params[_MG_LEVEL1_Z_]                   :0
host_params[_MG_LEVEL1_T_]                   :0
host_params[_MG_LEVEL1_MAX_ITER_]            :0
host_params[_MG_LEVEL1_DATA_TYPE_]           :0
host_params[_MG_LEVEL1_NUM_RESTART_]         :0
host_params[_MG_LEVEL2_E_]                   :0
host_params[_MG_LEVEL2_X_]                   :0
host_params[_MG_LEVEL2_Y_]                   :0
host_params[_MG_LEVEL2_Z_]                   :0
host_params[_MG_LEVEL2_T_]                   :0
host_params[_MG_LEVEL2_MAX_ITER_]            :0
host_params[_MG_LEVEL2_DATA_TYPE_]           :0
host_params[_MG_LEVEL2_NUM_RESTART_]         :0
host_params[_MG_LEVEL3_E_]                   :0
host_params[_MG_LEVEL3_X_]                   :0
host_params[_MG_LEVEL3_Y_]                   :0
host_params[_MG_LEVEL3_Z_]                   :0
host_params[_MG_LEVEL3_T_]                   :0
host_params[_MG_LEVEL3_MAX_ITER_]            :0
host_params[_MG_LEVEL3_DATA_TYPE_]           :0
host_params[_MG_LEVEL3_NUM_RESTART_]         :0
host_params[_MG_LEVEL4_E_]                   :0
host_params[_MG_LEVEL4_X_]                   :0
host_params[_MG_LEVEL4_Y_]                   :0
host_params[_MG_LEVEL4_Z_]                   :0
host_params[_MG_LEVEL4_T_]                   :0
host_params[_MG_LEVEL4_MAX_ITER_]            :0
host_params[_MG_LEVEL4_DATA_TYPE_]           :0
host_params[_MG_LEVEL4_NUM_RESTART_]         :0
host_params[_MG_PARAMS_SIZE_]                :1
host_params[_VERBOSE_]                       :1
host_params[_SEED_]                          :42
host_params[_TEST_IN_CPU_]                   :0
host_argv[_MASS_]                            :1.000000e-01
host_argv[_ATOL_]                            :1.000000e-09
host_argv[_SIGMA_]                           :1.000000e-01
host_argv[_MG_LEVEL1_ATOL_]                  :0.000000e+00
host_argv[_MG_LEVEL2_ATOL_]                  :0.000000e+00
host_argv[_MG_LEVEL3_ATOL_]                  :0.000000e+00
host_argv[_MG_LEVEL4_ATOL_]                  :0.000000e+00
lat_2dim[_XY_]                               :32
lat_2dim[_XZ_]                               :32
lat_2dim[_XT_]                               :32
lat_2dim[_YZ_]                               :64
lat_2dim[_YT_]                               :64
lat_2dim[_ZT_]                               :64
lat_3dim[_YZT_]                              :512
lat_3dim[_XZT_]                              :256
lat_3dim[_XYT_]                              :256
lat_3dim[_XYZ_]                              :256
lat_4dim                                     :2048
grid_1dim[_X_]                               :2
grid_1dim[_Y_]                               :1
grid_1dim[_Z_]                               :1
grid_1dim[_T_]                               :1
grid_2dim[_XY_]                              :2
grid_2dim[_XZ_]                              :2
grid_2dim[_XT_]                              :2
grid_2dim[_YZ_]                              :1
grid_2dim[_YT_]                              :1
grid_2dim[_ZT_]                              :1
grid_3dim[_YZT_]                             :1
grid_3dim[_XZT_]                             :2
grid_3dim[_XYT_]                             :2
grid_3dim[_XYZ_]                             :2
grid_index_1dim[_X_]                         :0
grid_index_1dim[_Y_]                         :0
grid_index_1dim[_Z_]                         :0
grid_index_1dim[_T_]                         :0
move_wards[_B_X_]                            :1
move_wards[_B_Y_]                            :0
move_wards[_B_Z_]                            :0
move_wards[_B_T_]                            :0
move_wards[_F_X_]                            :1
move_wards[_F_Y_]                            :0
move_wards[_F_Z_]                            :0
move_wards[_F_T_]                            :0
move_wards[_BX_BY_]                          :1
move_wards[_BX_BZ_]                          :1
move_wards[_BX_BT_]                          :1
move_wards[_BY_BZ_]                          :0
move_wards[_BY_BT_]                          :0
move_wards[_BZ_BT_]                          :0
move_wards[_FX_BY_]                          :1
move_wards[_FX_BZ_]                          :1
move_wards[_FX_BT_]                          :1
move_wards[_FY_BZ_]                          :0
move_wards[_FY_BT_]                          :0
move_wards[_FZ_BT_]                          :0
move_wards[_BX_FY_]                          :1
move_wards[_BX_FZ_]                          :1
move_wards[_BX_FT_]                          :1
move_wards[_BY_FZ_]                          :0
move_wards[_BY_FT_]                          :0
move_wards[_BZ_FT_]                          :0
move_wards[_FX_FY_]                          :1
move_wards[_FX_FZ_]                          :1
move_wards[_FX_FT_]                          :1
move_wards[_FY_FZ_]                          :0
move_wards[_FY_FT_]                          :0
move_wards[_FZ_FT_]                          :0
lattice set init total time:0.316890455 sec
make clover total time: (without malloc free memcpy) :1.421126965 sec
make clover total time: (without malloc free memcpy) :0.056410585 sec
 inverse clover total time: (without malloc free memcpy) :0.021259938 sec
 set_ptr:0x648e3110ef80
set_ptrs:0x648e31118000
long long set_ptr:110561871327104
gridDim.x                                    :16
blockDim.x                                   :128
host_params[_LAT_X_]                         :4
host_params[_LAT_Y_]                         :8
host_params[_LAT_Z_]                         :8
host_params[_LAT_T_]                         :8
host_params[_LAT_XYZT_]                      :2048
host_params[_GRID_X_]                        :2
host_params[_GRID_Y_]                        :1
host_params[_GRID_Z_]                        :1
host_params[_GRID_T_]                        :1
host_params[_PARITY_]                        :1
host_params[_NODE_RANK_]                     :1
host_params[_NODE_SIZE_]                     :2
host_params[_DAGGER_]                        :0
host_params[_MAX_ITER_]                      :1000
host_params[_DATA_TYPE_]                     :2
host_params[_SET_INDEX_]                     :1
host_params[_SET_PLAN_]                      :2
host_params[_MG_NUM_LEVEL_]                  :0
host_params[_MG_LEVEL_INDEX_]                :0
host_params[_MG_LEVEL1_E_]                   :0
host_params[_MG_LEVEL1_X_]                   :0
host_params[_MG_LEVEL1_Y_]                   :0
host_params[_MG_LEVEL1_Z_]                   :0
host_params[_MG_LEVEL1_T_]                   :0
host_params[_MG_LEVEL1_MAX_ITER_]            :0
host_params[_MG_LEVEL1_DATA_TYPE_]           :0
host_params[_MG_LEVEL1_NUM_RESTART_]         :0
host_params[_MG_LEVEL2_E_]                   :0
host_params[_MG_LEVEL2_X_]                   :0
host_params[_MG_LEVEL2_Y_]                   :0
host_params[_MG_LEVEL2_Z_]                   :0
host_params[_MG_LEVEL2_T_]                   :0
host_params[_MG_LEVEL2_MAX_ITER_]            :0
host_params[_MG_LEVEL2_DATA_TYPE_]           :0
host_params[_MG_LEVEL2_NUM_RESTART_]         :0
host_params[_MG_LEVEL3_E_]                   :0
host_params[_MG_LEVEL3_X_]                   :0
host_params[_MG_LEVEL3_Y_]                   :0
host_params[_MG_LEVEL3_Z_]                   :0
host_params[_MG_LEVEL3_T_]                   :0
host_params[_MG_LEVEL3_MAX_ITER_]            :0
host_params[_MG_LEVEL3_DATA_TYPE_]           :0
host_params[_MG_LEVEL3_NUM_RESTART_]         :0
host_params[_MG_LEVEL4_E_]                   :0
host_params[_MG_LEVEL4_X_]                   :0
host_params[_MG_LEVEL4_Y_]                   :0
host_params[_MG_LEVEL4_Z_]                   :0
host_params[_MG_LEVEL4_T_]                   :0
host_params[_MG_LEVEL4_MAX_ITER_]            :0
host_params[_MG_LEVEL4_DATA_TYPE_]           :0
host_params[_MG_LEVEL4_NUM_RESTART_]         :0
host_params[_MG_PARAMS_SIZE_]                :1
host_params[_VERBOSE_]                       :1
host_params[_SEED_]                          :42
host_params[_TEST_IN_CPU_]                   :0
host_argv[_MASS_]                            :1.000000e-01
host_argv[_ATOL_]                            :1.000000e-09
host_argv[_SIGMA_]                           :1.000000e-01
host_argv[_MG_LEVEL1_ATOL_]                  :0.000000e+00
host_argv[_MG_LEVEL2_ATOL_]                  :0.000000e+00
host_argv[_MG_LEVEL3_ATOL_]                  :0.000000e+00
host_argv[_MG_LEVEL4_ATOL_]                  :0.000000e+00
lat_2dim[_XY_]                               :32
lat_2dim[_XZ_]                               :32
lat_2dim[_XT_]                               :32
lat_2dim[_YZ_]                               :64
lat_2dim[_YT_]                               :64
lat_2dim[_ZT_]                               :64
lat_3dim[_YZT_]                              :512
lat_3dim[_XZT_]                              :256
lat_3dim[_XYT_]                              :256
lat_3dim[_XYZ_]                              :256
lat_4dim                                     :2048
grid_1dim[_X_]                               :2
grid_1dim[_Y_]                               :1
grid_1dim[_Z_]                               :1
grid_1dim[_T_]                               :1
grid_2dim[_XY_]                              :2
grid_2dim[_XZ_]                              :2
grid_2dim[_XT_]                              :2
grid_2dim[_YZ_]                              :1
grid_2dim[_YT_]                              :1
grid_2dim[_ZT_]                              :1
grid_3dim[_YZT_]                             :1
grid_3dim[_XZT_]                             :2
grid_3dim[_XYT_]                             :2
grid_3dim[_XYZ_]                             :2
grid_index_1dim[_X_]                         :1
grid_index_1dim[_Y_]                         :0
grid_index_1dim[_Z_]                         :0
grid_index_1dim[_T_]                         :0
move_wards[_B_X_]                            :0
move_wards[_B_Y_]                            :1
move_wards[_B_Z_]                            :1
move_wards[_B_T_]                            :1
move_wards[_F_X_]                            :0
move_wards[_F_Y_]                            :1
move_wards[_F_Z_]                            :1
move_wards[_F_T_]                            :1
move_wards[_BX_BY_]                          :0
move_wards[_BX_BZ_]                          :0
move_wards[_BX_BT_]                          :0
move_wards[_BY_BZ_]                          :1
move_wards[_BY_BT_]                          :1
move_wards[_BZ_BT_]                          :1
move_wards[_FX_BY_]                          :0
move_wards[_FX_BZ_]                          :0
move_wards[_FX_BT_]                          :0
move_wards[_FY_BZ_]                          :1
move_wards[_FY_BT_]                          :1
move_wards[_FZ_BT_]                          :1
move_wards[_BX_FY_]                          :0
move_wards[_BX_FZ_]                          :0
move_wards[_BX_FT_]                          :0
move_wards[_BY_FZ_]                          :1
move_wards[_BY_FT_]                          :1
move_wards[_BZ_FT_]                          :1
move_wards[_FX_FY_]                          :0
move_wards[_FX_FZ_]                          :0
move_wards[_FX_FT_]                          :0
move_wards[_FY_FZ_]                          :1
move_wards[_FY_FT_]                          :1
move_wards[_FZ_FT_]                          :1
lattice set init total time:0.006256064 sec
 inverse clover total time: (without malloc free memcpy) :0.031771551 sec
 set_ptr:0x56bbac435e00
set_ptrs:0x56bbac43ee80
long long set_ptr:95364048969216
gridDim.x                                    :16
blockDim.x                                   :128
host_params[_LAT_X_]                         :4
host_params[_LAT_Y_]                         :8
host_params[_LAT_Z_]                         :8
host_params[_LAT_T_]                         :8
host_params[_LAT_XYZT_]                      :2048
host_params[_GRID_X_]                        :2
host_params[_GRID_Y_]                        :1
host_params[_GRID_Z_]                        :1
host_params[_GRID_T_]                        :1
host_params[_PARITY_]                        :1
host_params[_NODE_RANK_]                     :0
host_params[_NODE_SIZE_]                     :2
host_params[_DAGGER_]                        :0
host_params[_MAX_ITER_]                      :1000
host_params[_DATA_TYPE_]                     :2
host_params[_SET_INDEX_]                     :1
host_params[_SET_PLAN_]                      :2
host_params[_MG_NUM_LEVEL_]                  :0
host_params[_MG_LEVEL_INDEX_]                :0
host_params[_MG_LEVEL1_E_]                   :0
host_params[_MG_LEVEL1_X_]                   :0
host_params[_MG_LEVEL1_Y_]                   :0
host_params[_MG_LEVEL1_Z_]                   :0
host_params[_MG_LEVEL1_T_]                   :0
host_params[_MG_LEVEL1_MAX_ITER_]            :0
host_params[_MG_LEVEL1_DATA_TYPE_]           :0
host_params[_MG_LEVEL1_NUM_RESTART_]         :0
host_params[_MG_LEVEL2_E_]                   :0
host_params[_MG_LEVEL2_X_]                   :0
host_params[_MG_LEVEL2_Y_]                   :0
host_params[_MG_LEVEL2_Z_]                   :0
host_params[_MG_LEVEL2_T_]                   :0
host_params[_MG_LEVEL2_MAX_ITER_]            :0
host_params[_MG_LEVEL2_DATA_TYPE_]           :0
host_params[_MG_LEVEL2_NUM_RESTART_]         :0
host_params[_MG_LEVEL3_E_]                   :0
host_params[_MG_LEVEL3_X_]                   :0
host_params[_MG_LEVEL3_Y_]                   :0
host_params[_MG_LEVEL3_Z_]                   :0
host_params[_MG_LEVEL3_T_]                   :0
host_params[_MG_LEVEL3_MAX_ITER_]            :0
host_params[_MG_LEVEL3_DATA_TYPE_]           :0
host_params[_MG_LEVEL3_NUM_RESTART_]         :0
host_params[_MG_LEVEL4_E_]                   :0
host_params[_MG_LEVEL4_X_]                   :0
host_params[_MG_LEVEL4_Y_]                   :0
host_params[_MG_LEVEL4_Z_]                   :0
host_params[_MG_LEVEL4_T_]                   :0
host_params[_MG_LEVEL4_MAX_ITER_]            :0
host_params[_MG_LEVEL4_DATA_TYPE_]           :0
host_params[_MG_LEVEL4_NUM_RESTART_]         :0
host_params[_MG_PARAMS_SIZE_]                :1
host_params[_VERBOSE_]                       :1
host_params[_SEED_]                          :42
host_params[_TEST_IN_CPU_]                   :0
host_argv[_MASS_]                            :1.000000e-01
host_argv[_ATOL_]                            :1.000000e-09
host_argv[_SIGMA_]                           :1.000000e-01
host_argv[_MG_LEVEL1_ATOL_]                  :0.000000e+00
host_argv[_MG_LEVEL2_ATOL_]                  :0.000000e+00
host_argv[_MG_LEVEL3_ATOL_]                  :0.000000e+00
host_argv[_MG_LEVEL4_ATOL_]                  :0.000000e+00
lat_2dim[_XY_]                               :32
lat_2dim[_XZ_]                               :32
lat_2dim[_XT_]                               :32
lat_2dim[_YZ_]                               :64
lat_2dim[_YT_]                               :64
lat_2dim[_ZT_]                               :64
lat_3dim[_YZT_]                              :512
lat_3dim[_XZT_]                              :256
lat_3dim[_XYT_]                              :256
lat_3dim[_XYZ_]                              :256
lat_4dim                                     :2048
grid_1dim[_X_]                               :2
grid_1dim[_Y_]                               :1
grid_1dim[_Z_]                               :1
grid_1dim[_T_]                               :1
grid_2dim[_XY_]                              :2
grid_2dim[_XZ_]                              :2
grid_2dim[_XT_]                              :2
grid_2dim[_YZ_]                              :1
grid_2dim[_YT_]                              :1
grid_2dim[_ZT_]                              :1
grid_3dim[_YZT_]                             :1
grid_3dim[_XZT_]                             :2
grid_3dim[_XYT_]                             :2
grid_3dim[_XYZ_]                             :2
grid_index_1dim[_X_]                         :0
grid_index_1dim[_Y_]                         :0
grid_index_1dim[_Z_]                         :0
grid_index_1dim[_T_]                         :0
move_wards[_B_X_]                            :1
move_wards[_B_Y_]                            :0
move_wards[_B_Z_]                            :0
move_wards[_B_T_]                            :0
move_wards[_F_X_]                            :1
move_wards[_F_Y_]                            :0
move_wards[_F_Z_]                            :0
move_wards[_F_T_]                            :0
move_wards[_BX_BY_]                          :1
move_wards[_BX_BZ_]                          :1
move_wards[_BX_BT_]                          :1
move_wards[_BY_BZ_]                          :0
move_wards[_BY_BT_]                          :0
move_wards[_BZ_BT_]                          :0
move_wards[_FX_BY_]                          :1
move_wards[_FX_BZ_]                          :1
move_wards[_FX_BT_]                          :1
move_wards[_FY_BZ_]                          :0
move_wards[_FY_BT_]                          :0
move_wards[_FZ_BT_]                          :0
move_wards[_BX_FY_]                          :1
move_wards[_BX_FZ_]                          :1
move_wards[_BX_FT_]                          :1
move_wards[_BY_FZ_]                          :0
move_wards[_BY_FT_]                          :0
move_wards[_BZ_FT_]                          :0
move_wards[_FX_FY_]                          :1
move_wards[_FX_FZ_]                          :1
move_wards[_FX_FT_]                          :1
move_wards[_FY_FZ_]                          :0
move_wards[_FY_FT_]                          :0
move_wards[_FZ_FT_]                          :0
lattice set init total time:0.008561599 sec
make clover total time: (without malloc free memcpy) :0.057211332 sec
 inverse clover total time: (without malloc free memcpy) :0.001095563 sec
 set_ptr:0x648e30f24420
set_ptrs:0x648e31118000
long long set_ptr:110561869317152
gridDim.x                                    :16
blockDim.x                                   :128
host_params[_LAT_X_]                         :4
host_params[_LAT_Y_]                         :8
host_params[_LAT_Z_]                         :8
host_params[_LAT_T_]                         :8
host_params[_LAT_XYZT_]                      :2048
host_params[_GRID_X_]                        :2
host_params[_GRID_Y_]                        :1
host_params[_GRID_Z_]                        :1
host_params[_GRID_T_]                        :1
host_params[_PARITY_]                        :0
host_params[_NODE_RANK_]                     :1
host_params[_NODE_SIZE_]                     :2
host_params[_DAGGER_]                        :0
host_params[_MAX_ITER_]                      :1000
host_params[_DATA_TYPE_]                     :2
host_params[_SET_INDEX_]                     :0
host_params[_SET_PLAN_]                      :2
host_params[_MG_NUM_LEVEL_]                  :0
host_params[_MG_LEVEL_INDEX_]                :0
host_params[_MG_LEVEL1_E_]                   :0
host_params[_MG_LEVEL1_X_]                   :0
host_params[_MG_LEVEL1_Y_]                   :0
host_params[_MG_LEVEL1_Z_]                   :0
host_params[_MG_LEVEL1_T_]                   :0
host_params[_MG_LEVEL1_MAX_ITER_]            :0
host_params[_MG_LEVEL1_DATA_TYPE_]           :0
host_params[_MG_LEVEL1_NUM_RESTART_]         :0
host_params[_MG_LEVEL2_E_]                   :0
host_params[_MG_LEVEL2_X_]                   :0
host_params[_MG_LEVEL2_Y_]                   :0
host_params[_MG_LEVEL2_Z_]                   :0
host_params[_MG_LEVEL2_T_]                   :0
host_params[_MG_LEVEL2_MAX_ITER_]            :0
host_params[_MG_LEVEL2_DATA_TYPE_]           :0
host_params[_MG_LEVEL2_NUM_RESTART_]         :0
host_params[_MG_LEVEL3_E_]                   :0
host_params[_MG_LEVEL3_X_]                   :0
host_params[_MG_LEVEL3_Y_]                   :0
host_params[_MG_LEVEL3_Z_]                   :0
host_params[_MG_LEVEL3_T_]                   :0
host_params[_MG_LEVEL3_MAX_ITER_]            :0
host_params[_MG_LEVEL3_DATA_TYPE_]           :0
host_params[_MG_LEVEL3_NUM_RESTART_]         :0
host_params[_MG_LEVEL4_E_]                   :0
host_params[_MG_LEVEL4_X_]                   :0
host_params[_MG_LEVEL4_Y_]                   :0
host_params[_MG_LEVEL4_Z_]                   :0
host_params[_MG_LEVEL4_T_]                   :0
host_params[_MG_LEVEL4_MAX_ITER_]            :0
host_params[_MG_LEVEL4_DATA_TYPE_]           :0
host_params[_MG_LEVEL4_NUM_RESTART_]         :0
host_params[_MG_PARAMS_SIZE_]                :1
host_params[_VERBOSE_]                       :1
host_params[_SEED_]                          :42
host_params[_TEST_IN_CPU_]                   :0
host_argv[_MASS_]                            :1.000000e-01
host_argv[_ATOL_]                            :1.000000e-09
host_argv[_SIGMA_]                           :1.000000e-01
host_argv[_MG_LEVEL1_ATOL_]                  :0.000000e+00
host_argv[_MG_LEVEL2_ATOL_]                  :0.000000e+00
host_argv[_MG_LEVEL3_ATOL_]                  :0.000000e+00
host_argv[_MG_LEVEL4_ATOL_]                  :0.000000e+00
lat_2dim[_XY_]                               :32
lat_2dim[_XZ_]                               :32
lat_2dim[_XT_]                               :32
lat_2dim[_YZ_]                               :64
lat_2dim[_YT_]                               :64
lat_2dim[_ZT_]                               :64
lat_3dim[_YZT_]                              :512
lat_3dim[_XZT_]                              :256
lat_3dim[_XYT_]                              :256
lat_3dim[_XYZ_]                              :256
lat_4dim                                     :2048
grid_1dim[_X_]                               :2
grid_1dim[_Y_]                               :1
grid_1dim[_Z_]                               :1
grid_1dim[_T_]                               :1
grid_2dim[_XY_]                              :2
grid_2dim[_XZ_]                              :2
grid_2dim[_XT_]                              :2
grid_2dim[_YZ_]                              :1
grid_2dim[_YT_]                              :1
grid_2dim[_ZT_]                              :1
grid_3dim[_YZT_]                             :1
grid_3dim[_XZT_]                             :2
grid_3dim[_XYT_]                             :2
grid_3dim[_XYZ_]                             :2
grid_index_1dim[_X_]                         :1
grid_index_1dim[_Y_]                         :0
grid_index_1dim[_Z_]                         :0
grid_index_1dim[_T_]                         :0
move_wards[_B_X_]                            :0
move_wards[_B_Y_]                            :1
move_wards[_B_Z_]                            :1
move_wards[_B_T_]                            :1
move_wards[_F_X_]                            :0
move_wards[_F_Y_]                            :1
move_wards[_F_Z_]                            :1
move_wards[_F_T_]                            :1
move_wards[_BX_BY_]                          :0
move_wards[_BX_BZ_]                          :0
move_wards[_BX_BT_]                          :0
move_wards[_BY_BZ_]                          :1
move_wards[_BY_BT_]                          :1
move_wards[_BZ_BT_]                          :1
move_wards[_FX_BY_]                          :0
move_wards[_FX_BZ_]                          :0
move_wards[_FX_BT_]                          :0
move_wards[_FY_BZ_]                          :1
move_wards[_FY_BT_]                          :1
move_wards[_FZ_BT_]                          :1
move_wards[_BX_FY_]                          :0
move_wards[_BX_FZ_]                          :0
move_wards[_BX_FT_]                          :0
move_wards[_BY_FZ_]                          :1
move_wards[_BY_FT_]                          :1
move_wards[_BZ_FT_]                          :1
move_wards[_FX_FY_]                          :0
move_wards[_FX_FZ_]                          :0
move_wards[_FX_FT_]                          :0
move_wards[_FY_FZ_]                          :1
move_wards[_FY_FT_]                          :1
move_wards[_FZ_FT_]                          :1
make clover total time: (without malloc free memcpy) :0.045707962 sec
 inverse clover total time: (without malloc free memcpy) :0.001048261 sec
lattice set whole time:1.966293579 sec
lattice set end total time:0.007706549 sec
set_ptr:0x648e3110ef80
set_ptrs:0x648e31118000
long long set_ptr:110561871327104
gridDim.x                                    :16
blockDim.x                                   :128
host_params[_LAT_X_]                         :4
host_params[_LAT_Y_]                         :8
host_params[_LAT_Z_]                         :8
host_params[_LAT_T_]                         :8
host_params[_LAT_XYZT_]                      :2048
host_params[_GRID_X_]                        :2
host_params[_GRID_Y_]                        :1
host_params[_GRID_Z_]                        :1
host_params[_GRID_T_]                        :1
host_params[_PARITY_]                        :1
host_params[_NODE_RANK_]                     :1
host_params[_NODE_SIZE_]                     :2
host_params[_DAGGER_]                        :0
host_params[_MAX_ITER_]                      :1000
host_params[_DATA_TYPE_]                     :2
host_params[_SET_INDEX_]                     :1
host_params[_SET_PLAN_]                      :2
host_params[_MG_NUM_LEVEL_]                  :0
host_params[_MG_LEVEL_INDEX_]                :0
host_params[_MG_LEVEL1_E_]                   :0
host_params[_MG_LEVEL1_X_]                   :0
host_params[_MG_LEVEL1_Y_]                   :0
host_params[_MG_LEVEL1_Z_]                   :0
host_params[_MG_LEVEL1_T_]                   :0
host_params[_MG_LEVEL1_MAX_ITER_]            :0
host_params[_MG_LEVEL1_DATA_TYPE_]           :0
host_params[_MG_LEVEL1_NUM_RESTART_]         :0
host_params[_MG_LEVEL2_E_]                   :0
host_params[_MG_LEVEL2_X_]                   :0
host_params[_MG_LEVEL2_Y_]                   :0
host_params[_MG_LEVEL2_Z_]                   :0
host_params[_MG_LEVEL2_T_]                   :0
host_params[_MG_LEVEL2_MAX_ITER_]            :0
host_params[_MG_LEVEL2_DATA_TYPE_]           :0
host_params[_MG_LEVEL2_NUM_RESTART_]         :0
host_params[_MG_LEVEL3_E_]                   :0
host_params[_MG_LEVEL3_X_]                   :0
host_params[_MG_LEVEL3_Y_]                   :0
host_params[_MG_LEVEL3_Z_]                   :0
host_params[_MG_LEVEL3_T_]                   :0
host_params[_MG_LEVEL3_MAX_ITER_]            :0
host_params[_MG_LEVEL3_DATA_TYPE_]           :0
host_params[_MG_LEVEL3_NUM_RESTART_]         :0
host_params[_MG_LEVEL4_E_]                   :0
host_params[_MG_LEVEL4_X_]                   :0
host_params[_MG_LEVEL4_Y_]                   :0
host_params[_MG_LEVEL4_Z_]                   :0
host_params[_MG_LEVEL4_T_]                   :0
host_params[_MG_LEVEL4_MAX_ITER_]            :0
host_params[_MG_LEVEL4_DATA_TYPE_]           :0
host_params[_MG_LEVEL4_NUM_RESTART_]         :0
host_params[_MG_PARAMS_SIZE_]                :1
host_params[_VERBOSE_]                       :1
host_params[_SEED_]                          :42
host_params[_TEST_IN_CPU_]                   :0
host_argv[_MASS_]                            :1.000000e-01
host_argv[_ATOL_]                            :1.000000e-09
host_argv[_SIGMA_]                           :1.000000e-01
host_argv[_MG_LEVEL1_ATOL_]                  :0.000000e+00
host_argv[_MG_LEVEL2_ATOL_]                  :0.000000e+00
host_argv[_MG_LEVEL3_ATOL_]                  :0.000000e+00
host_argv[_MG_LEVEL4_ATOL_]                  :0.000000e+00
lat_2dim[_XY_]                               :32
lat_2dim[_XZ_]                               :32
lat_2dim[_XT_]                               :32
lat_2dim[_YZ_]                               :64
lat_2dim[_YT_]                               :64
lat_2dim[_ZT_]                               :64
lat_3dim[_YZT_]                              :512
lat_3dim[_XZT_]                              :256
lat_3dim[_XYT_]                              :256
lat_3dim[_XYZ_]                              :256
lat_4dim                                     :2048
grid_1dim[_X_]                               :2
grid_1dim[_Y_]                               :1
grid_1dim[_Z_]                               :1
grid_1dim[_T_]                               :1
grid_2dim[_XY_]                              :2
grid_2dim[_XZ_]                              :2
grid_2dim[_XT_]                              :2
grid_2dim[_YZ_]                              :1
grid_2dim[_YT_]                              :1
grid_2dim[_ZT_]                              :1
grid_3dim[_YZT_]                             :1
grid_3dim[_XZT_]                             :2
grid_3dim[_XYT_]                             :2
grid_3dim[_XYZ_]                             :2
grid_index_1dim[_X_]                         :1
grid_index_1dim[_Y_]                         :0
grid_index_1dim[_Z_]                         :0
grid_index_1dim[_T_]                         :0
move_wards[_B_X_]                            :0
move_wards[_B_Y_]                            :1
move_wards[_B_Z_]                            :1
move_wards[_B_T_]                            :1
move_wards[_F_X_]                            :0
move_wards[_F_Y_]                            :1
move_wards[_F_Z_]                            :1
move_wards[_F_T_]                            :1
move_wards[_BX_BY_]                          :0
move_wards[_BX_BZ_]                          :0
move_wards[_BX_BT_]                          :0
move_wards[_BY_BZ_]                          :1
move_wards[_BY_BT_]                          :1
move_wards[_BZ_BT_]                          :1
move_wards[_FX_BY_]                          :0
move_wards[_FX_BZ_]                          :0
move_wards[_FX_BT_]                          :0
move_wards[_FY_BZ_]                          :1
move_wards[_FY_BT_]                          :1
move_wards[_FZ_BT_]                          :1
move_wards[_BX_FY_]                          :0
move_wards[_BX_FZ_]                          :0
move_wards[_BX_FT_]                          :0
move_wards[_BY_FZ_]                          :1
move_wards[_BY_FT_]                          :1
move_wards[_BZ_FT_]                          :1
move_wards[_FX_FY_]                          :0
move_wards[_FX_FZ_]                          :0
move_wards[_FX_FT_]                          :0
move_wards[_FY_FZ_]                          :1
move_wards[_FY_FT_]                          :1
move_wards[_FZ_FT_]                          :1
 set_ptr:0x56bbac24e5c0
set_ptrs:0x56bbac43ee80
long long set_ptr:95364046972352
gridDim.x                                    :16
blockDim.x                                   :128
host_params[_LAT_X_]                         :4
host_params[_LAT_Y_]                         :8
host_params[_LAT_Z_]                         :8
host_params[_LAT_T_]                         :8
host_params[_LAT_XYZT_]                      :2048
host_params[_GRID_X_]                        :2
host_params[_GRID_Y_]                        :1
host_params[_GRID_Z_]                        :1
host_params[_GRID_T_]                        :1
host_params[_PARITY_]                        :0
host_params[_NODE_RANK_]                     :0
host_params[_NODE_SIZE_]                     :2
host_params[_DAGGER_]                        :0
host_params[_MAX_ITER_]                      :1000
host_params[_DATA_TYPE_]                     :2
host_params[_SET_INDEX_]                     :0
host_params[_SET_PLAN_]                      :2
host_params[_MG_NUM_LEVEL_]                  :0
host_params[_MG_LEVEL_INDEX_]                :0
host_params[_MG_LEVEL1_E_]                   :0
host_params[_MG_LEVEL1_X_]                   :0
host_params[_MG_LEVEL1_Y_]                   :0
host_params[_MG_LEVEL1_Z_]                   :0
host_params[_MG_LEVEL1_T_]                   :0
host_params[_MG_LEVEL1_MAX_ITER_]            :0
host_params[_MG_LEVEL1_DATA_TYPE_]           :0
host_params[_MG_LEVEL1_NUM_RESTART_]         :0
host_params[_MG_LEVEL2_E_]                   :0
host_params[_MG_LEVEL2_X_]                   :0
host_params[_MG_LEVEL2_Y_]                   :0
host_params[_MG_LEVEL2_Z_]                   :0
host_params[_MG_LEVEL2_T_]                   :0
host_params[_MG_LEVEL2_MAX_ITER_]            :0
host_params[_MG_LEVEL2_DATA_TYPE_]           :0
host_params[_MG_LEVEL2_NUM_RESTART_]         :0
host_params[_MG_LEVEL3_E_]                   :0
host_params[_MG_LEVEL3_X_]                   :0
host_params[_MG_LEVEL3_Y_]                   :0
host_params[_MG_LEVEL3_Z_]                   :0
host_params[_MG_LEVEL3_T_]                   :0
host_params[_MG_LEVEL3_MAX_ITER_]            :0
host_params[_MG_LEVEL3_DATA_TYPE_]           :0
host_params[_MG_LEVEL3_NUM_RESTART_]         :0
host_params[_MG_LEVEL4_E_]                   :0
host_params[_MG_LEVEL4_X_]                   :0
host_params[_MG_LEVEL4_Y_]                   :0
host_params[_MG_LEVEL4_Z_]                   :0
host_params[_MG_LEVEL4_T_]                   :0
host_params[_MG_LEVEL4_MAX_ITER_]            :0
host_params[_MG_LEVEL4_DATA_TYPE_]           :0
host_params[_MG_LEVEL4_NUM_RESTART_]         :0
host_params[_MG_PARAMS_SIZE_]                :1
host_params[_VERBOSE_]                       :1
host_params[_SEED_]                          :42
host_params[_TEST_IN_CPU_]                   :0
host_argv[_MASS_]                            :1.000000e-01
host_argv[_ATOL_]                            :1.000000e-09
host_argv[_SIGMA_]                           :1.000000e-01
host_argv[_MG_LEVEL1_ATOL_]                  :0.000000e+00
host_argv[_MG_LEVEL2_ATOL_]                  :0.000000e+00
host_argv[_MG_LEVEL3_ATOL_]                  :0.000000e+00
host_argv[_MG_LEVEL4_ATOL_]                  :0.000000e+00
lat_2dim[_XY_]                               :32
lat_2dim[_XZ_]                               :32
lat_2dim[_XT_]                               :32
lat_2dim[_YZ_]                               :64
lat_2dim[_YT_]                               :64
lat_2dim[_ZT_]                               :64
lat_3dim[_YZT_]                              :512
lat_3dim[_XZT_]                              :256
lat_3dim[_XYT_]                              :256
lat_3dim[_XYZ_]                              :256
lat_4dim                                     :2048
grid_1dim[_X_]                               :2
grid_1dim[_Y_]                               :1
grid_1dim[_Z_]                               :1
grid_1dim[_T_]                               :1
grid_2dim[_XY_]                              :2
grid_2dim[_XZ_]                              :2
grid_2dim[_XT_]                              :2
grid_2dim[_YZ_]                              :1
grid_2dim[_YT_]                              :1
grid_2dim[_ZT_]                              :1
grid_3dim[_YZT_]                             :1
grid_3dim[_XZT_]                             :2
grid_3dim[_XYT_]                             :2
grid_3dim[_XYZ_]                             :2
grid_index_1dim[_X_]                         :0
grid_index_1dim[_Y_]                         :0
grid_index_1dim[_Z_]                         :0
grid_index_1dim[_T_]                         :0
move_wards[_B_X_]                            :1
move_wards[_B_Y_]                            :0
move_wards[_B_Z_]                            :0
move_wards[_B_T_]                            :0
move_wards[_F_X_]                            :1
move_wards[_F_Y_]                            :0
move_wards[_F_Z_]                            :0
move_wards[_F_T_]                            :0
move_wards[_BX_BY_]                          :1
move_wards[_BX_BZ_]                          :1
move_wards[_BX_BT_]                          :1
move_wards[_BY_BZ_]                          :0
move_wards[_BY_BT_]                          :0
move_wards[_BZ_BT_]                          :0
move_wards[_FX_BY_]                          :1
move_wards[_FX_BZ_]                          :1
move_wards[_FX_BT_]                          :1
move_wards[_FY_BZ_]                          :0
move_wards[_FY_BT_]                          :0
move_wards[_FZ_BT_]                          :0
move_wards[_BX_FY_]                          :1
move_wards[_BX_FZ_]                          :1
move_wards[_BX_FT_]                          :1
move_wards[_BY_FZ_]                          :0
move_wards[_BY_FT_]                          :0
move_wards[_BZ_FT_]                          :0
move_wards[_FX_FY_]                          :1
move_wards[_FX_FZ_]                          :1
move_wards[_FX_FT_]                          :1
move_wards[_FY_FZ_]                          :0
move_wards[_FY_FT_]                          :0
move_wards[_FZ_FT_]                          :0
lattice set whole time:0.476780701 sec
lattice set end total time:0.005439117 sec
set_ptr:0x56bbac435e00
set_ptrs:0x56bbac43ee80
long long set_ptr:95364048969216
gridDim.x                                    :16
blockDim.x                                   :128
host_params[_LAT_X_]                         :4
host_params[_LAT_Y_]                         :8
host_params[_LAT_Z_]                         :8
host_params[_LAT_T_]                         :8
host_params[_LAT_XYZT_]                      :2048
host_params[_GRID_X_]                        :2
host_params[_GRID_Y_]                        :1
host_params[_GRID_Z_]                        :1
host_params[_GRID_T_]                        :1
host_params[_PARITY_]                        :1
host_params[_NODE_RANK_]                     :0
host_params[_NODE_SIZE_]                     :2
host_params[_DAGGER_]                        :0
host_params[_MAX_ITER_]                      :1000
host_params[_DATA_TYPE_]                     :2
host_params[_SET_INDEX_]                     :1
host_params[_SET_PLAN_]                      :2
host_params[_MG_NUM_LEVEL_]                  :0
host_params[_MG_LEVEL_INDEX_]                :0
host_params[_MG_LEVEL1_E_]                   :0
host_params[_MG_LEVEL1_X_]                   :0
host_params[_MG_LEVEL1_Y_]                   :0
host_params[_MG_LEVEL1_Z_]                   :0
host_params[_MG_LEVEL1_T_]                   :0
host_params[_MG_LEVEL1_MAX_ITER_]            :0
host_params[_MG_LEVEL1_DATA_TYPE_]           :0
host_params[_MG_LEVEL1_NUM_RESTART_]         :0
host_params[_MG_LEVEL2_E_]                   :0
host_params[_MG_LEVEL2_X_]                   :0
host_params[_MG_LEVEL2_Y_]                   :0
host_params[_MG_LEVEL2_Z_]                   :0
host_params[_MG_LEVEL2_T_]                   :0
host_params[_MG_LEVEL2_MAX_ITER_]            :0
host_params[_MG_LEVEL2_DATA_TYPE_]           :0
host_params[_MG_LEVEL2_NUM_RESTART_]         :0
host_params[_MG_LEVEL3_E_]                   :0
host_params[_MG_LEVEL3_X_]                   :0
host_params[_MG_LEVEL3_Y_]                   :0
host_params[_MG_LEVEL3_Z_]                   :0
host_params[_MG_LEVEL3_T_]                   :0
host_params[_MG_LEVEL3_MAX_ITER_]            :0
host_params[_MG_LEVEL3_DATA_TYPE_]           :0
host_params[_MG_LEVEL3_NUM_RESTART_]         :0
host_params[_MG_LEVEL4_E_]                   :0
host_params[_MG_LEVEL4_X_]                   :0
host_params[_MG_LEVEL4_Y_]                   :0
host_params[_MG_LEVEL4_Z_]                   :0
host_params[_MG_LEVEL4_T_]                   :0
host_params[_MG_LEVEL4_MAX_ITER_]            :0
host_params[_MG_LEVEL4_DATA_TYPE_]           :0
host_params[_MG_LEVEL4_NUM_RESTART_]         :0
host_params[_MG_PARAMS_SIZE_]                :1
host_params[_VERBOSE_]                       :1
host_params[_SEED_]                          :42
host_params[_TEST_IN_CPU_]                   :0
host_argv[_MASS_]                            :1.000000e-01
host_argv[_ATOL_]                            :1.000000e-09
host_argv[_SIGMA_]                           :1.000000e-01
host_argv[_MG_LEVEL1_ATOL_]                  :0.000000e+00
host_argv[_MG_LEVEL2_ATOL_]                  :0.000000e+00
host_argv[_MG_LEVEL3_ATOL_]                  :0.000000e+00
host_argv[_MG_LEVEL4_ATOL_]                  :0.000000e+00
lat_2dim[_XY_]                               :32
lat_2dim[_XZ_]                               :32
lat_2dim[_XT_]                               :32
lat_2dim[_YZ_]                               :64
lat_2dim[_YT_]                               :64
lat_2dim[_ZT_]                               :64
lat_3dim[_YZT_]                              :512
lat_3dim[_XZT_]                              :256
lat_3dim[_XYT_]                              :256
lat_3dim[_XYZ_]                              :256
lat_4dim                                     :2048
grid_1dim[_X_]                               :2
grid_1dim[_Y_]                               :1
grid_1dim[_Z_]                               :1
grid_1dim[_T_]                               :1
grid_2dim[_XY_]                              :2
grid_2dim[_XZ_]                              :2
grid_2dim[_XT_]                              :2
grid_2dim[_YZ_]                              :1
grid_2dim[_YT_]                              :1
grid_2dim[_ZT_]                              :1
grid_3dim[_YZT_]                             :1
grid_3dim[_XZT_]                             :2
grid_3dim[_XYT_]                             :2
grid_3dim[_XYZ_]                             :2
grid_index_1dim[_X_]                         :0
grid_index_1dim[_Y_]                         :0
grid_index_1dim[_Z_]                         :0
grid_index_1dim[_T_]                         :0
move_wards[_B_X_]                            :1
move_wards[_B_Y_]                            :0
move_wards[_B_Z_]                            :0
move_wards[_B_T_]                            :0
move_wards[_F_X_]                            :1
move_wards[_F_Y_]                            :0
move_wards[_F_Z_]                            :0
move_wards[_F_T_]                            :0
move_wards[_BX_BY_]                          :1
move_wards[_BX_BZ_]                          :1
move_wards[_BX_BT_]                          :1
move_wards[_BY_BZ_]                          :0
move_wards[_BY_BT_]                          :0
move_wards[_BZ_BT_]                          :0
move_wards[_FX_BY_]                          :1
move_wards[_FX_BZ_]                          :1
move_wards[_FX_BT_]                          :1
move_wards[_FY_BZ_]                          :0
move_wards[_FY_BT_]                          :0
move_wards[_FZ_BT_]                          :0
move_wards[_BX_FY_]                          :1
move_wards[_BX_FZ_]                          :1
move_wards[_BX_FT_]                          :1
move_wards[_BY_FZ_]                          :0
move_wards[_BY_FT_]                          :0
move_wards[_BZ_FT_]                          :0
move_wards[_FX_FY_]                          :1
move_wards[_FX_FZ_]                          :1
move_wards[_FX_FT_]                          :1
lattice set whole time:0.082677116 sec
lattice set end total time:0.009581258 sec
move_wards[_FY_FZ_]                          :0
move_wards[_FY_FT_]                          :0
move_wards[_FZ_FT_]                          :0
lattice set whole time:0.074531776 sec
lattice set end total time:0.009373046 sec
{'rank': 0, 'strict_diagnostics': {'transfer_RP': 1.1174536929584557e-07, 'transfer_adjoint': 4.80444573487049e-10, 'transfer_projection': 1.188083745485965e-07, 'transfer_projection_capture': 0.14814824397646037, 'galerkin_RDP': 0.017748299125624603, 'transfer_block_ortho': 3.5771068951362395e-07, 'schur_reconstruct_even': 2.2440751306944463e-08}}
{'rank': 1, 'strict_diagnostics': {'transfer_RP': 1.2048863204762144e-07, 'transfer_adjoint': 4.80444573487049e-10, 'transfer_projection': 1.2108463388230837e-07, 'transfer_projection_capture': 0.14549783409998665, 'galerkin_RDP': 0.01766208513968945, 'transfer_block_ortho': 3.7720633372373413e-07, 'schur_reconstruct_even': 2.2440751306944463e-08}}
{'rank': 1, 'coordinate': [1, 0, 0, 0], 'mpi_overlap': '1', 'converged': True, 'outer_iterations': 26, 'reported_residual': 0.00023184032761491835, 'python_true_relative': 7.519413974909334e-07}
{'rank': 0, 'coordinate': [0, 0, 0, 0], 'mpi_overlap': '1', 'converged': True, 'outer_iterations': 26, 'reported_residual': 0.00023184032761491835, 'python_true_relative': 7.519413974909334e-07}
{'rank': 0, 'worst_true_relative': 7.519413974909334e-07}
lattice set whole time:3.725363770 sec
lattice set whole time:3.733540039 sec
