###env.sh in /root/PyQCU is sourcing...:2026-08-30-16-01-06###
###env.sh in /root/PyQCU is done......:2026-08-30-16-01-06###
/usr/local/lib/python3.10/dist-packages/torch/cuda/__init__.py:435: UserWarning: 
    Found GPU1 Tesla P100-PCIE-16GB which is of cuda capability 6.0.
    Minimum and Maximum cuda capability supported by this version of PyTorch is
    (7.0) - (12.0)
    
  queued_call()
/usr/local/lib/python3.10/dist-packages/torch/cuda/__init__.py:435: UserWarning: 
    Please install PyTorch with a following CUDA
    configurations:  12.6 following instructions at
    https://pytorch.org/get-started/locally/
    
  queued_call()
/usr/local/lib/python3.10/dist-packages/torch/cuda/__init__.py:435: UserWarning: 
    Found GPU2 Tesla P100-PCIE-16GB which is of cuda capability 6.0.
    Minimum and Maximum cuda capability supported by this version of PyTorch is
    (7.0) - (12.0)
    
  queued_call()
/usr/local/lib/python3.10/dist-packages/torch/cuda/__init__.py:435: UserWarning: 
Tesla P100-PCIE-16GB with CUDA capability sm_60 is not compatible with the current PyTorch installation.
The current PyTorch install supports CUDA capabilities sm_70 sm_75 sm_80 sm_86 sm_90 sm_100 sm_120.
If you want to use the Tesla P100-PCIE-16GB GPU with PyTorch, please check the instructions at https://pytorch.org/get-started/locally/

  queued_call()
[dev87-mg] device=Tesla V100-SXM2-32GB
[dev87-mg] cache level=1 E=12 dtype=c64 loaded
set_ptr:0x5a60f1c028c0
set_ptrs:0x5a60f0bdf980
long long set_ptr:99372419262656
gridDim.x                                    :32
blockDim.x                                   :128
host_params[_LAT_X_]                         :8
host_params[_LAT_Y_]                         :8
host_params[_LAT_Z_]                         :8
host_params[_LAT_T_]                         :8
host_params[_LAT_XYZT_]                      :4096
host_params[_GRID_X_]                        :1
host_params[_GRID_Y_]                        :1
host_params[_GRID_Z_]                        :1
host_params[_GRID_T_]                        :1
host_params[_PARITY_]                        :0
host_params[_NODE_RANK_]                     :0
host_params[_NODE_SIZE_]                     :1
host_params[_DAGGER_]                        :0
host_params[_MAX_ITER_]                      :1000
host_params[_DATA_TYPE_]                     :2
host_params[_SET_INDEX_]                     :0
host_params[_SET_PLAN_]                      :2
host_params[_MG_NUM_LEVEL_]                  :0
host_params[_MG_LEVEL_INDEX_]                :0
host_params[_MG_LEVEL1_E_]                   :0
host_params[_MG_LEVEL1_X_]                   :0
host_params[_MG_LEVEL1_Y_]                   :0
host_params[_MG_LEVEL1_Z_]                   :0
host_params[_MG_LEVEL1_T_]                   :0
host_params[_MG_LEVEL1_MAX_ITER_]            :0
host_params[_MG_LEVEL1_DATA_TYPE_]           :0
host_params[_MG_LEVEL1_NUM_RESTART_]         :0
host_params[_MG_LEVEL2_E_]                   :0
host_params[_MG_LEVEL2_X_]                   :0
host_params[_MG_LEVEL2_Y_]                   :0
host_params[_MG_LEVEL2_Z_]                   :0
host_params[_MG_LEVEL2_T_]                   :0
host_params[_MG_LEVEL2_MAX_ITER_]            :0
host_params[_MG_LEVEL2_DATA_TYPE_]           :0
host_params[_MG_LEVEL2_NUM_RESTART_]         :0
host_params[_MG_LEVEL3_E_]                   :0
host_params[_MG_LEVEL3_X_]                   :0
host_params[_MG_LEVEL3_Y_]                   :0
host_params[_MG_LEVEL3_Z_]                   :0
host_params[_MG_LEVEL3_T_]                   :0
host_params[_MG_LEVEL3_MAX_ITER_]            :0
host_params[_MG_LEVEL3_DATA_TYPE_]           :0
host_params[_MG_LEVEL3_NUM_RESTART_]         :0
host_params[_MG_LEVEL4_E_]                   :0
host_params[_MG_LEVEL4_X_]                   :0
host_params[_MG_LEVEL4_Y_]                   :0
host_params[_MG_LEVEL4_Z_]                   :0
host_params[_MG_LEVEL4_T_]                   :0
host_params[_MG_LEVEL4_MAX_ITER_]            :0
host_params[_MG_LEVEL4_DATA_TYPE_]           :0
host_params[_MG_LEVEL4_NUM_RESTART_]         :0
host_params[_MG_PARAMS_SIZE_]                :1
host_params[_VERBOSE_]                       :1
host_params[_SEED_]                          :42
host_params[_TEST_IN_CPU_]                   :0
host_argv[_MASS_]                            :5.000000e-02
host_argv[_ATOL_]                            :1.000000e-09
host_argv[_SIGMA_]                           :1.000000e-01
host_argv[_MG_LEVEL1_ATOL_]                  :0.000000e+00
host_argv[_MG_LEVEL2_ATOL_]                  :0.000000e+00
host_argv[_MG_LEVEL3_ATOL_]                  :0.000000e+00
host_argv[_MG_LEVEL4_ATOL_]                  :0.000000e+00
lat_2dim[_XY_]                               :64
lat_2dim[_XZ_]                               :64
lat_2dim[_XT_]                               :64
lat_2dim[_YZ_]                               :64
lat_2dim[_YT_]                               :64
lat_2dim[_ZT_]                               :64
lat_3dim[_YZT_]                              :512
lat_3dim[_XZT_]                              :512
lat_3dim[_XYT_]                              :512
lat_3dim[_XYZ_]                              :512
lat_4dim                                     :4096
grid_1dim[_X_]                               :1
grid_1dim[_Y_]                               :1
grid_1dim[_Z_]                               :1
grid_1dim[_T_]                               :1
grid_2dim[_XY_]                              :1
grid_2dim[_XZ_]                              :1
grid_2dim[_XT_]                              :1
grid_2dim[_YZ_]                              :1
grid_2dim[_YT_]                              :1
grid_2dim[_ZT_]                              :1
grid_3dim[_YZT_]                             :1
grid_3dim[_XZT_]                             :1
grid_3dim[_XYT_]                             :1
grid_3dim[_XYZ_]                             :1
grid_index_1dim[_X_]                         :0
grid_index_1dim[_Y_]                         :0
grid_index_1dim[_Z_]                         :0
grid_index_1dim[_T_]                         :0
move_wards[_B_X_]                            :0
move_wards[_B_Y_]                            :0
move_wards[_B_Z_]                            :0
move_wards[_B_T_]                            :0
move_wards[_F_X_]                            :0
move_wards[_F_Y_]                            :0
move_wards[_F_Z_]                            :0
move_wards[_F_T_]                            :0
move_wards[_BX_BY_]                          :0
move_wards[_BX_BZ_]                          :0
move_wards[_BX_BT_]                          :0
move_wards[_BY_BZ_]                          :0
move_wards[_BY_BT_]                          :0
move_wards[_BZ_BT_]                          :0
move_wards[_FX_BY_]                          :0
move_wards[_FX_BZ_]                          :0
move_wards[_FX_BT_]                          :0
move_wards[_FY_BZ_]                          :0
move_wards[_FY_BT_]                          :0
move_wards[_FZ_BT_]                          :0
move_wards[_BX_FY_]                          :0
move_wards[_BX_FZ_]                          :0
move_wards[_BX_FT_]                          :0
move_wards[_BY_FZ_]                          :0
move_wards[_BY_FT_]                          :0
move_wards[_BZ_FT_]                          :0
move_wards[_FX_FY_]                          :0
move_wards[_FX_FZ_]                          :0
move_wards[_FX_FT_]                          :0
move_wards[_FY_FZ_]                          :0
move_wards[_FY_FT_]                          :0
move_wards[_FZ_FT_]                          :0
lattice set init total time:0.065713729 sec
make clover total time: (without malloc free memcpy) :0.047346098 sec
 inverse clover total time: (without malloc free memcpy) :0.033948119 sec
 set_ptr:0x5a60f14017c0
set_ptrs:0x5a60f0bdf980
long long set_ptr:99372410869696
gridDim.x                                    :32
blockDim.x                                   :128
host_params[_LAT_X_]                         :8
host_params[_LAT_Y_]                         :8
host_params[_LAT_Z_]                         :8
host_params[_LAT_T_]                         :8
host_params[_LAT_XYZT_]                      :4096
host_params[_GRID_X_]                        :1
host_params[_GRID_Y_]                        :1
host_params[_GRID_Z_]                        :1
host_params[_GRID_T_]                        :1
host_params[_PARITY_]                        :1
host_params[_NODE_RANK_]                     :0
host_params[_NODE_SIZE_]                     :1
host_params[_DAGGER_]                        :0
host_params[_MAX_ITER_]                      :1000
host_params[_DATA_TYPE_]                     :2
host_params[_SET_INDEX_]                     :1
host_params[_SET_PLAN_]                      :2
host_params[_MG_NUM_LEVEL_]                  :0
host_params[_MG_LEVEL_INDEX_]                :0
host_params[_MG_LEVEL1_E_]                   :0
host_params[_MG_LEVEL1_X_]                   :0
host_params[_MG_LEVEL1_Y_]                   :0
host_params[_MG_LEVEL1_Z_]                   :0
host_params[_MG_LEVEL1_T_]                   :0
host_params[_MG_LEVEL1_MAX_ITER_]            :0
host_params[_MG_LEVEL1_DATA_TYPE_]           :0
host_params[_MG_LEVEL1_NUM_RESTART_]         :0
host_params[_MG_LEVEL2_E_]                   :0
host_params[_MG_LEVEL2_X_]                   :0
host_params[_MG_LEVEL2_Y_]                   :0
host_params[_MG_LEVEL2_Z_]                   :0
host_params[_MG_LEVEL2_T_]                   :0
host_params[_MG_LEVEL2_MAX_ITER_]            :0
host_params[_MG_LEVEL2_DATA_TYPE_]           :0
host_params[_MG_LEVEL2_NUM_RESTART_]         :0
host_params[_MG_LEVEL3_E_]                   :0
host_params[_MG_LEVEL3_X_]                   :0
host_params[_MG_LEVEL3_Y_]                   :0
host_params[_MG_LEVEL3_Z_]                   :0
host_params[_MG_LEVEL3_T_]                   :0
host_params[_MG_LEVEL3_MAX_ITER_]            :0
host_params[_MG_LEVEL3_DATA_TYPE_]           :0
host_params[_MG_LEVEL3_NUM_RESTART_]         :0
host_params[_MG_LEVEL4_E_]                   :0
host_params[_MG_LEVEL4_X_]                   :0
host_params[_MG_LEVEL4_Y_]                   :0
host_params[_MG_LEVEL4_Z_]                   :0
host_params[_MG_LEVEL4_T_]                   :0
host_params[_MG_LEVEL4_MAX_ITER_]            :0
host_params[_MG_LEVEL4_DATA_TYPE_]           :0
host_params[_MG_LEVEL4_NUM_RESTART_]         :0
host_params[_MG_PARAMS_SIZE_]                :1
host_params[_VERBOSE_]                       :1
host_params[_SEED_]                          :42
host_params[_TEST_IN_CPU_]                   :0
host_argv[_MASS_]                            :5.000000e-02
host_argv[_ATOL_]                            :1.000000e-09
host_argv[_SIGMA_]                           :1.000000e-01
host_argv[_MG_LEVEL1_ATOL_]                  :0.000000e+00
host_argv[_MG_LEVEL2_ATOL_]                  :0.000000e+00
host_argv[_MG_LEVEL3_ATOL_]                  :0.000000e+00
host_argv[_MG_LEVEL4_ATOL_]                  :0.000000e+00
lat_2dim[_XY_]                               :64
lat_2dim[_XZ_]                               :64
lat_2dim[_XT_]                               :64
lat_2dim[_YZ_]                               :64
lat_2dim[_YT_]                               :64
lat_2dim[_ZT_]                               :64
lat_3dim[_YZT_]                              :512
lat_3dim[_XZT_]                              :512
lat_3dim[_XYT_]                              :512
lat_3dim[_XYZ_]                              :512
lat_4dim                                     :4096
grid_1dim[_X_]                               :1
grid_1dim[_Y_]                               :1
grid_1dim[_Z_]                               :1
grid_1dim[_T_]                               :1
grid_2dim[_XY_]                              :1
grid_2dim[_XZ_]                              :1
grid_2dim[_XT_]                              :1
grid_2dim[_YZ_]                              :1
grid_2dim[_YT_]                              :1
grid_2dim[_ZT_]                              :1
grid_3dim[_YZT_]                             :1
grid_3dim[_XZT_]                             :1
grid_3dim[_XYT_]                             :1
grid_3dim[_XYZ_]                             :1
grid_index_1dim[_X_]                         :0
grid_index_1dim[_Y_]                         :0
grid_index_1dim[_Z_]                         :0
grid_index_1dim[_T_]                         :0
move_wards[_B_X_]                            :0
move_wards[_B_Y_]                            :0
move_wards[_B_Z_]                            :0
move_wards[_B_T_]                            :0
move_wards[_F_X_]                            :0
move_wards[_F_Y_]                            :0
move_wards[_F_Z_]                            :0
move_wards[_F_T_]                            :0
move_wards[_BX_BY_]                          :0
move_wards[_BX_BZ_]                          :0
move_wards[_BX_BT_]                          :0
move_wards[_BY_BZ_]                          :0
move_wards[_BY_BT_]                          :0
move_wards[_BZ_BT_]                          :0
move_wards[_FX_BY_]                          :0
move_wards[_FX_BZ_]                          :0
move_wards[_FX_BT_]                          :0
move_wards[_FY_BZ_]                          :0
move_wards[_FY_BT_]                          :0
move_wards[_FZ_BT_]                          :0
move_wards[_BX_FY_]                          :0
move_wards[_BX_FZ_]                          :0
move_wards[_BX_FT_]                          :0
move_wards[_BY_FZ_]                          :0
move_wards[_BY_FT_]                          :0
move_wards[_BZ_FT_]                          :0
move_wards[_FX_FY_]                          :0
move_wards[_FX_FZ_]                          :0
move_wards[_FX_FT_]                          :0
move_wards[_FY_FZ_]                          :0
move_wards[_FY_FT_]                          :0
move_wards[_FZ_FT_]                          :0
lattice set init total time:0.003935799 sec
make clover total time: (without malloc free memcpy) :0.008233117 sec
 inverse clover total time: (without malloc free memcpy) :0.000828042 sec
 set_ptr:0x5a60f1c028c0
set_ptrs:0x5a60f0bdf980
long long set_ptr:99372419262656
gridDim.x                                    :32
blockDim.x                                   :128
host_params[_LAT_X_]                         :8
host_params[_LAT_Y_]                         :8
host_params[_LAT_Z_]                         :8
host_params[_LAT_T_]                         :8
host_params[_LAT_XYZT_]                      :4096
host_params[_GRID_X_]                        :1
host_params[_GRID_Y_]                        :1
host_params[_GRID_Z_]                        :1
host_params[_GRID_T_]                        :1
host_params[_PARITY_]                        :0
host_params[_NODE_RANK_]                     :0
host_params[_NODE_SIZE_]                     :1
host_params[_DAGGER_]                        :0
host_params[_MAX_ITER_]                      :1000
host_params[_DATA_TYPE_]                     :2
host_params[_SET_INDEX_]                     :0
host_params[_SET_PLAN_]                      :2
host_params[_MG_NUM_LEVEL_]                  :0
host_params[_MG_LEVEL_INDEX_]                :0
host_params[_MG_LEVEL1_E_]                   :0
host_params[_MG_LEVEL1_X_]                   :0
host_params[_MG_LEVEL1_Y_]                   :0
host_params[_MG_LEVEL1_Z_]                   :0
host_params[_MG_LEVEL1_T_]                   :0
host_params[_MG_LEVEL1_MAX_ITER_]            :0
host_params[_MG_LEVEL1_DATA_TYPE_]           :0
host_params[_MG_LEVEL1_NUM_RESTART_]         :0
host_params[_MG_LEVEL2_E_]                   :0
host_params[_MG_LEVEL2_X_]                   :0
host_params[_MG_LEVEL2_Y_]                   :0
host_params[_MG_LEVEL2_Z_]                   :0
host_params[_MG_LEVEL2_T_]                   :0
host_params[_MG_LEVEL2_MAX_ITER_]            :0
host_params[_MG_LEVEL2_DATA_TYPE_]           :0
host_params[_MG_LEVEL2_NUM_RESTART_]         :0
host_params[_MG_LEVEL3_E_]                   :0
host_params[_MG_LEVEL3_X_]                   :0
host_params[_MG_LEVEL3_Y_]                   :0
host_params[_MG_LEVEL3_Z_]                   :0
host_params[_MG_LEVEL3_T_]                   :0
host_params[_MG_LEVEL3_MAX_ITER_]            :0
host_params[_MG_LEVEL3_DATA_TYPE_]           :0
host_params[_MG_LEVEL3_NUM_RESTART_]         :0
host_params[_MG_LEVEL4_E_]                   :0
host_params[_MG_LEVEL4_X_]                   :0
host_params[_MG_LEVEL4_Y_]                   :0
host_params[_MG_LEVEL4_Z_]                   :0
host_params[_MG_LEVEL4_T_]                   :0
host_params[_MG_LEVEL4_MAX_ITER_]            :0
host_params[_MG_LEVEL4_DATA_TYPE_]           :0
host_params[_MG_LEVEL4_NUM_RESTART_]         :0
host_params[_MG_PARAMS_SIZE_]                :1
host_params[_VERBOSE_]                       :1
host_params[_SEED_]                          :42
host_params[_TEST_IN_CPU_]                   :0
host_argv[_MASS_]                            :5.000000e-02
host_argv[_ATOL_]                            :1.000000e-09
host_argv[_SIGMA_]                           :1.000000e-01
host_argv[_MG_LEVEL1_ATOL_]                  :0.000000e+00
host_argv[_MG_LEVEL2_ATOL_]                  :0.000000e+00
host_argv[_MG_LEVEL3_ATOL_]                  :0.000000e+00
host_argv[_MG_LEVEL4_ATOL_]                  :0.000000e+00
lat_2dim[_XY_]                               :64
lat_2dim[_XZ_]                               :64
lat_2dim[_XT_]                               :64
lat_2dim[_YZ_]                               :64
lat_2dim[_YT_]                               :64
lat_2dim[_ZT_]                               :64
lat_3dim[_YZT_]                              :512
lat_3dim[_XZT_]                              :512
lat_3dim[_XYT_]                              :512
lat_3dim[_XYZ_]                              :512
lat_4dim                                     :4096
grid_1dim[_X_]                               :1
grid_1dim[_Y_]                               :1
grid_1dim[_Z_]                               :1
grid_1dim[_T_]                               :1
grid_2dim[_XY_]                              :1
grid_2dim[_XZ_]                              :1
grid_2dim[_XT_]                              :1
grid_2dim[_YZ_]                              :1
grid_2dim[_YT_]                              :1
grid_2dim[_ZT_]                              :1
grid_3dim[_YZT_]                             :1
grid_3dim[_XZT_]                             :1
grid_3dim[_XYT_]                             :1
grid_3dim[_XYZ_]                             :1
grid_index_1dim[_X_]                         :0
grid_index_1dim[_Y_]                         :0
grid_index_1dim[_Z_]                         :0
grid_index_1dim[_T_]                         :0
move_wards[_B_X_]                            :0
move_wards[_B_Y_]                            :0
move_wards[_B_Z_]                            :0
move_wards[_B_T_]                            :0
move_wards[_F_X_]                            :0
move_wards[_F_Y_]                            :0
move_wards[_F_Z_]                            :0
move_wards[_F_T_]                            :0
move_wards[_BX_BY_]                          :0
move_wards[_BX_BZ_]                          :0
move_wards[_BX_BT_]                          :0
move_wards[_BY_BZ_]                          :0
move_wards[_BY_BT_]                          :0
move_wards[_BZ_BT_]                          :0
move_wards[_FX_BY_]                          :0
move_wards[_FX_BZ_]                          :0
move_wards[_FX_BT_]                          :0
move_wards[_FY_BZ_]                          :0
move_wards[_FY_BT_]                          :0
move_wards[_FZ_BT_]                          :0
move_wards[_BX_FY_]                          :0
move_wards[_BX_FZ_]                          :0
move_wards[_BX_FT_]                          :0
move_wards[_BY_FZ_]                          :0
move_wards[_BY_FT_]                          :0
move_wards[_BZ_FT_]                          :0
move_wards[_FX_FY_]                          :0
move_wards[_FX_FZ_]                          :0
move_wards[_FX_FT_]                          :0
move_wards[_FY_FZ_]                          :0
move_wards[_FY_FT_]                          :0
move_wards[_FZ_FT_]                          :0
lattice set whole time:0.164472122 sec
lattice set end total time:0.002361119 sec
set_ptr:0x5a60f14017c0
set_ptrs:0x5a60f0bdf980
long long set_ptr:99372410869696
gridDim.x                                    :32
blockDim.x                                   :128
host_params[_LAT_X_]                         :8
host_params[_LAT_Y_]                         :8
host_params[_LAT_Z_]                         :8
host_params[_LAT_T_]                         :8
host_params[_LAT_XYZT_]                      :4096
host_params[_GRID_X_]                        :1
host_params[_GRID_Y_]                        :1
host_params[_GRID_Z_]                        :1
host_params[_GRID_T_]                        :1
host_params[_PARITY_]                        :1
host_params[_NODE_RANK_]                     :0
host_params[_NODE_SIZE_]                     :1
host_params[_DAGGER_]                        :0
host_params[_MAX_ITER_]                      :1000
host_params[_DATA_TYPE_]                     :2
host_params[_SET_INDEX_]                     :1
host_params[_SET_PLAN_]                      :2
host_params[_MG_NUM_LEVEL_]                  :0
host_params[_MG_LEVEL_INDEX_]                :0
host_params[_MG_LEVEL1_E_]                   :0
host_params[_MG_LEVEL1_X_]                   :0
host_params[_MG_LEVEL1_Y_]                   :0
host_params[_MG_LEVEL1_Z_]                   :0
host_params[_MG_LEVEL1_T_]                   :0
host_params[_MG_LEVEL1_MAX_ITER_]            :0
host_params[_MG_LEVEL1_DATA_TYPE_]           :0
host_params[_MG_LEVEL1_NUM_RESTART_]         :0
host_params[_MG_LEVEL2_E_]                   :0
host_params[_MG_LEVEL2_X_]                   :0
host_params[_MG_LEVEL2_Y_]                   :0
host_params[_MG_LEVEL2_Z_]                   :0
host_params[_MG_LEVEL2_T_]                   :0
host_params[_MG_LEVEL2_MAX_ITER_]            :0
host_params[_MG_LEVEL2_DATA_TYPE_]           :0
host_params[_MG_LEVEL2_NUM_RESTART_]         :0
host_params[_MG_LEVEL3_E_]                   :0
host_params[_MG_LEVEL3_X_]                   :0
host_params[_MG_LEVEL3_Y_]                   :0
host_params[_MG_LEVEL3_Z_]                   :0
host_params[_MG_LEVEL3_T_]                   :0
host_params[_MG_LEVEL3_MAX_ITER_]            :0
host_params[_MG_LEVEL3_DATA_TYPE_]           :0
host_params[_MG_LEVEL3_NUM_RESTART_]         :0
host_params[_MG_LEVEL4_E_]                   :0
host_params[_MG_LEVEL4_X_]                   :0
host_params[_MG_LEVEL4_Y_]                   :0
host_params[_MG_LEVEL4_Z_]                   :0
host_params[_MG_LEVEL4_T_]                   :0
host_params[_MG_LEVEL4_MAX_ITER_]            :0
host_params[_MG_LEVEL4_DATA_TYPE_]           :0
host_params[_MG_LEVEL4_NUM_RESTART_]         :0
host_params[_MG_PARAMS_SIZE_]                :1
host_params[_VERBOSE_]                       :1
host_params[_SEED_]                          :42
host_params[_TEST_IN_CPU_]                   :0
host_argv[_MASS_]                            :5.000000e-02
host_argv[_ATOL_]                            :1.000000e-09
host_argv[_SIGMA_]                           :1.000000e-01
host_argv[_MG_LEVEL1_ATOL_]                  :0.000000e+00
host_argv[_MG_LEVEL2_ATOL_]                  :0.000000e+00
host_argv[_MG_LEVEL3_ATOL_]                  :0.000000e+00
host_argv[_MG_LEVEL4_ATOL_]                  :0.000000e+00
lat_2dim[_XY_]                               :64
lat_2dim[_XZ_]                               :64
lat_2dim[_XT_]                               :64
lat_2dim[_YZ_]                               :64
lat_2dim[_YT_]                               :64
lat_2dim[_ZT_]                               :64
lat_3dim[_YZT_]                              :512
lat_3dim[_XZT_]                              :512
lat_3dim[_XYT_]                              :512
lat_3dim[_XYZ_]                              :512
lat_4dim                                     :4096
grid_1dim[_X_]                               :1
grid_1dim[_Y_]                               :1
grid_1dim[_Z_]                               :1
grid_1dim[_T_]                               :1
grid_2dim[_XY_]                              :1
grid_2dim[_XZ_]                              :1
grid_2dim[_XT_]                              :1
grid_2dim[_YZ_]                              :1
grid_2dim[_YT_]                              :1
grid_2dim[_ZT_]                              :1
grid_3dim[_YZT_]                             :1
grid_3dim[_XZT_]                             :1
grid_3dim[_XYT_]                             :1
grid_3dim[_XYZ_]                             :1
grid_index_1dim[_X_]                         :0
grid_index_1dim[_Y_]                         :0
grid_index_1dim[_Z_]                         :0
grid_index_1dim[_T_]                         :0
move_wards[_B_X_]                            :0
move_wards[_B_Y_]                            :0
move_wards[_B_Z_]                            :0
move_wards[_B_T_]                            :0
move_wards[_F_X_]                            :0
move_wards[_F_Y_]                            :0
move_wards[_F_Z_]                            :0
move_wards[_F_T_]                            :0
move_wards[_BX_BY_]                          :0
move_wards[_BX_BZ_]                          :0
move_wards[_BX_BT_]                          :0
move_wards[_BY_BZ_]                          :0
move_wards[_BY_BT_]                          :0
move_wards[_BZ_BT_]                          :0
move_wards[_FX_BY_]                          :0
move_wards[_FX_BZ_]                          :0
move_wards[_FX_BT_]                          :0
move_wards[_FY_BZ_]                          :0
move_wards[_FY_BT_]                          :0
move_wards[_FZ_BT_]                          :0
move_wards[_BX_FY_]                          :0
move_wards[_BX_FZ_]                          :0
move_wards[_BX_FT_]                          :0
move_wards[_BY_FZ_]                          :0
move_wards[_BY_FT_]                          :0
move_wards[_BZ_FT_]                          :0
move_wards[_FX_FY_]                          :0
move_wards[_FX_FZ_]                          :0
move_wards[_FX_FT_]                          :0
move_wards[_FY_FZ_]                          :0
move_wards[_FY_FT_]                          :0
move_wards[_FZ_FT_]                          :0
lattice set whole time:0.020237312 sec
lattice set end total time:0.004099608 sec
PYQCU::SOLVER::MULTIGRID::
 self.dof_list:[12, 12]
 self.lat_size_list:[[8, 8, 8, 8], [4, 4, 4, 4]]
 num_restart:5
 tol:1.000000e-06
 max_iter:1000
 Lt_full:16
 mg_grid_size:[2,2,2,2]
 smoother:CG
 cycle:V
PYQCU::QCU::MULTIGRID::
 MG_INIT_COMPLETE: 2 levels, Lt_full=16, num_restart=5, smoother=CG, cycle=V
PYQCU::SOLVER::MULTIGRID::
 1: FUSED-PARALLEL coarse solve (12 dof, 4x4x4x4, grid=12) in 2.721538 ms
PYQCU::SOLVER::MULTIGRID::
 1: FUSED-PARALLEL coarse solve (12 dof, 4x4x4x4, grid=12) in 2.495126 ms
PYQCU::SOLVER::MULTIGRID::
 1: FUSED-PARALLEL coarse solve (12 dof, 4x4x4x4, grid=12) in 2.807242 ms
PYQCU::SOLVER::MULTIGRID::
 1: FUSED-PARALLEL coarse solve (12 dof, 4x4x4x4, grid=12) in 4.564531 ms
PYQCU::SOLVER::MULTIGRID::
 1: FUSED-PARALLEL coarse solve (12 dof, 4x4x4x4, grid=12) in 2.886946 ms
PYQCU::SOLVER::MULTIGRID::
 1: FUSED-PARALLEL coarse solve (12 dof, 4x4x4x4, grid=12) in 3.786992 ms
PYQCU::SOLVER::MULTIGRID::
 1: FUSED-PARALLEL coarse solve (12 dof, 4x4x4x4, grid=12) in 2.537129 ms
PYQCU::SOLVER::MULTIGRID::
 1: FUSED-PARALLEL coarse solve (12 dof, 4x4x4x4, grid=12) in 3.228064 ms
PYQCU::SOLVER::MULTIGRID::
 1: FUSED-PARALLEL coarse solve (12 dof, 4x4x4x4, grid=12) in 2.533929 ms
PYQCU::SOLVER::MULTIGRID::
 1: FUSED-PARALLEL coarse solve (12 dof, 4x4x4x4, grid=12) in 3.097757 ms
PYQCU::SOLVER::MULTIGRID::
 1: FUSED-PARALLEL coarse solve (12 dof, 4x4x4x4, grid=12) in 2.624333 ms
PYQCU::SOLVER::MULTIGRID::
 1: FUSED-PARALLEL coarse solve (12 dof, 4x4x4x4, grid=12) in 2.603532 ms
PYQCU::SOLVER::MULTIGRID::
 1: FUSED-PARALLEL coarse solve (12 dof, 4x4x4x4, grid=12) in 4.793943 ms
PYQCU::SOLVER::MULTIGRID::
 1: FUSED-PARALLEL coarse solve (12 dof, 4x4x4x4, grid=12) in 2.691836 ms
PYQCU::SOLVER::MULTIGRID::
 1: FUSED-PARALLEL coarse solve (12 dof, 4x4x4x4, grid=12) in 2.553129 ms
PYQCU::SOLVER::MULTIGRID::
 1: FUSED-PARALLEL coarse solve (12 dof, 4x4x4x4, grid=12) in 2.595531 ms
PYQCU::SOLVER::MULTIGRID::
 1: FUSED-PARALLEL coarse solve (12 dof, 4x4x4x4, grid=12) in 3.599082 ms
PYQCU::SOLVER::MULTIGRID::
 1: FUSED-PARALLEL coarse solve (12 dof, 4x4x4x4, grid=12) in 3.440074 ms
PYQCU::SOLVER::MULTIGRID::
 1: FUSED-PARALLEL coarse solve (12 dof, 4x4x4x4, grid=12) in 3.234564 ms
PYQCU::SOLVER::MULTIGRID::
 1: FUSED-PARALLEL coarse solve (12 dof, 4x4x4x4, grid=12) in 2.496826 ms
PYQCU::SOLVER::MULTIGRID::
 1: FUSED-PARALLEL coarse solve (12 dof, 4x4x4x4, grid=12) in 2.514527 ms
PYQCU::SOLVER::MULTIGRID::
 1: FUSED-PARALLEL coarse solve (12 dof, 4x4x4x4, grid=12) in 2.555829 ms
PYQCU::SOLVER::MULTIGRID::
 1: FUSED-PARALLEL coarse solve (12 dof, 4x4x4x4, grid=12) in 2.508427 ms
PYQCU::SOLVER::MULTIGRID::
 1: FUSED-PARALLEL coarse solve (12 dof, 4x4x4x4, grid=12) in 3.701988 ms
PYQCU::SOLVER::MULTIGRID::
 1: FUSED-PARALLEL coarse solve (12 dof, 4x4x4x4, grid=12) in 3.541479 ms
PYQCU::SOLVER::MULTIGRID::
 1: FUSED-PARALLEL coarse solve (12 dof, 4x4x4x4, grid=12) in 2.537928 ms
PYQCU::SOLVER::MULTIGRID::
 1: FUSED-PARALLEL coarse solve (12 dof, 4x4x4x4, grid=12) in 2.472526 ms
PYQCU::SOLVER::MULTIGRID::
 1: FUSED-PARALLEL coarse solve (12 dof, 4x4x4x4, grid=12) in 3.626283 ms
PYQCU::SOLVER::MULTIGRID::
 1: FUSED-PARALLEL coarse solve (12 dof, 4x4x4x4, grid=12) in 2.523427 ms
PYQCU::SOLVER::MULTIGRID::
 1: FUSED-PARALLEL coarse solve (12 dof, 4x4x4x4, grid=12) in 2.531128 ms
PYQCU::SOLVER::MULTIGRID::
 1: FUSED-PARALLEL coarse solve (12 dof, 4x4x4x4, grid=12) in 2.572530 ms
PYQCU::SOLVER::MULTIGRID::
 1: FUSED-PARALLEL coarse solve (12 dof, 4x4x4x4, grid=12) in 2.482525 ms
PYQCU::SOLVER::MULTIGRID::
 1: FUSED-PARALLEL coarse solve (12 dof, 4x4x4x4, grid=12) in 2.559030 ms
PYQCU::SOLVER::MULTIGRID::
 1: FUSED-PARALLEL coarse solve (12 dof, 4x4x4x4, grid=12) in 3.579681 ms
PYQCU::SOLVER::MULTIGRID::
 1: FUSED-PARALLEL coarse solve (12 dof, 4x4x4x4, grid=12) in 2.503027 ms
PYQCU::SOLVER::MULTIGRID::
 1: FUSED-PARALLEL coarse solve (12 dof, 4x4x4x4, grid=12) in 2.515627 ms
PYQCU::SOLVER::MULTIGRID::
 1: FUSED-PARALLEL coarse solve (12 dof, 4x4x4x4, grid=12) in 3.585081 ms
PYQCU::SOLVER::MULTIGRID::
 1: FUSED-PARALLEL coarse solve (12 dof, 4x4x4x4, grid=12) in 2.492927 ms
PYQCU::SOLVER::MULTIGRID::
 1: FUSED-PARALLEL coarse solve (12 dof, 4x4x4x4, grid=12) in 2.832043 ms
PYQCU::SOLVER::MULTIGRID::
 1: FUSED-PARALLEL coarse solve (12 dof, 4x4x4x4, grid=12) in 3.579682 ms
PYQCU::SOLVER::MULTIGRID::
 1: FUSED-PARALLEL coarse solve (12 dof, 4x4x4x4, grid=12) in 2.479726 ms
PYQCU::SOLVER::MULTIGRID::
 1: FUSED-PARALLEL coarse solve (12 dof, 4x4x4x4, grid=12) in 2.699737 ms
PYQCU::SOLVER::MULTIGRID::
 1: FUSED-PARALLEL coarse solve (12 dof, 4x4x4x4, grid=12) in 2.550430 ms
PYQCU::SOLVER::MULTIGRID::
 1: FUSED-PARALLEL coarse solve (12 dof, 4x4x4x4, grid=12) in 2.464625 ms
PYQCU::SOLVER::MULTIGRID::
 1: FUSED-PARALLEL coarse solve (12 dof, 4x4x4x4, grid=12) in 2.607032 ms
PYQCU::SOLVER::MULTIGRID::
 1: FUSED-PARALLEL coarse solve (12 dof, 4x4x4x4, grid=12) in 3.567780 ms
PYQCU::SOLVER::MULTIGRID::
 1: FUSED-PARALLEL coarse solve (12 dof, 4x4x4x4, grid=12) in 2.467425 ms
PYQCU::SOLVER::MULTIGRID::
 1: FUSED-PARALLEL coarse solve (12 dof, 4x4x4x4, grid=12) in 2.543329 ms
PYQCU::SOLVER::MULTIGRID::
 1: FUSED-PARALLEL coarse solve (12 dof, 4x4x4x4, grid=12) in 3.920299 ms
PYQCU::SOLVER::MULTIGRID::
 1: FUSED-PARALLEL coarse solve (12 dof, 4x4x4x4, grid=12) in 2.493026 ms
PYQCU::SOLVER::MULTIGRID::
 1: FUSED-PARALLEL coarse solve (12 dof, 4x4x4x4, grid=12) in 2.485126 ms
PYQCU::SOLVER::MULTIGRID::
 1: FUSED-PARALLEL coarse solve (12 dof, 4x4x4x4, grid=12) in 3.010352 ms
PYQCU::SOLVER::MULTIGRID::
 1: FUSED-PARALLEL coarse solve (12 dof, 4x4x4x4, grid=12) in 3.679287 ms
PYQCU::SOLVER::MULTIGRID::
 1: FUSED-PARALLEL coarse solve (12 dof, 4x4x4x4, grid=12) in 2.463925 ms
PYQCU::SOLVER::MULTIGRID::
 1: FUSED-PARALLEL coarse solve (12 dof, 4x4x4x4, grid=12) in 3.000952 ms
PYQCU::SOLVER::MULTIGRID::
 1: FUSED-PARALLEL coarse solve (12 dof, 4x4x4x4, grid=12) in 2.506527 ms
PYQCU::SOLVER::MULTIGRID::
 1: FUSED-PARALLEL coarse solve (12 dof, 4x4x4x4, grid=12) in 2.479925 ms
PYQCU::SOLVER::MULTIGRID::
 1: FUSED-PARALLEL coarse solve (12 dof, 4x4x4x4, grid=12) in 2.509427 ms
PYQCU::SOLVER::MULTIGRID::
 1: FUSED-PARALLEL coarse solve (12 dof, 4x4x4x4, grid=12) in 2.554229 ms
PYQCU::SOLVER::MULTIGRID::
 1: FUSED-PARALLEL coarse solve (12 dof, 4x4x4x4, grid=12) in 2.523128 ms
PYQCU::SOLVER::MULTIGRID::
 1: FUSED-PARALLEL coarse solve (12 dof, 4x4x4x4, grid=12) in 4.793843 ms
PYQCU::SOLVER::MULTIGRID::
 1: FUSED-PARALLEL coarse solve (12 dof, 4x4x4x4, grid=12) in 2.477825 ms
PYQCU::SOLVER::MULTIGRID::
 1: FUSED-PARALLEL coarse solve (12 dof, 4x4x4x4, grid=12) in 2.442223 ms
PYQCU::SOLVER::MULTIGRID::
 1: FUSED-PARALLEL coarse solve (12 dof, 4x4x4x4, grid=12) in 2.486026 ms
PYQCU::SOLVER::MULTIGRID::
 1: FUSED-PARALLEL coarse solve (12 dof, 4x4x4x4, grid=12) in 2.509127 ms
PYQCU::SOLVER::MULTIGRID::
 1: FUSED-PARALLEL coarse solve (12 dof, 4x4x4x4, grid=12) in 3.337869 ms
PYQCU::SOLVER::MULTIGRID::
 1: FUSED-PARALLEL coarse solve (12 dof, 4x4x4x4, grid=12) in 3.844395 ms
PYQCU::SOLVER::MULTIGRID::
 1: FUSED-PARALLEL coarse solve (12 dof, 4x4x4x4, grid=12) in 2.526928 ms
PYQCU::SOLVER::MULTIGRID::
 1: FUSED-PARALLEL coarse solve (12 dof, 4x4x4x4, grid=12) in 3.087056 ms
PYQCU::SOLVER::MULTIGRID::
 1: FUSED-PARALLEL coarse solve (12 dof, 4x4x4x4, grid=12) in 2.510427 ms
PYQCU::SOLVER::MULTIGRID::
 1: FUSED-PARALLEL coarse solve (12 dof, 4x4x4x4, grid=12) in 3.736389 ms
PYQCU::SOLVE[result] /root/PyQCU/examples/qcu/dev87/out/qcu_clover_mg.json
[result] /root/PyQCU/examples/qcu/dev87/out/qcu_mg_current_2l_ca_gcr.json
{
  "lat": [
    8,
    8,
    8,
    16
  ],
  "mass": 0.05,
  "atol": 1e-06,
  "levels": 2,
  "E": [
    12
  ],
  "nvi": 1,
  "fine_dtype": "c64",
  "coarse_dtypes": [
    "c64"
  ],
  "mg_grid": [
    2,
    2,
    2,
    2
  ],
  "restart": 5,
  "coarse_max_iter": 15,
  "coarse_tol_factor": 3000.0,
  "max_iter": 1000,
  "mu_pre": 4,
  "solver": "ca-gcr",
  "gcr": false,
  "smoother": "ca-gcr",
  "cycle": "v",
  "deflate": false,
  "warm_requested": false,
  "mg_wall_s": 0.8832179330056533,
  "rel_diff_vs_bistabcg": 9.401095439898199e-07,
  "history_len": 21,
  "history_final": 0.0001345654,
  "true_residual_rel": 4.5269940619038705e-07,
  "label": "current_2l_ca_gcr"
}
R::MULTIGRID::
 1: FUSED-PARALLEL coarse solve (12 dof, 4x4x4x4, grid=12) in 3.827894 ms
PYQCU::SOLVER::MULTIGRID::
 1: FUSED-PARALLEL coarse solve (12 dof, 4x4x4x4, grid=12) in 2.531929 ms
PYQCU::SOLVER::MULTIGRID::
 1: FUSED-PARALLEL coarse solve (12 dof, 4x4x4x4, grid=12) in 3.979401 ms
PYQCU::SOLVER::MULTIGRID::
 1: FUSED-PARALLEL coarse solve (12 dof, 4x4x4x4, grid=12) in 2.646434 ms
PYQCU::SOLVER::MULTIGRID::
 1: FUSED-PARALLEL coarse solve (12 dof, 4x4x4x4, grid=12) in 3.723488 ms
PYQCU::SOLVER::MULTIGRID::
 1: FUSED-PARALLEL coarse solve (12 dof, 4x4x4x4, grid=12) in 2.485326 ms
PYQCU::SOLVER::MULTIGRID::
 1: FUSED-PARALLEL coarse solve (12 dof, 4x4x4x4, grid=12) in 4.439525 ms
PYQCU::SOLVER::MULTIGRID::
 1: FUSED-PARALLEL coarse solve (12 dof, 4x4x4x4, grid=12) in 2.502327 ms
PYQCU::SOLVER::MULTIGRID::
 1: FUSED-PARALLEL coarse solve (12 dof, 4x4x4x4, grid=12) in 2.479925 ms
PYQCU::SOLVER::MULTIGRID::
 CA-GCR iterations: 80, final residual: 1.345654e-04
MG init=0.6ms end=0.9ms solve=881.4ms
lattice set whole time:0.924161621 sec
