/usr/local/lib/python3.10/dist-packages/torch/cuda/__init__.py:435: UserWarning: 
    Found GPU1 Tesla P100-PCIE-16GB which is of cuda capability 6.0.
    Minimum and Maximum cuda capability supported by this version of PyTorch is
    (7.0) - (12.0)
    
  queued_call()
/usr/local/lib/python3.10/dist-packages/torch/cuda/__init__.py:435: UserWarning: 
    Please install PyTorch with a following CUDA
    configurations:  12.6 following instructions at
    https://pytorch.org/get-started/locally/
    
  queued_call()
/usr/local/lib/python3.10/dist-packages/torch/cuda/__init__.py:435: UserWarning: 
    Found GPU2 Tesla P100-PCIE-16GB which is of cuda capability 6.0.
    Minimum and Maximum cuda capability supported by this version of PyTorch is
    (7.0) - (12.0)
    
  queued_call()
/usr/local/lib/python3.10/dist-packages/torch/cuda/__init__.py:435: UserWarning: 
Tesla P100-PCIE-16GB with CUDA capability sm_60 is not compatible with the current PyTorch installation.
The current PyTorch install supports CUDA capabilities sm_70 sm_75 sm_80 sm_86 sm_90 sm_100 sm_120.
If you want to use the Tesla P100-PCIE-16GB GPU with PyTorch, please check the instructions at https://pytorch.org/get-started/locally/

  queued_call()
set_ptr:0x63b86291dfe0
set_ptrs:0x63b8628e66c0
long long set_ptr:109643578859488
gridDim.x                                    :32
blockDim.x                                   :128
host_params[_LAT_X_]                         :8
host_params[_LAT_Y_]                         :8
host_params[_LAT_Z_]                         :8
host_params[_LAT_T_]                         :8
host_params[_LAT_XYZT_]                      :4096
host_params[_GRID_X_]                        :1
host_params[_GRID_Y_]                        :1
host_params[_GRID_Z_]                        :1
host_params[_GRID_T_]                        :1
host_params[_PARITY_]                        :0
host_params[_NODE_RANK_]                     :0
host_params[_NODE_SIZE_]                     :1
host_params[_DAGGER_]                        :0
host_params[_MAX_ITER_]                      :1000
host_params[_DATA_TYPE_]                     :2
host_params[_SET_INDEX_]                     :0
host_params[_SET_PLAN_]                      :2
host_params[_MG_NUM_LEVEL_]                  :0
host_params[_MG_LEVEL_INDEX_]                :0
host_params[_MG_LEVEL1_E_]                   :0
host_params[_MG_LEVEL1_X_]                   :0
host_params[_MG_LEVEL1_Y_]                   :0
host_params[_MG_LEVEL1_Z_]                   :0
host_params[_MG_LEVEL1_T_]                   :0
host_params[_MG_LEVEL1_MAX_ITER_]            :0
host_params[_MG_LEVEL1_DATA_TYPE_]           :0
host_params[_MG_LEVEL1_NUM_RESTART_]         :0
host_params[_MG_LEVEL2_E_]                   :0
host_params[_MG_LEVEL2_X_]                   :0
host_params[_MG_LEVEL2_Y_]                   :0
host_params[_MG_LEVEL2_Z_]                   :0
host_params[_MG_LEVEL2_T_]                   :0
host_params[_MG_LEVEL2_MAX_ITER_]            :0
host_params[_MG_LEVEL2_DATA_TYPE_]           :0
host_params[_MG_LEVEL2_NUM_RESTART_]         :0
host_params[_MG_LEVEL3_E_]                   :0
host_params[_MG_LEVEL3_X_]                   :0
host_params[_MG_LEVEL3_Y_]                   :0
host_params[_MG_LEVEL3_Z_]                   :0
host_params[_MG_LEVEL3_T_]                   :0
host_params[_MG_LEVEL3_MAX_ITER_]            :0
host_params[_MG_LEVEL3_DATA_TYPE_]           :0
host_params[_MG_LEVEL3_NUM_RESTART_]         :0
host_params[_MG_LEVEL4_E_]                   :0
host_params[_MG_LEVEL4_X_]                   :0
host_params[_MG_LEVEL4_Y_]                   :0
host_params[_MG_LEVEL4_Z_]                   :0
host_params[_MG_LEVEL4_T_]                   :0
host_params[_MG_LEVEL4_MAX_ITER_]            :0
host_params[_MG_LEVEL4_DATA_TYPE_]           :0
host_params[_MG_LEVEL4_NUM_RESTART_]         :0
host_params[_MG_PARAMS_SIZE_]                :1
host_params[_VERBOSE_]                       :1
host_params[_SEED_]                          :42
host_params[_TEST_IN_CPU_]                   :0
host_argv[_MASS_]                            :5.000000e-02
host_argv[_ATOL_]                            :1.000000e-09
host_argv[_SIGMA_]                           :1.000000e-01
host_argv[_MG_LEVEL1_ATOL_]                  :0.000000e+00
host_argv[_MG_LEVEL2_ATOL_]                  :0.000000e+00
host_argv[_MG_LEVEL3_ATOL_]                  :0.000000e+00
host_argv[_MG_LEVEL4_ATOL_]                  :0.000000e+00
lat_2dim[_XY_]                               :64
lat_2dim[_XZ_]                               :64
lat_2dim[_XT_]                               :64
lat_2dim[_YZ_]                               :64
lat_2dim[_YT_]                               :64
lat_2dim[_ZT_]                               :64
lat_3dim[_YZT_]                              :512
lat_3dim[_XZT_]                              :512
lat_3dim[_XYT_]                              :512
lat_3dim[_XYZ_]                              :512
lat_4dim                                     :4096
grid_1dim[_X_]                               :1
grid_1dim[_Y_]                               :1
grid_1dim[_Z_]                               :1
grid_1dim[_T_]                               :1
grid_2dim[_XY_]                              :1
grid_2dim[_XZ_]                              :1
grid_2dim[_XT_]                              :1
grid_2dim[_YZ_]                              :1
grid_2dim[_YT_]                              :1
grid_2dim[_ZT_]                              :1
grid_3dim[_YZT_]                             :1
grid_3dim[_XZT_]                             :1
grid_3dim[_XYT_]                             :1
grid_3dim[_XYZ_]                             :1
grid_index_1dim[_X_]                         :0
grid_index_1dim[_Y_]                         :0
grid_index_1dim[_Z_]                         :0
grid_index_1dim[_T_]                         :0
move_wards[_B_X_]                            :0
move_wards[_B_Y_]                            :0
move_wards[_B_Z_]                            :0
move_wards[_B_T_]                            :0
move_wards[_F_X_]                            :0
move_wards[_F_Y_]                            :0
move_wards[_F_Z_]                            :0
move_wards[_F_T_]                            :0
move_wards[_BX_BY_]                          :0
move_wards[_BX_BZ_]                          :0
move_wards[_BX_BT_]                          :0
move_wards[_BY_BZ_]                          :0
move_wards[_BY_BT_]                          :0
move_wards[_BZ_BT_]                          :0
move_wards[_FX_BY_]                          :0
move_wards[_FX_BZ_]                          :0
move_wards[_FX_BT_]                          :0
move_wards[_FY_BZ_]                          :0
move_wards[_FY_BT_]                          :0
move_wards[_FZ_BT_]                          :0
move_wards[_BX_FY_]                          :0
move_wards[_BX_FZ_]                          :0
move_wards[_BX_FT_]                          :0
move_wards[_BY_FZ_]                          :0
move_wards[_BY_FT_]                          :0
move_wards[_BZ_FT_]                          :0
move_wards[_FX_FY_]                          :0
move_wards[_FX_FZ_]                          :0
move_wards[_FX_FT_]                          :0
move_wards[_FY_FZ_]                          :0
move_wards[_FY_FT_]                          :0
move_wards[_FZ_FT_]                          :0
lattice set init total time:0.074344569 sec
make clover total time: (without malloc free memcpy) :0.046675366 sec
 inverse clover total time: (without malloc free memcpy) :0.031698606 sec
 set_ptr:0x63b8620f0920
set_ptrs:0x63b8628e66c0
long long set_ptr:109643570284832
gridDim.x                                    :32
blockDim.x                                   :128
host_params[_LAT_X_]                         :8
host_params[_LAT_Y_]                         :8
host_params[_LAT_Z_]                         :8
host_params[_LAT_T_]                         :8
host_params[_LAT_XYZT_]                      :4096
host_params[_GRID_X_]                        :1
host_params[_GRID_Y_]                        :1
host_params[_GRID_Z_]                        :1
host_params[_GRID_T_]                        :1
host_params[_PARITY_]                        :1
host_params[_NODE_RANK_]                     :0
host_params[_NODE_SIZE_]                     :1
host_params[_DAGGER_]                        :0
host_params[_MAX_ITER_]                      :1000
host_params[_DATA_TYPE_]                     :2
host_params[_SET_INDEX_]                     :1
host_params[_SET_PLAN_]                      :2
host_params[_MG_NUM_LEVEL_]                  :0
host_params[_MG_LEVEL_INDEX_]                :0
host_params[_MG_LEVEL1_E_]                   :0
host_params[_MG_LEVEL1_X_]                   :0
host_params[_MG_LEVEL1_Y_]                   :0
host_params[_MG_LEVEL1_Z_]                   :0
host_params[_MG_LEVEL1_T_]                   :0
host_params[_MG_LEVEL1_MAX_ITER_]            :0
host_params[_MG_LEVEL1_DATA_TYPE_]           :0
host_params[_MG_LEVEL1_NUM_RESTART_]         :0
host_params[_MG_LEVEL2_E_]                   :0
host_params[_MG_LEVEL2_X_]                   :0
host_params[_MG_LEVEL2_Y_]                   :0
host_params[_MG_LEVEL2_Z_]                   :0
host_params[_MG_LEVEL2_T_]                   :0
host_params[_MG_LEVEL2_MAX_ITER_]            :0
host_params[_MG_LEVEL2_DATA_TYPE_]           :0
host_params[_MG_LEVEL2_NUM_RESTART_]         :0
host_params[_MG_LEVEL3_E_]                   :0
host_params[_MG_LEVEL3_X_]                   :0
host_params[_MG_LEVEL3_Y_]                   :0
host_params[_MG_LEVEL3_Z_]                   :0
host_params[_MG_LEVEL3_T_]                   :0
host_params[_MG_LEVEL3_MAX_ITER_]            :0
host_params[_MG_LEVEL3_DATA_TYPE_]           :0
host_params[_MG_LEVEL3_NUM_RESTART_]         :0
host_params[_MG_LEVEL4_E_]                   :0
host_params[_MG_LEVEL4_X_]                   :0
host_params[_MG_LEVEL4_Y_]                   :0
host_params[_MG_LEVEL4_Z_]                   :0
host_params[_MG_LEVEL4_T_]                   :0
host_params[_MG_LEVEL4_MAX_ITER_]            :0
host_params[_MG_LEVEL4_DATA_TYPE_]           :0
host_params[_MG_LEVEL4_NUM_RESTART_]         :0
host_params[_MG_PARAMS_SIZE_]                :1
host_params[_VERBOSE_]                       :1
host_params[_SEED_]                          :42
host_params[_TEST_IN_CPU_]                   :0
host_argv[_MASS_]                            :5.000000e-02
host_argv[_ATOL_]                            :1.000000e-09
host_argv[_SIGMA_]                           :1.000000e-01
host_argv[_MG_LEVEL1_ATOL_]                  :0.000000e+00
host_argv[_MG_LEVEL2_ATOL_]                  :0.000000e+00
host_argv[_MG_LEVEL3_ATOL_]                  :0.000000e+00
host_argv[_MG_LEVEL4_ATOL_]                  :0.000000e+00
lat_2dim[_XY_]                               :64
lat_2dim[_XZ_]                               :64
lat_2dim[_XT_]                               :64
lat_2dim[_YZ_]                               :64
lat_2dim[_YT_]                               :64
lat_2dim[_ZT_]                               :64
lat_3dim[_YZT_]                              :512
lat_3dim[_XZT_]                              :512
lat_3dim[_XYT_]                              :512
lat_3dim[_XYZ_]                              :512
lat_4dim                                     :4096
grid_1dim[_X_]                               :1
grid_1dim[_Y_]                               :1
grid_1dim[_Z_]                               :1
grid_1dim[_T_]                               :1
grid_2dim[_XY_]                              :1
grid_2dim[_XZ_]                              :1
grid_2dim[_XT_]                              :1
grid_2dim[_YZ_]                              :1
grid_2dim[_YT_]                              :1
grid_2dim[_ZT_]                              :1
grid_3dim[_YZT_]                             :1
grid_3dim[_XZT_]                             :1
grid_3dim[_XYT_]                             :1
grid_3dim[_XYZ_]                             :1
grid_index_1dim[_X_]                         :0
grid_index_1dim[_Y_]                         :0
grid_index_1dim[_Z_]                         :0
grid_index_1dim[_T_]                         :0
move_wards[_B_X_]                            :0
move_wards[_B_Y_]                            :0
move_wards[_B_Z_]                            :0
move_wards[_B_T_]                            :0
move_wards[_F_X_]                            :0
move_wards[_F_Y_]                            :0
move_wards[_F_Z_]                            :0
move_wards[_F_T_]                            :0
move_wards[_BX_BY_]                          :0
move_wards[_BX_BZ_]                          :0
move_wards[_BX_BT_]                          :0
move_wards[_BY_BZ_]                          :0
move_wards[_BY_BT_]                          :0
move_wards[_BZ_BT_]                          :0
move_wards[_FX_BY_]                          :0
move_wards[_FX_BZ_]                          :0
move_wards[_FX_BT_]                          :0
move_wards[_FY_BZ_]                          :0
move_wards[_FY_BT_]                          :0
move_wards[_FZ_BT_]                          :0
move_wards[_BX_FY_]                          :0
move_wards[_BX_FZ_]                          :0
move_wards[_BX_FT_]                          :0
move_wards[_BY_FZ_]                          :0
move_wards[_BY_FT_]                          :0
move_wards[_BZ_FT_]                          :0
move_wards[_FX_FY_]                          :0
move_wards[_FX_FZ_]                          :0
move_wards[_FX_FT_]                          :0
move_wards[_FY_FZ_]                          :0
move_wards[_FY_FT_]                          :0
move_wards[_FZ_FT_]                          :0
lattice set init total time:0.007264768 sec
make clover total time: (without malloc free memcpy) :0.011608889 sec
 inverse clover total time: (without malloc free memcpy) :0.000895445 sec
 set_ptr:0x63b86291dfe0
set_ptrs:0x63b8628e66c0
long long set_ptr:109643578859488
gridDim.x                                    :32
blockDim.x                                   :128
host_params[_LAT_X_]                         :8
host_params[_LAT_Y_]                         :8
host_params[_LAT_Z_]                         :8
host_params[_LAT_T_]                         :8
host_params[_LAT_XYZT_]                      :4096
host_params[_GRID_X_]                        :1
host_params[_GRID_Y_]                        :1
host_params[_GRID_Z_]                        :1
host_params[_GRID_T_]                        :1
host_params[_PARITY_]                        :0
host_params[_NODE_RANK_]                     :0
host_params[_NODE_SIZE_]                     :1
host_params[_DAGGER_]                        :0
host_params[_MAX_ITER_]                      :1000
host_params[_DATA_TYPE_]                     :2
host_params[_SET_INDEX_]                     :0
host_params[_SET_PLAN_]                      :2
host_params[_MG_NUM_LEVEL_]                  :0
host_params[_MG_LEVEL_INDEX_]                :0
host_params[_MG_LEVEL1_E_]                   :0
host_params[_MG_LEVEL1_X_]                   :0
host_params[_MG_LEVEL1_Y_]                   :0
host_params[_MG_LEVEL1_Z_]                   :0
host_params[_MG_LEVEL1_T_]                   :0
host_params[_MG_LEVEL1_MAX_ITER_]            :0
host_params[_MG_LEVEL1_DATA_TYPE_]           :0
host_params[_MG_LEVEL1_NUM_RESTART_]         :0
host_params[_MG_LEVEL2_E_]                   :0
host_params[_MG_LEVEL2_X_]                   :0
host_params[_MG_LEVEL2_Y_]                   :0
host_params[_MG_LEVEL2_Z_]                   :0
host_params[_MG_LEVEL2_T_]                   :0
host_params[_MG_LEVEL2_MAX_ITER_]            :0
host_params[_MG_LEVEL2_DATA_TYPE_]           :0
host_params[_MG_LEVEL2_NUM_RESTART_]         :0
host_params[_MG_LEVEL3_E_]                   :0
host_params[_MG_LEVEL3_X_]                   :0
host_params[_MG_LEVEL3_Y_]                   :0
host_params[_MG_LEVEL3_Z_]                   :0
host_params[_MG_LEVEL3_T_]                   :0
host_params[_MG_LEVEL3_MAX_ITER_]            :0
host_params[_MG_LEVEL3_DATA_TYPE_]           :0
host_params[_MG_LEVEL3_NUM_RESTART_]         :0
host_params[_MG_LEVEL4_E_]                   :0
host_params[_MG_LEVEL4_X_]                   :0
host_params[_MG_LEVEL4_Y_]                   :0
host_params[_MG_LEVEL4_Z_]                   :0
host_params[_MG_LEVEL4_T_]                   :0
host_params[_MG_LEVEL4_MAX_ITER_]            :0
host_params[_MG_LEVEL4_DATA_TYPE_]           :0
host_params[_MG_LEVEL4_NUM_RESTART_]         :0
host_params[_MG_PARAMS_SIZE_]                :1
host_params[_VERBOSE_]                       :1
host_params[_SEED_]                          :42
host_params[_TEST_IN_CPU_]                   :0
host_argv[_MASS_]                            :5.000000e-02
host_argv[_ATOL_]                            :1.000000e-09
host_argv[_SIGMA_]                           :1.000000e-01
host_argv[_MG_LEVEL1_ATOL_]                  :0.000000e+00
host_argv[_MG_LEVEL2_ATOL_]                  :0.000000e+00
host_argv[_MG_LEVEL3_ATOL_]                  :0.000000e+00
host_argv[_MG_LEVEL4_ATOL_]                  :0.000000e+00
lat_2dim[_XY_]                               :64
lat_2dim[_XZ_]                               :64
lat_2dim[_XT_]                               :64
lat_2dim[_YZ_]                               :64
lat_2dim[_YT_]                               :64
lat_2dim[_ZT_]                               :64
lat_3dim[_YZT_]                              :512
lat_3dim[_XZT_]                              :512
lat_3dim[_XYT_]                              :512
lat_3dim[_XYZ_]                              :512
lat_4dim                                     :4096
grid_1dim[_X_]                               :1
grid_1dim[_Y_]                               :1
grid_1dim[_Z_]                               :1
grid_1dim[_T_]                               :1
grid_2dim[_XY_]                              :1
grid_2dim[_XZ_]                              :1
grid_2dim[_XT_]                              :1
grid_2dim[_YZ_]                              :1
grid_2dim[_YT_]                              :1
grid_2dim[_ZT_]                              :1
grid_3dim[_YZT_]                             :1
grid_3dim[_XZT_]                             :1
grid_3dim[_XYT_]                             :1
grid_3dim[_XYZ_]                             :1
grid_index_1dim[_X_]                         :0
grid_index_1dim[_Y_]                         :0
grid_index_1dim[_Z_]                         :0
grid_index_1dim[_T_]                         :0
move_wards[_B_X_]                            :0
move_wards[_B_Y_]                            :0
move_wards[_B_Z_]                            :0
move_wards[_B_T_]                            :0
move_wards[_F_X_]                            :0
move_wards[_F_Y_]                            :0
move_wards[_F_Z_]                            :0
move_wards[_F_T_]                            :0
move_wards[_BX_BY_]                          :0
move_wards[_BX_BZ_]                          :0
move_wards[_BX_BT_]                          :0
move_wards[_BY_BZ_]                          :0
move_wards[_BY_BT_]                          :0
move_wards[_BZ_BT_]                          :0
move_wards[_FX_BY_]                          :0
move_wards[_FX_BZ_]                          :0
move_wards[_FX_BT_]                          :0
move_wards[_FY_BZ_]                          :0
move_wards[_FY_BT_]                          :0
move_wards[_FZ_BT_]                          :0
move_wards[_BX_FY_]                          :0
move_wards[_BX_FZ_]                          :0
move_wards[_BX_FT_]                          :0
move_wards[_BY_FZ_]                          :0
move_wards[_BY_FT_]                          :0
move_wards[_BZ_FT_]                          :0
move_wards[_FX_FY_]                          :0
move_wards[_FX_FZ_]                          :0
move_wards[_FX_FT_]                          :0
move_wards[_FY_FZ_]                          :0
move_wards[_FY_FT_]                          :0
move_wards[_FZ_FT_]                          :0
lattice set whole time:0.178168961 sec
lattice set end total time:0.002627233 sec
set_ptr:0x63b8620f0920
set_ptrs:0x63b8628e66c0
long long set_ptr:109643570284832
gridDim.x                                    :32
blockDim.x                                   :128
host_params[_LAT_X_]                         :8
host_params[_LAT_Y_]                         :8
host_params[_LAT_Z_]                         :8
host_params[_LAT_T_]                         :8
host_params[_LAT_XYZT_]                      :4096
host_params[_GRID_X_]                        :1
host_params[_GRID_Y_]                        :1
host_params[_GRID_Z_]                        :1
host_params[_GRID_T_]                        :1
host_params[_PARITY_]                        :1
host_params[_NODE_RANK_]                     :0
host_params[_NODE_SIZE_]                     :1
host_params[_DAGGER_]                        :0
host_params[_MAX_ITER_]                      :1000
host_params[_DATA_TYPE_]                     :2
host_params[_SET_INDEX_]                     :1
host_params[_SET_PLAN_]                      :2
host_params[_MG_NUM_LEVEL_]                  :0
host_params[_MG_LEVEL_INDEX_]                :0
host_params[_MG_LEVEL1_E_]                   :0
host_params[_MG_LEVEL1_X_]                   :0
host_params[_MG_LEVEL1_Y_]                   :0
host_params[_MG_LEVEL1_Z_]                   :0
host_params[_MG_LEVEL1_T_]                   :0
host_params[_MG_LEVEL1_MAX_ITER_]            :0
host_params[_MG_LEVEL1_DATA_TYPE_]           :0
host_params[_MG_LEVEL1_NUM_RESTART_]         :0
host_params[_MG_LEVEL2_E_]                   :0
host_params[_MG_LEVEL2_X_]                   :0
host_params[_MG_LEVEL2_Y_]                   :0
host_params[_MG_LEVEL2_Z_]                   :0
host_params[_MG_LEVEL2_T_]                   :0
host_params[_MG_LEVEL2_MAX_ITER_]            :0
host_params[_MG_LEVEL2_DATA_TYPE_]           :0
host_params[_MG_LEVEL2_NUM_RESTART_]         :0
host_params[_MG_LEVEL3_E_]                   :0
host_params[_MG_LEVEL3_X_]                   :0
host_params[_MG_LEVEL3_Y_]                   :0
host_params[_MG_LEVEL3_Z_]                   :0
host_params[_MG_LEVEL3_T_]                   :0
host_params[_MG_LEVEL3_MAX_ITER_]            :0
host_params[_MG_LEVEL3_DATA_TYPE_]           :0
host_params[_MG_LEVEL3_NUM_RESTART_]         :0
host_params[_MG_LEVEL4_E_]                   :0
host_params[_MG_LEVEL4_X_]                   :0
host_params[_MG_LEVEL4_Y_]                   :0
host_params[_MG_LEVEL4_Z_]                   :0
host_params[_MG_LEVEL4_T_]                   :0
host_params[_MG_LEVEL4_MAX_ITER_]            :0
host_params[_MG_LEVEL4_DATA_TYPE_]           :0
host_params[_MG_LEVEL4_NUM_RESTART_]         :0
host_params[_MG_PARAMS_SIZE_]                :1
host_params[_VERBOSE_]                       :1
host_params[_SEED_]                          :42
host_params[_TEST_IN_CPU_]                   :0
host_argv[_MASS_]                            :5.000000e-02
host_argv[_ATOL_]                            :1.000000e-09
host_argv[_SIGMA_]                           :1.000000e-01
host_argv[_MG_LEVEL1_ATOL_]                  :0.000000e+00
host_argv[_MG_LEVEL2_ATOL_]                  :0.000000e+00
host_argv[_MG_LEVEL3_ATOL_]                  :0.000000e+00
host_argv[_MG_LEVEL4_ATOL_]                  :0.000000e+00
lat_2dim[_XY_]                               :64
lat_2dim[_XZ_]                               :64
lat_2dim[_XT_]                               :64
lat_2dim[_YZ_]                               :64
lat_2dim[_YT_]                               :64
lat_2dim[_ZT_]                               :64
lat_3dim[_YZT_]                              :512
lat_3dim[_XZT_]                              :512
lat_3dim[_XYT_]                              :512
lat_3dim[_XYZ_]                              :512
lat_4dim                                     :4096
grid_1dim[_X_]                               :1
grid_1dim[_Y_]                               :1
grid_1dim[_Z_]                               :1
grid_1dim[_T_]                               :1
grid_2dim[_XY_]                              :1
grid_2dim[_XZ_]                              :1
grid_2dim[_XT_]                              :1
grid_2dim[_YZ_]                              :1
grid_2dim[_YT_]                              :1
grid_2dim[_ZT_]                              :1
grid_3dim[_YZT_]                             :1
grid_3dim[_XZT_]                             :1
grid_3dim[_XYT_]                             :1
grid_3dim[_XYZ_]                             :1
grid_index_1dim[_X_]                         :0
grid_index_1dim[_Y_]                         :0
grid_index_1dim[_Z_]                         :0
grid_index_1dim[_T_]                         :0
move_wards[_B_X_]                            :0
move_wards[_B_Y_]                            :0
move_wards[_B_Z_]                            :0
move_wards[_B_T_]                            :0
move_wards[_F_X_]                            :0
move_wards[_F_Y_]                            :0
move_wards[_F_Z_]                            :0
move_wards[_F_T_]                            :0
move_wards[_BX_BY_]                          :0
move_wards[_BX_BZ_]                          :0
move_wards[_BX_BT_]                          :0
move_wards[_BY_BZ_]                          :0
move_wards[_BY_BT_]                          :0
move_wards[_BZ_BT_]                          :0
move_wards[_FX_BY_]                          :0
move_wards[_FX_BZ_]                          :0
move_wards[_FX_BT_]                          :0
move_wards[_FY_BZ_]                          :0
move_wards[_FY_BT_]                          :0
move_wards[_FZ_BT_]                          :0
move_wards[_BX_FY_]                          :0
move_wards[_BX_FZ_]                          :0
move_wards[_BX_FT_]                          :0
move_wards[_BY_FZ_]                          :0
move_wards[_BY_FT_]                          :0
move_wards[_BZ_FT_]                          :0
move_wards[_FX_FY_]                          :0
move_wards[_FX_FZ_]                          :0
move_wards[_FX_FT_]                          :0
move_wards[_FY_FZ_]                          :0
move_wards[_FY_FT_]                          :0
move_wards[_FZ_FT_]                          :0
lattice set whole time:0.027198849 sec
lattice set end total time:0.003327669 sec
set_ptr:0x63b862a4ccb0
set_ptrs:0x63b8628e66c0
long long set_ptr:109643580099760
gridDim.x                                    :32
blockDim.x                                   :128
host_params[_LAT_X_]                         :8
host_params[_LAT_Y_]                         :8
host_params[_LAT_Z_]                         :8
host_params[_LAT_T_]                         :8
host_params[_LAT_XYZT_]                      :4096
host_params[_GRID_X_]                        :1
host_params[_GRID_Y_]                        :1
host_params[_GRID_Z_]                        :1
host_params[_GRID_T_]                        :1
host_params[_PARITY_]                        :0
host_params[_NODE_RANK_]                     :0
host_params[_NODE_SIZE_]                     :1
host_params[_DAGGER_]                        :0
host_params[_MAX_ITER_]                      :1000
host_params[_DATA_TYPE_]                     :2
host_params[_SET_INDEX_]                     :2
host_params[_SET_PLAN_]                      :1
host_params[_MG_NUM_LEVEL_]                  :0
host_params[_MG_LEVEL_INDEX_]                :0
host_params[_MG_LEVEL1_E_]                   :0
host_params[_MG_LEVEL1_X_]                   :0
host_params[_MG_LEVEL1_Y_]                   :0
host_params[_MG_LEVEL1_Z_]                   :0
host_params[_MG_LEVEL1_T_]                   :0
host_params[_MG_LEVEL1_MAX_ITER_]            :0
host_params[_MG_LEVEL1_DATA_TYPE_]           :0
host_params[_MG_LEVEL1_NUM_RESTART_]         :0
host_params[_MG_LEVEL2_E_]                   :0
host_params[_MG_LEVEL2_X_]                   :0
host_params[_MG_LEVEL2_Y_]                   :0
host_params[_MG_LEVEL2_Z_]                   :0
host_params[_MG_LEVEL2_T_]                   :0
host_params[_MG_LEVEL2_MAX_ITER_]            :0
host_params[_MG_LEVEL2_DATA_TYPE_]           :0
host_params[_MG_LEVEL2_NUM_RESTART_]         :0
host_params[_MG_LEVEL3_E_]                   :0
host_params[_MG_LEVEL3_X_]                   :0
host_params[_MG_LEVEL3_Y_]                   :0
host_params[_MG_LEVEL3_Z_]                   :0
host_params[_MG_LEVEL3_T_]                   :0
host_params[_MG_LEVEL3_MAX_ITER_]            :0
host_params[_MG_LEVEL3_DATA_TYPE_]           :0
host_params[_MG_LEVEL3_NUM_RESTART_]         :0
host_params[_MG_LEVEL4_E_]                   :0
host_params[_MG_LEVEL4_X_]                   :0
host_params[_MG_LEVEL4_Y_]                   :0
host_params[_MG_LEVEL4_Z_]                   :0
host_params[_MG_LEVEL4_T_]                   :0
host_params[_MG_LEVEL4_MAX_ITER_]            :0
host_params[_MG_LEVEL4_DATA_TYPE_]           :0
host_params[_MG_LEVEL4_NUM_RESTART_]         :0
host_params[_MG_PARAMS_SIZE_]                :1
host_params[_VERBOSE_]                       :1
host_params[_SEED_]                          :42
host_params[_TEST_IN_CPU_]                   :0
host_argv[_MASS_]                            :5.000000e-02
host_argv[_ATOL_]                            :1.000000e-06
host_argv[_SIGMA_]                           :1.000000e-01
host_argv[_MG_LEVEL1_ATOL_]                  :0.000000e+00
host_argv[_MG_LEVEL2_ATOL_]                  :0.000000e+00
host_argv[_MG_LEVEL3_ATOL_]                  :0.000000e+00
host_argv[_MG_LEVEL4_ATOL_]                  :0.000000e+00
lat_2dim[_XY_]                               :64
lat_2dim[_XZ_]                               :64
lat_2dim[_XT_]                               :64
lat_2dim[_YZ_]                               :64
lat_2dim[_YT_]                               :64
lat_2dim[_ZT_]                               :64
lat_3dim[_YZT_]                              :512
lat_3dim[_XZT_]                              :512
lat_3dim[_XYT_]                              :512
lat_3dim[_XYZ_]                              :512
lat_4dim                                     :4096
grid_1dim[_X_]                               :1
grid_1dim[_Y_]                               :1
grid_1dim[_Z_]                               :1
grid_1dim[_T_]                               :1
grid_2dim[_XY_]                              :1
grid_2dim[_XZ_]                              :1
grid_2dim[_XT_]                              :1
grid_2dim[_YZ_]                              :1
grid_2dim[_YT_]                              :1
grid_2dim[_ZT_]                              :1
grid_3dim[_YZT_]                             :1
grid_3dim[_XZT_]                             :1
grid_3dim[_XYT_]                             :1
grid_3dim[_XYZ_]                             :1
grid_index_1dim[_X_]                         :0
grid_index_1dim[_Y_]                         :0
grid_index_1dim[_Z_]                         :0
grid_index_1dim[_T_]                         :0
move_wards[_B_X_]                            :0
move_wards[_B_Y_]                            :0
move_wards[_B_Z_]                            :0
move_wards[_B_T_]                            :0
move_wards[_F_X_]                            :0
move_wards[_F_Y_]                            :0
move_wards[_F_Z_]                            :0
move_wards[_F_T_]                            :0
move_wards[_BX_BY_]                          :0
move_wards[_BX_BZ_]                          :0
move_wards[_BX_BT_]                          :0
move_wards[_BY_BZ_]                          :0
move_wards[_BY_BT_]                          :0
move_wards[_BZ_BT_]                          :0
move_wards[_FX_BY_]                          :0
move_wards[_FX_BZ_]                          :0
move_wards[_FX_BT_]                          :0
move_wards[_FY_BZ_]                          :0
move_wards[_FY_BT_]                          :0
move_wards[_FZ_BT_]                          :0
move_wards[_BX_FY_]                          :0
move_wards[_BX_FZ_]                          :0
move_wards[_BX_FT_]                          :0
move_wards[_BY_FZ_]                          :0
move_wards[_BY_FT_]                          :0
move_wards[_BZ_FT_]                          :0
move_wards[_FX_FY_]                          :0
move_wards[_FX_FZ_]                          :0
move_wards[_FX_FT_]                          :0
move_wards[_FY_FZ_]                          :0
move_wards[_FY_FT_]                          :0
move_wards[_FZ_FT_]                          :0
lattice set init total time:0.005151361 sec
long long fermion_out:81655496704
long long fermion_in:81654710272
long long gauge:81916854272
long long clover_ee:81919213568
long long clover_oo:81928650752
long long clover_ee_inv:81923932160
long long clover_oo_inv:81937825792
long long set_ptrs:109643578631872
long long params:109643578631360
##RANK:0##LOOP:88##Residual(norm2):(9.00025e-13,-1.65173e-23i)
multi-gpu clover bistabcg total time: (without malloc free memcpy) :0.264634912 sec
######TIME  :287.022######
##RANK      :0
##LOOP      :0
##tmp0      :(3.60718e-14,7.54771e-15i)
##tmp1      :(2.10984e-14,2.79811e-25i)
##rho_prev  :(1.79769e-07,3.89244e-08i)
##rho       :(1.79769e-07,3.89244e-08i)
##alpha     :(2.63475,0.146559i)
##beta      :(-2.29279,-2.03878i)
##omega     :(1.70969,0.357738i)
##send_tmp  :(1.04425e-08,0i)
##norm2_tmp :(60538.2,-2.17325e-06i)
##diff2_tmp  :(1.72495e-13,6.19236e-24i)
##lat_4dim  :(4096,0i)
set_ptr:0x63b862a4ccb0
set_ptrs:0x63b8628e66c0
long long set_ptr:109643580099760
gridDim.x                                    :32
blockDim.x                                   :128
host_params[_LAT_X_]                         :8
host_params[_LAT_Y_]                         :8
host_params[_LAT_Z_]                         :8
host_params[_LAT_T_]                         :8
host_params[_LAT_XYZT_]                      :4096
host_params[_GRID_X_]                        :1
host_params[_GRID_Y_]                        :1
host_params[_GRID_Z_]                        :1
host_params[_GRID_T_]                        :1
host_params[_PARITY_]                        :0
host_params[_NODE_RANK_]                     :0
host_params[_NODE_SIZE_]                     :1
host_params[_DAGGER_]                        :0
host_params[_MAX_ITER_]                      :1000
host_params[_DATA_TYPE_]                     :2
host_params[_SET_INDEX_]                     :2
host_params[_SET_PLAN_]                      :1
host_params[_MG_NUM_LEVEL_]                  :0
host_params[_MG_LEVEL_INDEX_]                :0
host_params[_MG_LEVEL1_E_]                   :0
host_params[_MG_LEVEL1_X_]                   :0
host_params[_MG_LEVEL1_Y_]                   :0
host_params[_MG_LEVEL1_Z_]                   :0
host_params[_MG_LEVEL1_T_]                   :0
host_params[_MG_LEVEL1_MAX_ITER_]            :0
host_params[_MG_LEVEL1_DATA_TYPE_]           :0
host_params[_MG_LEVEL1_NUM_RESTART_]         :0
host_params[_MG_LEVEL2_E_]                   :0
host_params[_MG_LEVEL2_X_]                   :0
host_params[_MG_LEVEL2_Y_]                   :0
host_params[_MG_LEVEL2_Z_]                   :0
host_params[_MG_LEVEL2_T_]                   :0
host_params[_MG_LEVEL2_MAX_ITER_]            :0
host_params[_MG_LEVEL2_DATA_TYPE_]           :0
host_params[_MG_LEVEL2_NUM_RESTART_]         :0
host_params[_MG_LEVEL3_E_]                   :0
host_params[_MG_LEVEL3_X_]                   :0
host_params[_MG_LEVEL3_Y_]                   :0
host_params[_MG_LEVEL3_Z_]                   :0
host_params[_MG_LEVEL3_T_]                   :0
host_params[_MG_LEVEL3_MAX_ITER_]            :0
host_params[_MG_LEVEL3_DATA_TYPE_]           :0
host_params[_MG_LEVEL3_NUM_RESTART_]         :0
host_params[_MG_LEVEL4_E_]                   :0
host_params[_MG_LEVEL4_X_]                   :0
host_params[_MG_LEVEL4_Y_]                   :0
host_params[_MG_LEVEL4_Z_]                   :0
host_params[_MG_LEVEL4_T_]                   :0
host_params[_MG_LEVEL4_MAX_ITER_]            :0
host_params[_MG_LEVEL4_DATA_TYPE_]           :0
host_params[_MG_LEVEL4_NUM_RESTART_]         :0
host_params[_MG_PARAMS_SIZE_]                :1
host_params[_VERBOSE_]                       :1
host_params[_SEED_]                          :42
host_params[_TEST_IN_CPU_]                   :0
host_argv[_MASS_]                            :5.000000e-02
host_argv[_ATOL_]                            :1.000000e-06
host_argv[_SIGMA_]                           :1.000000e-01
host_argv[_MG_LEVEL1_ATOL_]                  :0.000000e+00
host_argv[_MG_LEVEL2_ATOL_]                  :0.000000e+00
host_argv[_MG_LEVEL3_ATOL_]                  :0.000000e+00
host_argv[_MG_LEVEL4_ATOL_]                  :0.000000e+00
lat_2dim[_XY_]                               :64
lat_2dim[_XZ_]                               :64
lat_2dim[_XT_]                               :64
lat_2dim[_YZ_]                               :64
lat_2dim[_YT_]                               :64
lat_2dim[_ZT_]                               :64
lat_3dim[_YZT_]                              :512
lat_3dim[_XZT_]                              :512
lat_3dim[_XYT_]                              :512
lat_3dim[_XYZ_]                              :512
lat_4dim                                     :4096
grid_1dim[_X_]                               :1
grid_1dim[_Y_]                               :1
grid_1dim[_Z_]                               :1
grid_1dim[_T_]                               :1
grid_2dim[_XY_]                              :1
grid_2dim[_XZ_]                              :1
grid_2dim[_XT_]        [dev87] device=Tesla V100-SXM2-32GB
[result] /root/PyQCU/examples/qcu/dev87/out/qdp_gauge_meta.json
[result] /root/PyQCU/examples/qcu/dev87/out/qcu_clover_solve.json
/root/PyQCU/examples/qcu/dev87/out/qcu_clover_solve.json
                      :1
grid_2dim[_YZ_]                              :1
grid_2dim[_YT_]                              :1
grid_2dim[_ZT_]                              :1
grid_3dim[_YZT_]                             :1
grid_3dim[_XZT_]                             :1
grid_3dim[_XYT_]                             :1
grid_3dim[_XYZ_]                             :1
grid_index_1dim[_X_]                         :0
grid_index_1dim[_Y_]                         :0
grid_index_1dim[_Z_]                         :0
grid_index_1dim[_T_]                         :0
move_wards[_B_X_]                            :0
move_wards[_B_Y_]                            :0
move_wards[_B_Z_]                            :0
move_wards[_B_T_]                            :0
move_wards[_F_X_]                            :0
move_wards[_F_Y_]                            :0
move_wards[_F_Z_]                            :0
move_wards[_F_T_]                            :0
move_wards[_BX_BY_]                          :0
move_wards[_BX_BZ_]                          :0
move_wards[_BX_BT_]                          :0
move_wards[_BY_BZ_]                          :0
move_wards[_BY_BT_]                          :0
move_wards[_BZ_BT_]                          :0
move_wards[_FX_BY_]                          :0
move_wards[_FX_BZ_]                          :0
move_wards[_FX_BT_]                          :0
move_wards[_FY_BZ_]                          :0
move_wards[_FY_BT_]                          :0
move_wards[_FZ_BT_]                          :0
move_wards[_BX_FY_]                          :0
move_wards[_BX_FZ_]                          :0
move_wards[_BX_FT_]                          :0
move_wards[_BY_FZ_]                          :0
move_wards[_BY_FT_]                          :0
move_wards[_BZ_FT_]                          :0
move_wards[_FX_FY_]                          :0
move_wards[_FX_FZ_]                          :0
move_wards[_FX_FT_]                          :0
move_wards[_FY_FZ_]                          :0
move_wards[_FY_FT_]                          :0
move_wards[_FZ_FT_]                          :0
lattice set whole time:0.293526520 sec
lattice set end total time:0.002964350 sec
