###env.sh in /root/PyQCU is sourcing...:2026-08-30-16-02-20###
###env.sh in /root/PyQCU is done......:2026-08-30-16-02-20###
/usr/local/lib/python3.10/dist-packages/torch/cuda/__init__.py:435: UserWarning: 
    Found GPU1 Tesla P100-PCIE-16GB which is of cuda capability 6.0.
    Minimum and Maximum cuda capability supported by this version of PyTorch is
    (7.0) - (12.0)
    
  queued_call()
/usr/local/lib/python3.10/dist-packages/torch/cuda/__init__.py:435: UserWarning: 
    Please install PyTorch with a following CUDA
    configurations:  12.6 following instructions at
    https://pytorch.org/get-started/locally/
    
  queued_call()
/usr/local/lib/python3.10/dist-packages/torch/cuda/__init__.py:435: UserWarning: 
    Found GPU2 Tesla P100-PCIE-16GB which is of cuda capability 6.0.
    Minimum and Maximum cuda capability supported by this version of PyTorch is
    (7.0) - (12.0)
    
  queued_call()
/usr/local/lib/python3.10/dist-packages/torch/cuda/__init__.py:435: UserWarning: 
Tesla P100-PCIE-16GB with CUDA capability sm_60 is not compatible with the current PyTorch installation.
The current PyTorch install supports CUDA capabilities sm_70 sm_75 sm_80 sm_86 sm_90 sm_100 sm_120.
If you want to use the Tesla P100-PCIE-16GB GPU with PyTorch, please check the instructions at https://pytorch.org/get-started/locally/

  queued_call()
[dev87-mg] device=Tesla V100-SXM2-32GB
[dev87-mg] cache level=1 E=24 dtype=c64 loaded
[dev87-mg] cache level=2 E=24 dtype=c64 loaded
set_ptr:0x58ae45898a40
set_ptrs:0x58ae4585bf80
long long set_ptr:97505514195520
gridDim.x                                    :32
blockDim.x                                   :128
host_params[_LAT_X_]                         :8
host_params[_LAT_Y_]                         :8
host_params[_LAT_Z_]                         :8
host_params[_LAT_T_]                         :8
host_params[_LAT_XYZT_]                      :4096
host_params[_GRID_X_]                        :1
host_params[_GRID_Y_]                        :1
host_params[_GRID_Z_]                        :1
host_params[_GRID_T_]                        :1
host_params[_PARITY_]                        :0
host_params[_NODE_RANK_]                     :0
host_params[_NODE_SIZE_]                     :1
host_params[_DAGGER_]                        :0
host_params[_MAX_ITER_]                      :1000
host_params[_DATA_TYPE_]                     :2
host_params[_SET_INDEX_]                     :0
host_params[_SET_PLAN_]                      :2
host_params[_MG_NUM_LEVEL_]                  :0
host_params[_MG_LEVEL_INDEX_]                :0
host_params[_MG_LEVEL1_E_]                   :0
host_params[_MG_LEVEL1_X_]                   :0
host_params[_MG_LEVEL1_Y_]                   :0
host_params[_MG_LEVEL1_Z_]                   :0
host_params[_MG_LEVEL1_T_]                   :0
host_params[_MG_LEVEL1_MAX_ITER_]            :0
host_params[_MG_LEVEL1_DATA_TYPE_]           :0
host_params[_MG_LEVEL1_NUM_RESTART_]         :0
host_params[_MG_LEVEL2_E_]                   :0
host_params[_MG_LEVEL2_X_]                   :0
host_params[_MG_LEVEL2_Y_]                   :0
host_params[_MG_LEVEL2_Z_]                   :0
host_params[_MG_LEVEL2_T_]                   :0
host_params[_MG_LEVEL2_MAX_ITER_]            :0
host_params[_MG_LEVEL2_DATA_TYPE_]           :0
host_params[_MG_LEVEL2_NUM_RESTART_]         :0
host_params[_MG_LEVEL3_E_]                   :0
host_params[_MG_LEVEL3_X_]                   :0
host_params[_MG_LEVEL3_Y_]                   :0
host_params[_MG_LEVEL3_Z_]                   :0
host_params[_MG_LEVEL3_T_]                   :0
host_params[_MG_LEVEL3_MAX_ITER_]            :0
host_params[_MG_LEVEL3_DATA_TYPE_]           :0
host_params[_MG_LEVEL3_NUM_RESTART_]         :0
host_params[_MG_LEVEL4_E_]                   :0
host_params[_MG_LEVEL4_X_]                   :0
host_params[_MG_LEVEL4_Y_]                   :0
host_params[_MG_LEVEL4_Z_]                   :0
host_params[_MG_LEVEL4_T_]                   :0
host_params[_MG_LEVEL4_MAX_ITER_]            :0
host_params[_MG_LEVEL4_DATA_TYPE_]           :0
host_params[_MG_LEVEL4_NUM_RESTART_]         :0
host_params[_MG_PARAMS_SIZE_]                :1
host_params[_VERBOSE_]                       :1
host_params[_SEED_]                          :42
host_params[_TEST_IN_CPU_]                   :0
host_argv[_MASS_]                            :5.000000e-02
host_argv[_ATOL_]                            :1.000000e-09
host_argv[_SIGMA_]                           :1.000000e-01
host_argv[_MG_LEVEL1_ATOL_]                  :0.000000e+00
host_argv[_MG_LEVEL2_ATOL_]                  :0.000000e+00
host_argv[_MG_LEVEL3_ATOL_]                  :0.000000e+00
host_argv[_MG_LEVEL4_ATOL_]                  :0.000000e+00
lat_2dim[_XY_]                               :64
lat_2dim[_XZ_]                               :64
lat_2dim[_XT_]                               :64
lat_2dim[_YZ_]                               :64
lat_2dim[_YT_]                               :64
lat_2dim[_ZT_]                               :64
lat_3dim[_YZT_]                              :512
lat_3dim[_XZT_]                              :512
lat_3dim[_XYT_]                              :512
lat_3dim[_XYZ_]                              :512
lat_4dim                                     :4096
grid_1dim[_X_]                               :1
grid_1dim[_Y_]                               :1
grid_1dim[_Z_]                               :1
grid_1dim[_T_]                               :1
grid_2dim[_XY_]                              :1
grid_2dim[_XZ_]                              :1
grid_2dim[_XT_]                              :1
grid_2dim[_YZ_]                              :1
grid_2dim[_YT_]                              :1
grid_2dim[_ZT_]                              :1
grid_3dim[_YZT_]                             :1
grid_3dim[_XZT_]                             :1
grid_3dim[_XYT_]                             :1
grid_3dim[_XYZ_]                             :1
grid_index_1dim[_X_]                         :0
grid_index_1dim[_Y_]                         :0
grid_index_1dim[_Z_]                         :0
grid_index_1dim[_T_]                         :0
move_wards[_B_X_]                            :0
move_wards[_B_Y_]                            :0
move_wards[_B_Z_]                            :0
move_wards[_B_T_]                            :0
move_wards[_F_X_]                            :0
move_wards[_F_Y_]                            :0
move_wards[_F_Z_]                            :0
move_wards[_F_T_]                            :0
move_wards[_BX_BY_]                          :0
move_wards[_BX_BZ_]                          :0
move_wards[_BX_BT_]                          :0
move_wards[_BY_BZ_]                          :0
move_wards[_BY_BT_]                          :0
move_wards[_BZ_BT_]                          :0
move_wards[_FX_BY_]                          :0
move_wards[_FX_BZ_]                          :0
move_wards[_FX_BT_]                          :0
move_wards[_FY_BZ_]                          :0
move_wards[_FY_BT_]                          :0
move_wards[_FZ_BT_]                          :0
move_wards[_BX_FY_]                          :0
move_wards[_BX_FZ_]                          :0
move_wards[_BX_FT_]                          :0
move_wards[_BY_FZ_]                          :0
move_wards[_BY_FT_]                          :0
move_wards[_BZ_FT_]                          :0
move_wards[_FX_FY_]                          :0
move_wards[_FX_FZ_]                          :0
move_wards[_FX_FT_]                          :0
move_wards[_FY_FZ_]                          :0
move_wards[_FY_FT_]                          :0
move_wards[_FZ_FT_]                          :0
lattice set init total time:0.055346969 sec
make clover total time: (without malloc free memcpy) :0.033732287 sec
 inverse clover total time: (without malloc free memcpy) :0.029551879 sec
 set_ptr:0x58ae4505aa10
set_ptrs:0x58ae4585bf80
long long set_ptr:97505505552912
gridDim.x                                    :32
blockDim.x                                   :128
host_params[_LAT_X_]                         :8
host_params[_LAT_Y_]                         :8
host_params[_LAT_Z_]                         :8
host_params[_LAT_T_]                         :8
host_params[_LAT_XYZT_]                      :4096
host_params[_GRID_X_]                        :1
host_params[_GRID_Y_]                        :1
host_params[_GRID_Z_]                        :1
host_params[_GRID_T_]                        :1
host_params[_PARITY_]                        :1
host_params[_NODE_RANK_]                     :0
host_params[_NODE_SIZE_]                     :1
host_params[_DAGGER_]                        :0
host_params[_MAX_ITER_]                      :1000
host_params[_DATA_TYPE_]                     :2
host_params[_SET_INDEX_]                     :1
host_params[_SET_PLAN_]                      :2
host_params[_MG_NUM_LEVEL_]                  :0
host_params[_MG_LEVEL_INDEX_]                :0
host_params[_MG_LEVEL1_E_]                   :0
host_params[_MG_LEVEL1_X_]                   :0
host_params[_MG_LEVEL1_Y_]                   :0
host_params[_MG_LEVEL1_Z_]                   :0
host_params[_MG_LEVEL1_T_]                   :0
host_params[_MG_LEVEL1_MAX_ITER_]            :0
host_params[_MG_LEVEL1_DATA_TYPE_]           :0
host_params[_MG_LEVEL1_NUM_RESTART_]         :0
host_params[_MG_LEVEL2_E_]                   :0
host_params[_MG_LEVEL2_X_]                   :0
host_params[_MG_LEVEL2_Y_]                   :0
host_params[_MG_LEVEL2_Z_]                   :0
host_params[_MG_LEVEL2_T_]                   :0
host_params[_MG_LEVEL2_MAX_ITER_]            :0
host_params[_MG_LEVEL2_DATA_TYPE_]           :0
host_params[_MG_LEVEL2_NUM_RESTART_]         :0
host_params[_MG_LEVEL3_E_]                   :0
host_params[_MG_LEVEL3_X_]                   :0
host_params[_MG_LEVEL3_Y_]                   :0
host_params[_MG_LEVEL3_Z_]                   :0
host_params[_MG_LEVEL3_T_]                   :0
host_params[_MG_LEVEL3_MAX_ITER_]            :0
host_params[_MG_LEVEL3_DATA_TYPE_]           :0
host_params[_MG_LEVEL3_NUM_RESTART_]         :0
host_params[_MG_LEVEL4_E_]                   :0
host_params[_MG_LEVEL4_X_]                   :0
host_params[_MG_LEVEL4_Y_]                   :0
host_params[_MG_LEVEL4_Z_]                   :0
host_params[_MG_LEVEL4_T_]                   :0
host_params[_MG_LEVEL4_MAX_ITER_]            :0
host_params[_MG_LEVEL4_DATA_TYPE_]           :0
host_params[_MG_LEVEL4_NUM_RESTART_]         :0
host_params[_MG_PARAMS_SIZE_]                :1
host_params[_VERBOSE_]                       :1
host_params[_SEED_]                          :42
host_params[_TEST_IN_CPU_]                   :0
host_argv[_MASS_]                            :5.000000e-02
host_argv[_ATOL_]                            :1.000000e-09
host_argv[_SIGMA_]                           :1.000000e-01
host_argv[_MG_LEVEL1_ATOL_]                  :0.000000e+00
host_argv[_MG_LEVEL2_ATOL_]                  :0.000000e+00
host_argv[_MG_LEVEL3_ATOL_]                  :0.000000e+00
host_argv[_MG_LEVEL4_ATOL_]                  :0.000000e+00
lat_2dim[_XY_]                               :64
lat_2dim[_XZ_]                               :64
lat_2dim[_XT_]                               :64
lat_2dim[_YZ_]                               :64
lat_2dim[_YT_]                               :64
lat_2dim[_ZT_]                               :64
lat_3dim[_YZT_]                              :512
lat_3dim[_XZT_]                              :512
lat_3dim[_XYT_]                              :512
lat_3dim[_XYZ_]                              :512
lat_4dim                                     :4096
grid_1dim[_X_]                               :1
grid_1dim[_Y_]                               :1
grid_1dim[_Z_]                               :1
grid_1dim[_T_]                               :1
grid_2dim[_XY_]                              :1
grid_2dim[_XZ_]                              :1
grid_2dim[_XT_]                              :1
grid_2dim[_YZ_]                              :1
grid_2dim[_YT_]                              :1
grid_2dim[_ZT_]                              :1
grid_3dim[_YZT_]                             :1
grid_3dim[_XZT_]                             :1
grid_3dim[_XYT_]                             :1
grid_3dim[_XYZ_]                             :1
grid_index_1dim[_X_]                         :0
grid_index_1dim[_Y_]                         :0
grid_index_1dim[_Z_]                         :0
grid_index_1dim[_T_]                         :0
move_wards[_B_X_]                            :0
move_wards[_B_Y_]                            :0
move_wards[_B_Z_]                            :0
move_wards[_B_T_]                            :0
move_wards[_F_X_]                            :0
move_wards[_F_Y_]                            :0
move_wards[_F_Z_]                            :0
move_wards[_F_T_]                            :0
move_wards[_BX_BY_]                          :0
move_wards[_BX_BZ_]                          :0
move_wards[_BX_BT_]                          :0
move_wards[_BY_BZ_]                          :0
move_wards[_BY_BT_]                          :0
move_wards[_BZ_BT_]                          :0
move_wards[_FX_BY_]                          :0
move_wards[_FX_BZ_]                          :0
move_wards[_FX_BT_]                          :0
move_wards[_FY_BZ_]                          :0
move_wards[_FY_BT_]                          :0
move_wards[_FZ_BT_]                          :0
move_wards[_BX_FY_]                          :0
move_wards[_BX_FZ_]                          :0
move_wards[_BX_FT_]                          :0
move_wards[_BY_FZ_]                          :0
move_wards[_BY_FT_]                          :0
move_wards[_BZ_FT_]                          :0
move_wards[_FX_FY_]                          :0
move_wards[_FX_FZ_]                          :0
move_wards[_FX_FT_]                          :0
move_wards[_FY_FZ_]                          :0
move_wards[_FY_FT_]                          :0
move_wards[_FZ_FT_]                          :0
lattice set init total time:0.003786090 sec
make clover total time: (without malloc free memcpy) :0.008907446 sec
 inverse clover total time: (without malloc free memcpy) :0.001712985 sec
 set_ptr:0x58ae45898a40
set_ptrs:0x58ae4585bf80
long long set_ptr:97505514195520
gridDim.x                                    :32
blockDim.x                                   :128
host_params[_LAT_X_]                         :8
host_params[_LAT_Y_]                         :8
host_params[_LAT_Z_]                         :8
host_params[_LAT_T_]                         :8
host_params[_LAT_XYZT_]                      :4096
host_params[_GRID_X_]                        :1
host_params[_GRID_Y_]                        :1
host_params[_GRID_Z_]                        :1
host_params[_GRID_T_]                        :1
host_params[_PARITY_]                        :0
host_params[_NODE_RANK_]                     :0
host_params[_NODE_SIZE_]                     :1
host_params[_DAGGER_]                        :0
host_params[_MAX_ITER_]                      :1000
host_params[_DATA_TYPE_]                     :2
host_params[_SET_INDEX_]                     :0
host_params[_SET_PLAN_]                      :2
host_params[_MG_NUM_LEVEL_]                  :0
host_params[_MG_LEVEL_INDEX_]                :0
host_params[_MG_LEVEL1_E_]                   :0
host_params[_MG_LEVEL1_X_]                   :0
host_params[_MG_LEVEL1_Y_]                   :0
host_params[_MG_LEVEL1_Z_]                   :0
host_params[_MG_LEVEL1_T_]                   :0
host_params[_MG_LEVEL1_MAX_ITER_]            :0
host_params[_MG_LEVEL1_DATA_TYPE_]           :0
host_params[_MG_LEVEL1_NUM_RESTART_]         :0
host_params[_MG_LEVEL2_E_]                   :0
host_params[_MG_LEVEL2_X_]                   :0
host_params[_MG_LEVEL2_Y_]                   :0
host_params[_MG_LEVEL2_Z_]                   :0
host_params[_MG_LEVEL2_T_]                   :0
host_params[_MG_LEVEL2_MAX_ITER_]            :0
host_params[_MG_LEVEL2_DATA_TYPE_]           :0
host_params[_MG_LEVEL2_NUM_RESTART_]         :0
host_params[_MG_LEVEL3_E_]                   :0
host_params[_MG_LEVEL3_X_]                   :0
host_params[_MG_LEVEL3_Y_]                   :0
host_params[_MG_LEVEL3_Z_]                   :0
host_params[_MG_LEVEL3_T_]                   :0
host_params[_MG_LEVEL3_MAX_ITER_]            :0
host_params[_MG_LEVEL3_DATA_TYPE_]           :0
host_params[_MG_LEVEL3_NUM_RESTART_]         :0
host_params[_MG_LEVEL4_E_]                   :0
host_params[_MG_LEVEL4_X_]                   :0
host_params[_MG_LEVEL4_Y_]                   :0
host_params[_MG_LEVEL4_Z_]                   :0
host_params[_MG_LEVEL4_T_]                   :0
host_params[_MG_LEVEL4_MAX_ITER_]            :0
host_params[_MG_LEVEL4_DATA_TYPE_]           :0
host_params[_MG_LEVEL4_NUM_RESTART_]         :0
host_params[_MG_PARAMS_SIZE_]                :1
host_params[_VERBOSE_]                       :1
host_params[_SEED_]                          :42
host_params[_TEST_IN_CPU_]                   :0
host_argv[_MASS_]                            :5.000000e-02
host_argv[_ATOL_]                            :1.000000e-09
host_argv[_SIGMA_]                           :1.000000e-01
host_argv[_MG_LEVEL1_ATOL_]                  :0.000000e+00
host_argv[_MG_LEVEL2_ATOL_]                  :0.000000e+00
host_argv[_MG_LEVEL3_ATOL_]                  :0.000000e+00
host_argv[_MG_LEVEL4_ATOL_]                  :0.000000e+00
lat_2dim[_XY_]                               :64
lat_2dim[_XZ_]                               :64
lat_2dim[_XT_]                               :64
lat_2dim[_YZ_]                               :64
lat_2dim[_YT_]                               :64
lat_2dim[_ZT_]                               :64
lat_3dim[_YZT_]                              :512
lat_3dim[_XZT_]                              :512
lat_3dim[_XYT_]                              :512
lat_3dim[_XYZ_]                              :512
lat_4dim                                     :4096
grid_1dim[_X_]                               :1
grid_1dim[_Y_]                               :1
grid_1dim[_Z_]                               :1
grid_1dim[_T_]                               :1
grid_2dim[_XY_]                              :1
grid_2dim[_XZ_]                              :1
grid_2dim[_XT_]                              :1
grid_2dim[_YZ_]                              :1
grid_2dim[_YT_]                              :1
grid_2dim[_ZT_]                              :1
grid_3dim[_YZT_]                             :1
grid_3dim[_XZT_]                             :1
grid_3dim[_XYT_]                             :1
grid_3dim[_XYZ_]                             :1
grid_index_1dim[_X_]                         :0
grid_index_1dim[_Y_]                         :0
grid_index_1dim[_Z_]                         :0
grid_index_1dim[_T_]                         :0
move_wards[_B_X_]                            :0
move_wards[_B_Y_]                            :0
move_wards[_B_Z_]                            :0
move_wards[_B_T_]                            :0
move_wards[_F_X_]                            :0
move_wards[_F_Y_]                            :0
move_wards[_F_Z_]                            :0
move_wards[_F_T_]                            :0
move_wards[_BX_BY_]                          :0
move_wards[_BX_BZ_]                          :0
move_wards[_BX_BT_]                          :0
move_wards[_BY_BZ_]                          :0
move_wards[_BY_BT_]                          :0
move_wards[_BZ_BT_]                          :0
move_wards[_FX_BY_]                          :0
move_wards[_FX_BZ_]                          :0
move_wards[_FX_BT_]                          :0
move_wards[_FY_BZ_]                          :0
move_wards[_FY_BT_]                          :0
move_wards[_FZ_BT_]                          :0
move_wards[_BX_FY_]                          :0
move_wards[_BX_FZ_]                          :0
move_wards[_BX_FT_]                          :0
move_wards[_BY_FZ_]                          :0
move_wards[_BY_FT_]                          :0
move_wards[_BZ_FT_]                          :0
move_wards[_FX_FY_]                          :0
move_wards[_FX_FZ_]                          :0
move_wards[_FX_FT_]                          :0
move_wards[_FY_FZ_]                          :0
move_wards[_FY_FT_]                          :0
move_wards[_FZ_FT_]                          :0
lattice set whole time:0.137247910 sec
lattice set end total time:0.002100305 sec
set_ptr:0x58ae4505aa10
set_ptrs:0x58ae4585bf80
long long set_ptr:97505505552912
gridDim.x                                    :32
blockDim.x                                   :128
host_params[_LAT_X_]                         :8
host_params[_LAT_Y_]                         :8
host_params[_LAT_Z_]                         :8
host_params[_LAT_T_]                         :8
host_params[_LAT_XYZT_]                      :4096
host_params[_GRID_X_]                        :1
host_params[_GRID_Y_]                        :1
host_params[_GRID_Z_]                        :1
host_params[_GRID_T_]                        :1
host_params[_PARITY_]                        :1
host_params[_NODE_RANK_]                     :0
host_params[_NODE_SIZE_]                     :1
host_params[_DAGGER_]                        :0
host_params[_MAX_ITER_]                      :1000
host_params[_DATA_TYPE_]                     :2
host_params[_SET_INDEX_]                     :1
host_params[_SET_PLAN_]                      :2
host_params[_MG_NUM_LEVEL_]                  :0
host_params[_MG_LEVEL_INDEX_]                :0
host_params[_MG_LEVEL1_E_]                   :0
host_params[_MG_LEVEL1_X_]                   :0
host_params[_MG_LEVEL1_Y_]                   :0
host_params[_MG_LEVEL1_Z_]                   :0
host_params[_MG_LEVEL1_T_]                   :0
host_params[_MG_LEVEL1_MAX_ITER_]            :0
host_params[_MG_LEVEL1_DATA_TYPE_]           :0
host_params[_MG_LEVEL1_NUM_RESTART_]         :0
host_params[_MG_LEVEL2_E_]                   :0
host_params[_MG_LEVEL2_X_]                   :0
host_params[_MG_LEVEL2_Y_]                   :0
host_params[_MG_LEVEL2_Z_]                   :0
host_params[_MG_LEVEL2_T_]                   :0
host_params[_MG_LEVEL2_MAX_ITER_]            :0
host_params[_MG_LEVEL2_DATA_TYPE_]           :0
host_params[_MG_LEVEL2_NUM_RESTART_]         :0
host_params[_MG_LEVEL3_E_]                   :0
host_params[_MG_LEVEL3_X_]                   :0
host_params[_MG_LEVEL3_Y_]                   :0
host_params[_MG_LEVEL3_Z_]                   :0
host_params[_MG_LEVEL3_T_]                   :0
host_params[_MG_LEVEL3_MAX_ITER_]            :0
host_params[_MG_LEVEL3_DATA_TYPE_]           :0
host_params[_MG_LEVEL3_NUM_RESTART_]         :0
host_params[_MG_LEVEL4_E_]                   :0
host_params[_MG_LEVEL4_X_]                   :0
host_params[_MG_LEVEL4_Y_]                   :0
host_params[_MG_LEVEL4_Z_]                   :0
host_params[_MG_LEVEL4_T_]                   :0
host_params[_MG_LEVEL4_MAX_ITER_]            :0
host_params[_MG_LEVEL4_DATA_TYPE_]           :0
host_params[_MG_LEVEL4_NUM_RESTART_]         :0
host_params[_MG_PARAMS_SIZE_]                :1
host_params[_VERBOSE_]                       :1
host_params[_SEED_]                          :42
host_params[_TEST_IN_CPU_]                   :0
host_argv[_MASS_]                            :5.000000e-02
host_argv[_ATOL_]                            :1.000000e-09
host_argv[_SIGMA_]                           :1.000000e-01
host_argv[_MG_LEVEL1_ATOL_]                  :0.000000e+00
host_argv[_MG_LEVEL2_ATOL_]                  :0.000000e+00
host_argv[_MG_LEVEL3_ATOL_]                  :0.000000e+00
host_argv[_MG_LEVEL4_ATOL_]                  :0.000000e+00
lat_2dim[_XY_]                               :64
lat_2dim[_XZ_]                               :64
lat_2dim[_XT_]                               :64
lat_2dim[_YZ_]                               :64
lat_2dim[_YT_]                               :64
lat_2dim[_ZT_]                               :64
lat_3dim[_YZT_]                              :512
lat_3dim[_XZT_]                              :512
lat_3dim[_XYT_]                              :512
lat_3dim[_XYZ_]                              :512
lat_4dim                                     :4096
grid_1dim[_X_]                               :1
grid_1dim[_Y_]                               :1
grid_1dim[_Z_]                               :1
grid_1dim[_T_]                               :1
grid_2dim[_XY_]                              :1
grid_2dim[_XZ_]                              :1
grid_2dim[_XT_]                              :1
grid_2dim[_YZ_]                              :1
grid_2dim[_YT_]                              :1
grid_2dim[_ZT_]                              :1
grid_3dim[_YZT_]                             :1
grid_3dim[_XZT_]                             :1
grid_3dim[_XYT_]                             :1
grid_3dim[_XYZ_]                             :1
grid_index_1dim[_X_]                         :0
grid_index_1dim[_Y_]                         :0
grid_index_1dim[_Z_]                         :0
grid_index_1dim[_T_]                         :0
move_wards[_B_X_]                            :0
move_wards[_B_Y_]                            :0
move_wards[_B_Z_]                            :0
move_wards[_B_T_]                            :0
move_wards[_F_X_]                            :0
move_wards[_F_Y_]                            :0
move_wards[_F_Z_]                            :0
move_wards[_F_T_]                            :0
move_wards[_BX_BY_]                          :0
move_wards[_BX_BZ_]                          :0
move_wards[_BX_BT_]                          :0
move_wards[_BY_BZ_]                          :0
move_wards[_BY_BT_]                          :0
move_wards[_BZ_BT_]                          :0
move_wards[_FX_BY_]                          :0
move_wards[_FX_BZ_]                          :0
move_wards[_FX_BT_]                          :0
move_wards[_FY_BZ_]                          :0
move_wards[_FY_BT_]                          :0
move[result] /root/PyQCU/examples/qcu/dev87/out/qcu_clover_mg.json
[result] /root/PyQCU/examples/qcu/dev87/out/qcu_mg_current_3l_gcr_v.json
{
  "lat": [
    8,
    8,
    8,
    16
  ],
  "mass": 0.05,
  "atol": 1e-06,
  "levels": 3,
  "E": [
    24,
    24
  ],
  "nvi": 1,
  "fine_dtype": "c64",
  "coarse_dtypes": [
    "c64",
    "c64"
  ],
  "mg_grid": [
    2,
    2,
    2,
    2
  ],
  "restart": 5,
  "coarse_max_iter": 15,
  "coarse_tol_factor": 3000.0,
  "max_iter": 1000,
  "mu_pre": 4,
  "solver": "gcr",
  "gcr": true,
  "smoother": "cg",
  "cycle": "v",
  "deflate": false,
  "warm_requested": false,
  "mg_wall_s": 0.6552001829841174,
  "rel_diff_vs_bistabcg": 7.903399819042534e-07,
  "history_len": 24,
  "history_final": 0.0001788707,
  "true_residual_rel": 5.938246588337755e-07,
  "label": "current_3l_gcr_v"
}
_wards[_FZ_BT_]                          :0
move_wards[_BX_FY_]                          :0
move_wards[_BX_FZ_]                          :0
move_wards[_BX_FT_]                          :0
move_wards[_BY_FZ_]                          :0
move_wards[_BY_FT_]                          :0
move_wards[_BZ_FT_]                          :0
move_wards[_FX_FY_]                          :0
move_wards[_FX_FZ_]                          :0
move_wards[_FX_FT_]                          :0
move_wards[_FY_FZ_]                          :0
move_wards[_FY_FT_]                          :0
move_wards[_FZ_FT_]                          :0
lattice set whole time:0.021458336 sec
lattice set end total time:0.004129707 sec
PYQCU::SOLVER::MULTIGRID::
 self.dof_list:[12, 24, 24]
 self.lat_size_list:[[8, 8, 8, 8], [4, 4, 4, 4], [2, 2, 2, 2]]
 num_restart:5
 tol:1.000000e-06
 max_iter:1000
 Lt_full:16
 mg_grid_size:[2,2,2,2]
 smoother:CG
 cycle:V
PYQCU::QCU::MULTIGRID::
 MG_INIT_COMPLETE: 3 levels, Lt_full=16, num_restart=5, smoother=CG, cycle=V
PYQCU::SOLVER::MULTIGRID::
 2: FUSED-PARALLEL coarse solve (24 dof, 2x2x2x2, grid=2) in 4.556128 ms
PYQCU::SOLVER::MULTIGRID::
 2: FUSED-PARALLEL coarse solve (24 dof, 2x2x2x2, grid=2) in 15.285865 ms
PYQCU::SOLVER::MULTIGRID::
 2: FUSED-PARALLEL coarse solve (24 dof, 2x2x2x2, grid=2) in 13.918796 ms
PYQCU::SOLVER::MULTIGRID::
 2: FUSED-PARALLEL coarse solve (24 dof, 2x2x2x2, grid=2) in 10.509426 ms
PYQCU::SOLVER::MULTIGRID::
 2: FUSED-PARALLEL coarse solve (24 dof, 2x2x2x2, grid=2) in 14.699336 ms
PYQCU::SOLVER::MULTIGRID::
 2: FUSED-PARALLEL coarse solve (24 dof, 2x2x2x2, grid=2) in 9.673784 ms
PYQCU::SOLVER::MULTIGRID::
 2: FUSED-PARALLEL coarse solve (24 dof, 2x2x2x2, grid=2) in 13.576379 ms
PYQCU::SOLVER::MULTIGRID::
 2: FUSED-PARALLEL coarse solve (24 dof, 2x2x2x2, grid=2) in 12.955648 ms
PYQCU::SOLVER::MULTIGRID::
 2: FUSED-PARALLEL coarse solve (24 dof, 2x2x2x2, grid=2) in 11.492075 ms
PYQCU::SOLVER::MULTIGRID::
 2: FUSED-PARALLEL coarse solve (24 dof, 2x2x2x2, grid=2) in 10.348218 ms
PYQCU::SOLVER::MULTIGRID::
 2: FUSED-PARALLEL coarse solve (24 dof, 2x2x2x2, grid=2) in 9.722287 ms
PYQCU::SOLVER::MULTIGRID::
 2: FUSED-PARALLEL coarse solve (24 dof, 2x2x2x2, grid=2) in 12.517427 ms
PYQCU::SOLVER::MULTIGRID::
 2: FUSED-PARALLEL coarse solve (24 dof, 2x2x2x2, grid=2) in 12.589730 ms
PYQCU::SOLVER::MULTIGRID::
 2: FUSED-PARALLEL coarse solve (24 dof, 2x2x2x2, grid=2) in 11.489675 ms
PYQCU::SOLVER::MULTIGRID::
 2: FUSED-PARALLEL coarse solve (24 dof, 2x2x2x2, grid=2) in 9.678284 ms
PYQCU::SOLVER::MULTIGRID::
 2: FUSED-PARALLEL coarse solve (24 dof, 2x2x2x2, grid=2) in 13.237762 ms
PYQCU::SOLVER::MULTIGRID::
 2: FUSED-PARALLEL coarse solve (24 dof, 2x2x2x2, grid=2) in 12.441523 ms
PYQCU::SOLVER::MULTIGRID::
 2: FUSED-PARALLEL coarse solve (24 dof, 2x2x2x2, grid=2) in 10.323817 ms
PYQCU::SOLVER::MULTIGRID::
 2: FUSED-PARALLEL coarse solve (24 dof, 2x2x2x2, grid=2) in 10.877345 ms
PYQCU::SOLVER::MULTIGRID::
 2: FUSED-PARALLEL coarse solve (24 dof, 2x2x2x2, grid=2) in 11.290164 ms
PYQCU::SOLVER::MULTIGRID::
 2: FUSED-PARALLEL coarse solve (24 dof, 2x2x2x2, grid=2) in 11.586880 ms
PYQCU::SOLVER::MULTIGRID::
 FGMRES Performance:
PYQCU::SOLVER::MULTIGRID::
 Total FGMRES iters: 21
PYQCU::SOLVER::MULTIGRID::
 Total time: 0.653553 s
PYQCU::SOLVER::MULTIGRID::
 Avg per iter: 0.030340 s
PYQCU::SOLVER::MULTIGRID::
 Final res: 1.788707e-04
PROF_SECTIONS: fine_iter=637.1ms vcycle=567.8ms n_vcycles=21
MG init=0.5ms end=0.6ms solve=653.6ms
lattice set whole time:0.695405884 sec
