\BOOKMARK [1][-]{section.1}{\376\377\203\003\126\364\060\001\232\214\145\066\116\016\213\301\143\156\173\111\176\247}{}% 1
\BOOKMARK [1][-]{section.2}{\376\377\123\314\000\040\000P\0001\0000\0000\000\040\227\136\154\325\213\277\225\356\166\204\150\071\126\340\116\016\117\356\131\015}{}% 2
\BOOKMARK [2][-]{subsection.2.1}{\376\377\213\276\131\007\176\321\133\232\150\071\126\340}{section.2}% 3
\BOOKMARK [2][-]{subsection.2.2}{\376\377\000p\000a\000c\000k\000\040\000k\000e\000r\000n\000e\000l\000\040\217\271\165\114\150\071\126\340}{section.2}% 4
\BOOKMARK [1][-]{section.3}{\376\377\167\037\153\143\166\204\122\006\136\003\137\017\217\223\121\145\116\016\174\227\134\102\220\032\117\341\117\030\123\026}{}% 5
\BOOKMARK [2][-]{subsection.3.1}{\376\377\000r\000a\000n\000k\000-\000s\000l\000i\000c\000e\000d\000\040\000H\000D\000F\0005}{section.3}% 6
\BOOKMARK [2][-]{subsection.3.2}{\376\377\000S\000t\000r\000i\000c\000t\000-\000M\000G\000\040\145\160\143\156\215\357\137\204\117\030\123\026}{section.3}% 7
\BOOKMARK [1][-]{section.4}{\376\377\000Q\000U\000D\000A\000\040\166\204\117\030\122\277\116\016\000\040\000P\000y\000Q\000C\000U\000\040\166\204\122\151\117\131\167\355\147\177}{}% 8
\BOOKMARK [2][-]{subsection.4.1}{\376\377\000Q\000U\000D\000A\000\040\166\204\176\323\147\204\140\047\117\030\122\277}{section.4}% 9
\BOOKMARK [2][-]{subsection.4.2}{\376\377\000P\000y\000Q\000C\000U\000\040\166\204\122\151\117\131\167\355\147\177}{section.4}% 10
\BOOKMARK [2][-]{subsection.4.3}{\376\377\116\044\147\141\131\061\215\045\117\030\123\026\215\357\137\204}{section.4}% 11
\BOOKMARK [1][-]{section.5}{\376\377\155\113\213\325\123\117\213\256\116\016\211\206\166\326}{}% 12
\BOOKMARK [1][-]{section.6}{\376\377\140\047\200\375\176\323\147\234}{}% 13
\BOOKMARK [2][-]{subsection.6.1}{\376\377\140\073\211\310}{section.6}% 14
\BOOKMARK [2][-]{subsection.6.2}{\376\377\220\020\134\102\200\027\145\366}{section.6}% 15
\BOOKMARK [2][-]{subsection.6.3}{\376\377\153\213\135\356}{section.6}% 16
\BOOKMARK [1][-]{section.7}{\376\377\153\143\170\156\140\047\116\016\135\345\172\013\232\214\213\301}{}% 17
\BOOKMARK [1][-]{section.8}{\376\377\220\127\165\131\225\356\230\230\116\016\220\002\165\050\217\271\165\114}{}% 18
\BOOKMARK [1][-]{section.9}{\376\377\131\015\163\260\116\016\116\247\162\151}{}% 19
\BOOKMARK [1][-]{section.10}{\376\377\176\323\213\272}{}% 20
